Archive member included to satisfy reference by file (symbol)

e:/environment/9 2019-q4-major/bin/../lib/gcc/arm-none-eabi/9.2.1/thumb/v7e-m+fp/hard\libgcc.a(_arm_muldf3.o)
                              CMakeFiles/h750_blink.elf.dir/Core/Src/kalman.c.obj (__aeabi_dmul)
e:/environment/9 2019-q4-major/bin/../lib/gcc/arm-none-eabi/9.2.1/thumb/v7e-m+fp/hard\libgcc.a(_arm_addsubdf3.o)
                              CMakeFiles/h750_blink.elf.dir/Core/Src/kalman.c.obj (__aeabi_dsub)
e:/environment/9 2019-q4-major/bin/../lib/gcc/arm-none-eabi/9.2.1/thumb/v7e-m+fp/hard\libgcc.a(_arm_muldivdf3.o)
                              CMakeFiles/h750_blink.elf.dir/Core/Src/kalman.c.obj (__aeabi_ddiv)
e:/environment/9 2019-q4-major/bin/../lib/gcc/arm-none-eabi/9.2.1/thumb/v7e-m+fp/hard\libgcc.a(_arm_cmpdf2.o)
                              CMakeFiles/h750_blink.elf.dir/Core/Src/main.c.obj (__aeabi_dcmplt)
e:/environment/9 2019-q4-major/bin/../lib/gcc/arm-none-eabi/9.2.1/thumb/v7e-m+fp/hard\libgcc.a(_aeabi_uldivmod.o)
                              CMakeFiles/h750_blink.elf.dir/Drivers/STM32H7xx_HAL_Driver/Src/stm32h7xx_hal_uart.c.obj (__aeabi_uldivmod)
e:/environment/9 2019-q4-major/bin/../lib/gcc/arm-none-eabi/9.2.1/thumb/v7e-m+fp/hard\libgcc.a(_udivmoddi4.o)
                              e:/environment/9 2019-q4-major/bin/../lib/gcc/arm-none-eabi/9.2.1/thumb/v7e-m+fp/hard\libgcc.a(_aeabi_uldivmod.o) (__udivmoddi4)
e:/environment/9 2019-q4-major/bin/../lib/gcc/arm-none-eabi/9.2.1/thumb/v7e-m+fp/hard\libgcc.a(_dvmd_tls.o)
                              e:/environment/9 2019-q4-major/bin/../lib/gcc/arm-none-eabi/9.2.1/thumb/v7e-m+fp/hard\libgcc.a(_aeabi_uldivmod.o) (__aeabi_ldiv0)
e:/environment/9 2019-q4-major/bin/../lib/gcc/arm-none-eabi/9.2.1/../../../../arm-none-eabi/lib/thumb/v7e-m+fp/hard\libg.a(lib_a-errno.o)
                              CMakeFiles/h750_blink.elf.dir/Core/Src/retarget.c.obj (__errno)
e:/environment/9 2019-q4-major/bin/../lib/gcc/arm-none-eabi/9.2.1/../../../../arm-none-eabi/lib/thumb/v7e-m+fp/hard\libg.a(lib_a-exit.o)
                              e:/environment/9 2019-q4-major/bin/../lib/gcc/arm-none-eabi/9.2.1/../../../../arm-none-eabi/lib/thumb/v7e-m+fp/hard/crt0.o (exit)
e:/environment/9 2019-q4-major/bin/../lib/gcc/arm-none-eabi/9.2.1/../../../../arm-none-eabi/lib/thumb/v7e-m+fp/hard\libg.a(lib_a-impure.o)
                              e:/environment/9 2019-q4-major/bin/../lib/gcc/arm-none-eabi/9.2.1/../../../../arm-none-eabi/lib/thumb/v7e-m+fp/hard\libg.a(lib_a-exit.o) (_global_impure_ptr)
e:/environment/9 2019-q4-major/bin/../lib/gcc/arm-none-eabi/9.2.1/../../../../arm-none-eabi/lib/thumb/v7e-m+fp/hard\libg.a(lib_a-init.o)
                              e:/environment/9 2019-q4-major/bin/../lib/gcc/arm-none-eabi/9.2.1/../../../../arm-none-eabi/lib/thumb/v7e-m+fp/hard/crt0.o (__libc_init_array)
e:/environment/9 2019-q4-major/bin/../lib/gcc/arm-none-eabi/9.2.1/../../../../arm-none-eabi/lib/thumb/v7e-m+fp/hard\libg.a(lib_a-memset.o)
                              e:/environment/9 2019-q4-major/bin/../lib/gcc/arm-none-eabi/9.2.1/../../../../arm-none-eabi/lib/thumb/v7e-m+fp/hard/crt0.o (memset)
e:/environment/9 2019-q4-major/bin/../lib/gcc/arm-none-eabi/9.2.1/../../../../arm-none-eabi/lib/thumb/v7e-m+fp/hard\libg.a(lib_a-printf.o)
                              CMakeFiles/h750_blink.elf.dir/Core/Src/main.c.obj (printf)
e:/environment/9 2019-q4-major/bin/../lib/gcc/arm-none-eabi/9.2.1/../../../../arm-none-eabi/lib/thumb/v7e-m+fp/hard\libg.a(lib_a-setvbuf.o)
                              CMakeFiles/h750_blink.elf.dir/Core/Src/retarget.c.obj (setvbuf)
e:/environment/9 2019-q4-major/bin/../lib/gcc/arm-none-eabi/9.2.1/../../../../arm-none-eabi/lib/thumb/v7e-m+fp/hard\libg.a(lib_a-strlen.o)
                              CMakeFiles/h750_blink.elf.dir/Core/Src/gui.c.obj (strlen)
e:/environment/9 2019-q4-major/bin/../lib/gcc/arm-none-eabi/9.2.1/../../../../arm-none-eabi/lib/thumb/v7e-m+fp/hard\libg.a(lib_a-vfprintf.o)
                              e:/environment/9 2019-q4-major/bin/../lib/gcc/arm-none-eabi/9.2.1/../../../../arm-none-eabi/lib/thumb/v7e-m+fp/hard\libg.a(lib_a-printf.o) (_vfprintf_r)
e:/environment/9 2019-q4-major/bin/../lib/gcc/arm-none-eabi/9.2.1/../../../../arm-none-eabi/lib/thumb/v7e-m+fp/hard\libg.a(lib_a-wsetup.o)
                              e:/environment/9 2019-q4-major/bin/../lib/gcc/arm-none-eabi/9.2.1/../../../../arm-none-eabi/lib/thumb/v7e-m+fp/hard\libg.a(lib_a-vfprintf.o) (__swsetup_r)
e:/environment/9 2019-q4-major/bin/../lib/gcc/arm-none-eabi/9.2.1/../../../../arm-none-eabi/lib/thumb/v7e-m+fp/hard\libg.a(lib_a-__call_atexit.o)
                              e:/environment/9 2019-q4-major/bin/../lib/gcc/arm-none-eabi/9.2.1/../../../../arm-none-eabi/lib/thumb/v7e-m+fp/hard\libg.a(lib_a-exit.o) (__call_exitprocs)
e:/environment/9 2019-q4-major/bin/../lib/gcc/arm-none-eabi/9.2.1/../../../../arm-none-eabi/lib/thumb/v7e-m+fp/hard\libg.a(lib_a-atexit.o)
[...]
Memory Configuration

Name             Origin             Length             Attributes
FLASH            0x08000000         0x00020000         xr
DTCMRAM          0x20000000         0x00020000         xrw
RAM_D1           0x24000000         0x00080000         xrw
RAM_D2           0x30000000         0x00048000         xrw
RAM_D3           0x38000000         0x00010000         xrw
ITCMRAM          0x00000000         0x00010000         xrw
*default*        0x00000000         0xffffffff

Linker script and memory map

LOAD e:/environment/9 2019-q4-major/bin/../lib/gcc/arm-none-eabi/9.2.1/thumb/v7e-m+fp/hard/crti.o
LOAD e:/environment/9 2019-q4-major/bin/../lib/gcc/arm-none-eabi/9.2.1/thumb/v7e-m+fp/hard/crtbegin.o
LOAD e:/environment/9 2019-q4-major/bin/../lib/gcc/arm-none-eabi/9.2.1/../../../../arm-none-eabi/lib/thumb/v7e-m+fp/hard/crt0.o
LOAD CMakeFiles/h750_blink.elf.dir/Core/Src/delay.c.obj
LOAD CMakeFiles/h750_blink.elf.dir/Core/Src/gpio.c.obj
LOAD CMakeFiles/h750_blink.elf.dir/Core/Src/gui.c.obj
LOAD CMakeFiles/h750_blink.elf.dir/Core/Src/kalman.c.obj
LOAD CMakeFiles/h750_blink.elf.dir/Core/Src/lcd.c.obj
LOAD CMakeFiles/h750_blink.elf.dir/Core/Src/main.c.obj
LOAD CMakeFiles/h750_blink.elf.dir/Core/Src/retarget.c.obj
LOAD CMakeFiles/h750_blink.elf.dir/Core/Src/ruanjianspi.c.obj
LOAD CMakeFiles/h750_blink.elf.dir/Core/Src/sevor.c.obj
LOAD CMakeFiles/h750_blink.elf.dir/Core/Src/step_motor.c.obj
LOAD CMakeFiles/h750_blink.elf.dir/Core/Src/stm32h7xx_hal_msp.c.obj
LOAD CMakeFiles/h750_blink.elf.dir/Core/Src/stm32h7xx_it.c.obj
LOAD CMakeFiles/h750_blink.elf.dir/Core/Src/syscalls.c.obj
LOAD CMakeFiles/h750_blink.elf.dir/Core/Src/sysmem.c.obj
LOAD CMakeFiles/h750_blink.elf.dir/Core/Src/system_stm32h7xx.c.obj
LOAD CMakeFiles/h750_blink.elf.dir/Core/Src/tim.c.obj
LOAD CMakeFiles/h750_blink.elf.dir/Core/Src/usart.c.obj
LOAD CMakeFiles/h750_blink.elf.dir/Core/Startup/startup_stm32h750vbtx.s.obj
LOAD CMakeFiles/h750_blink.elf.dir/Drivers/STM32H7xx_HAL_Driver/Src/stm32h7xx_hal.c.obj
LOAD CMakeFiles/h750_blink.elf.dir/Drivers/STM32H7xx_HAL_Driver/Src/stm32h7xx_hal_cortex.c.obj
LOAD CMakeFiles/h750_blink.elf.dir/Drivers/STM32H7xx_HAL_Driver/Src/stm32h7xx_hal_dma.c.obj
LOAD CMakeFiles/h750_blink.elf.dir/Drivers/STM32H7xx_HAL_Driver/Src/stm32h7xx_hal_dma_ex.c.obj
LOAD CMakeFiles/h750_blink.elf.dir/Drivers/STM32H7xx_HAL_Driver/Src/stm32h7xx_hal_exti.c.obj
LOAD CMakeFiles/h750_blink.elf.dir/Drivers/STM32H7xx_HAL_Driver/Src/stm32h7xx_hal_flash.c.obj
LOAD CMakeFiles/h750_blink.elf.dir/Drivers/STM32H7xx_HAL_Driver/Src/stm32h7xx_hal_flash_ex.c.obj
LOAD CMakeFiles/h750_blink.elf.dir/Drivers/STM32H7xx_HAL_Driver/Src/stm32h7xx_hal_gpio.c.obj
LOAD CMakeFiles/h750_blink.elf.dir/Drivers/STM32H7xx_HAL_Driver/Src/stm32h7xx_hal_hsem.c.obj
LOAD CMakeFiles/h750_blink.elf.dir/Drivers/STM32H7xx_HAL_Driver/Src/stm32h7xx_hal_i2c.c.obj
LOAD CMakeFiles/h750_blink.elf.dir/Drivers/STM32H7xx_HAL_Driver/Src/stm32h7xx_hal_i2c_ex.c.obj
LOAD CMakeFiles/h750_blink.elf.dir/Drivers/STM32H7xx_HAL_Driver/Src/stm32h7xx_hal_mdma.c.obj
LOAD CMakeFiles/h750_blink.elf.dir/Drivers/STM32H7xx_HAL_Driver/Src/stm32h7xx_hal_pwr.c.obj
LOAD CMakeFiles/h750_blink.elf.dir/Drivers/STM32H7xx_HAL_Driver/Src/stm32h7xx_hal_pwr_ex.c.obj
LOAD CMakeFiles/h750_blink.elf.dir/Drivers/STM32H7xx_HAL_Driver/Src/stm32h7xx_hal_rcc.c.obj
LOAD CMakeFiles/h750_blink.elf.dir/Drivers/STM32H7xx_HAL_Driver/Src/stm32h7xx_hal_rcc_ex.c.obj
LOAD CMakeFiles/h750_blink.elf.dir/Drivers/STM32H7xx_HAL_Driver/Src/stm32h7xx_hal_tim.c.obj
LOAD CMakeFiles/h750_blink.elf.dir/Drivers/STM32H7xx_HAL_Driver/Src/stm32h7xx_hal_tim_ex.c.obj
LOAD CMakeFiles/h750_blink.elf.dir/Drivers/STM32H7xx_HAL_Driver/Src/stm32h7xx_hal_uart.c.obj
LOAD CMakeFiles/h750_blink.elf.dir/Drivers/STM32H7xx_HAL_Driver/Src/stm32h7xx_hal_uart_ex.c.obj
START GROUP
LOAD e:/environment/9 2019-q4-major/bin/../lib/gcc/arm-none-eabi/9.2.1/thumb/v7e-m+fp/hard\libgcc.a
LOAD e:/environment/9 2019-q4-major/bin/../lib/gcc/arm-none-eabi/9.2.1/../../../../arm-none-eabi/lib/thumb/v7e-m+fp/hard\libg.a
LOAD e:/environment/9 2019-q4-major/bin/../lib/gcc/arm-none-eabi/9.2.1/../../../../arm-none-eabi/lib/thumb/v7e-m+fp/hard\libc.a
END GROUP
LOAD e:/environment/9 2019-q4-major/bin/../lib/gcc/arm-none-eabi/9.2.1/thumb/v7e-m+fp/hard/crtend.o
LOAD e:/environment/9 2019-q4-major/bin/../lib/gcc/arm-none-eabi/9.2.1/thumb/v7e-m+fp/hard/crtn.o
                0x24080000                _estack = (ORIGIN (RAM_D1) + LENGTH (RAM_D1))
                0x00000200                _Min_Heap_Size = 0x200
                0x00000400                _Min_Stack_Size = 0x400

.isr_vector     0x08000000      0x298
                0x08000000                . = ALIGN (0x4)
 *(.isr_vector)
 .isr_vector    0x08000000      0x298 CMakeFiles/h750_blink.elf.dir/Core/Startup/startup_stm32h750vbtx.s.obj
                0x08000000                g_pfnVectors
                0x08000298                . = ALIGN (0x4)

.text           0x080002c0     0xc000
                0x080002c0                . = ALIGN (0x4)
 *(.text)
 .text          0x080002c0       0x40 e:/environment/9 2019-q4-major/bin/../lib/gcc/arm-none-eabi/9.2.1/thumb/v7e-m+fp/hard/crtbegin.o
 .text          0x08000300      0x378 e:/environment/9 2019-q4-major/bin/../lib/gcc/arm-none-eabi/9.2.1/thumb/v7e-m+fp/hard\libgcc.a(_arm_addsubdf3.o)
                0x08000300                __aeabi_drsub
                0x08000308                __aeabi_dsub
                0x08000308                __subdf3
                0x0800030c                __aeabi_dadd
                0x0800030c                __adddf3
                0x08000584                __floatunsidf
                0x08000584                __aeabi_ui2d
                0x080005a4                __floatsidf
                0x080005a4                __aeabi_i2d
                0x080005c8                __aeabi_f2d
                0x080005c8                __extendsfdf2
                0x0800060c                __floatundidf
                0x0800060c                __aeabi_ul2d
                0x0800061c                __floatdidf
                0x0800061c                __aeabi_l2d
 .text          0x08000678      0x424 e:/environment/9 2019-q4-major/bin/../lib/gcc/arm-none-eabi/9.2.1/thumb/v7e-m+fp/hard\libgcc.a(_arm_muldivdf3.o)
                0x08000678                __aeabi_dmul
                0x08000678                __muldf3
                0x080008cc                __divdf3
                0x080008cc                __aeabi_ddiv
 .text          0x08000a9c      0x110 e:/environment/9 2019-q4-major/bin/../lib/gcc/arm-none-eabi/9.2.1/thumb/v7e-m+fp/hard\libgcc.a(_arm_cmpdf2.o)
                0x08000a9c                __gtdf2
                0x08000a9c                __gedf2
                0x08000aa4                __ltdf2
                0x08000aa4                __ledf2
                0x08000aac                __nedf2
                0x08000aac                __eqdf2
                0x08000aac                __cmpdf2
                0x08000b28                __aeabi_cdrcmple
                0x08000b38                __aeabi_cdcmpeq
                0x08000b38                __aeabi_cdcmple
                0x08000b48                __aeabi_dcmpeq
                0x08000b5c                __aeabi_dcmplt
                0x08000b70                __aeabi_dcmple
                0x08000b84                __aeabi_dcmpge
                0x08000b98                __aeabi_dcmpgt
 .text          0x08000bac       0x30 e:/environment/9 2019-q4-major/bin/../lib/gcc/arm-none-eabi/9.2.1/thumb/v7e-m+fp/hard\libgcc.a(_aeabi_uldivmod.o)
                0x08000bac                __aeabi_uldivmod
 .text          0x08000bdc      0x2c4 e:/environment/9 2019-q4-major/bin/../lib/gcc/arm-none-eabi/9.2.1/thumb/v7e-m+fp/hard\libgcc.a(_udivmoddi4.o)
                0x08000bdc                __udivmoddi4
 .text          0x08000ea0        0x4 e:/environment/9 2019-q4-major/bin/../lib/gcc/arm-none-eabi/9.2.1/thumb/v7e-m+fp/hard\libgcc.a(_dvmd_tls.o)
                0x08000ea0                __aeabi_idiv0
                0x08000ea0                __aeabi_ldiv0
 *fill*         0x08000ea4       0x1c 
 .text          0x08000ec0       0xdc e:/environment/9 2019-q4-major/bin/../lib/gcc/arm-none-eabi/9.2.1/../../../../arm-none-eabi/lib/thumb/v7e-m+fp/hard\libg.a(lib_a-strlen.o)
                0x08000ec0                strlen
 *fill*         0x08000f9c        0x4 
 .text          0x08000fa0       0xa0 e:/environment/9 2019-q4-major/bin/../lib/gcc/arm-none-eabi/9.2.1/../../../../arm-none-eabi/lib/thumb/v7e-m+fp/hard\libg.a(lib_a-memchr.o)
                0x08000fa0                memchr
 .text          0x08001040      0x134 e:/environment/9 2019-q4-major/bin/../lib/gcc/arm-none-eabi/9.2.1/../../../../arm-none-eabi/lib/thumb/v7e-m+fp/hard\libg.a(lib_a-memcpy.o)
                0x08001040                memcpy
 .text          0x08001174       0x2c e:/environment/9 2019-q4-major/bin/../lib/gcc/arm-none-eabi/9.2.1/thumb/v7e-m+fp/hard\libgcc.a(_arm_unorddf2.o)
                0x08001174                __unorddf2
                0x08001174                __aeabi_dcmpun
 .text          0x080011a0       0x50 e:/environment/9 2019-q4-major/bin/../lib/gcc/arm-none-eabi/9.2.1/thumb/v7e-m+fp/hard\libgcc.a(_arm_fixdfsi.o)
                0x080011a0                __aeabi_d2iz
                0x080011a0                __fixdfsi
 *(.text*)
 .text.delay_init
                0x080011f0        0xc CMakeFiles/h750_blink.elf.dir/Core/Src/delay.c.obj
                0x080011f0                delay_init
 .text.delay_us
                0x080011fc       0x3c CMakeFiles/h750_blink.elf.dir/Core/Src/delay.c.obj
                0x080011fc                delay_us
 .text.delay_ms
                0x08001238       0x10 CMakeFiles/h750_blink.elf.dir/Core/Src/delay.c.obj
                0x08001238                delay_ms
 .text.HAL_Delay
                0x08001248        0xa CMakeFiles/h750_blink.elf.dir/Core/Src/delay.c.obj
                0x08001248                HAL_Delay
 *fill*         0x08001252        0x2 
 .text.MX_GPIO_Init
                0x08001254      0x174 CMakeFiles/h750_blink.elf.dir/Core/Src/gpio.c.obj
                0x08001254                MX_GPIO_Init
 .text.LCD_DrawLine
                0x080013c8       0x9e CMakeFiles/h750_blink.elf.dir/Core/Src/gui.c.obj
                0x080013c8                LCD_DrawLine
 *fill*         0x08001466        0x2 
 .text.LCD_WR_REG
                0x08001468       0x20 CMakeFiles/h750_blink.elf.dir/Core/Src/lcd.c.obj
                0x08001468                LCD_WR_REG
 .text.LCD_WR_DATA
                0x08001488       0x1c CMakeFiles/h750_blink.elf.dir/Core/Src/lcd.c.obj
                0x08001488                LCD_WR_DATA
 .text.LCD_WriteReg
                0x080014a4       0x10 CMakeFiles/h750_blink.elf.dir/Core/Src/lcd.c.obj
                0x080014a4                LCD_WriteReg
 .text.LCD_WriteRAM_Prepare
                0x080014b4       0x10 CMakeFiles/h750_blink.elf.dir/Core/Src/lcd.c.obj
                0x080014b4                LCD_WriteRAM_Prepare
 .text.Lcd_WriteData_16Bit
                0x080014c4       0x28 CMakeFiles/h750_blink.elf.dir/Core/Src/lcd.c.obj
                0x080014c4                Lcd_WriteData_16Bit
 .text.LCD_RESET
                0x080014ec       0x20 CMakeFiles/h750_blink.elf.dir/Core/Src/lcd.c.obj
                0x080014ec                LCD_RESET
 .text.LCD_SetWindows
                0x0800150c       0x5c CMakeFiles/h750_blink.elf.dir/Core/Src/lcd.c.obj
                0x0800150c                LCD_SetWindows
 .text.LCD_Clear
                0x08001568       0x58 CMakeFiles/h750_blink.elf.dir/Core/Src/lcd.c.obj
                0x08001568                LCD_Clear
 .text.LCD_SetCursor
                0x080015c0        0xc CMakeFiles/h750_blink.elf.dir/Core/Src/lcd.c.obj
                0x080015c0                LCD_SetCursor
 .text.LCD_DrawPoint
                0x080015cc       0x14 CMakeFiles/h750_blink.elf.dir/Core/Src/lcd.c.obj
                0x080015cc                LCD_DrawPoint
 .text.LCD_direction
                0x080015e0       0x70 CMakeFiles/h750_blink.elf.dir/Core/Src/lcd.c.obj
                0x080015e0                LCD_direction
 .text.LCD_Init
                0x08001650      0x238 CMakeFiles/h750_blink.elf.dir/Core/Src/lcd.c.obj
                0x08001650                LCD_Init
 .text.data_Integer_calculate
                0x08001888       0xbc CMakeFiles/h750_blink.elf.dir/Core/Src/main.c.obj
                0x08001888                data_Integer_calculate
 .text.Get_Data
                0x08001944       0xd4 CMakeFiles/h750_blink.elf.dir/Core/Src/main.c.obj
                0x08001944                Get_Data
 .text.HAL_UART_RxCpltCallback
                0x08001a18      0x798 CMakeFiles/h750_blink.elf.dir/Core/Src/main.c.obj
                0x08001a18                HAL_UART_RxCpltCallback
 .text.Error_Handler
                0x080021b0        0x4 CMakeFiles/h750_blink.elf.dir/Core/Src/main.c.obj
                0x080021b0                Error_Handler
 .text.SystemClock_Config
                0x080021b4      0x110 CMakeFiles/h750_blink.elf.dir/Core/Src/main.c.obj
                0x080021b4                SystemClock_Config
 .text.main     0x080022c4       0xdc CMakeFiles/h750_blink.elf.dir/Core/Src/main.c.obj
                0x080022c4                main
 .text.RetargetInit
                0x080023a0       0x20 CMakeFiles/h750_blink.elf.dir/Core/Src/retarget.c.obj
                0x080023a0                RetargetInit
 .text._isatty  0x080023c0       0x16 CMakeFiles/h750_blink.elf.dir/Core/Src/retarget.c.obj
                0x080023c0                _isatty
 *fill*         0x080023d6        0x2 
 .text._write   0x080023d8       0x34 CMakeFiles/h750_blink.elf.dir/Core/Src/retarget.c.obj
                0x080023d8                _write
 .text._close   0x0800240c       0x18 CMakeFiles/h750_blink.elf.dir/Core/Src/retarget.c.obj
                0x0800240c                _close
 .text._lseek   0x08002424       0x10 CMakeFiles/h750_blink.elf.dir/Core/Src/retarget.c.obj
                0x08002424                _lseek
 .text._read    0x08002434       0x30 CMakeFiles/h750_blink.elf.dir/Core/Src/retarget.c.obj
                0x08002434                _read
 .text._fstat   0x08002464       0x1a CMakeFiles/h750_blink.elf.dir/Core/Src/retarget.c.obj
                0x08002464                _fstat
 *fill*         0x0800247e        0x2 
 .text.SPIv_WriteData
                0x08002480       0x38 CMakeFiles/h750_blink.elf.dir/Core/Src/ruanjianspi.c.obj
                0x08002480                SPIv_WriteData
 .text.HAL_MspInit
                0x080024b8       0x30 CMakeFiles/h750_blink.elf.dir/Core/Src/stm32h7xx_hal_msp.c.obj
                0x080024b8                HAL_MspInit
 .text.NMI_Handler
                0x080024e8        0x2 CMakeFiles/h750_blink.elf.dir/Core/Src/stm32h7xx_it.c.obj
                0x080024e8                NMI_Handler
 .text.HardFault_Handler
                0x080024ea        0x2 CMakeFiles/h750_blink.elf.dir/Core/Src/stm32h7xx_it.c.obj
                0x080024ea                HardFault_Handler
 .text.MemManage_Handler
                0x080024ec        0x2 CMakeFiles/h750_blink.elf.dir/Core/Src/stm32h7xx_it.c.obj
                0x080024ec                MemManage_Handler
 .text.BusFault_Handler
                0x080024ee        0x2 CMakeFiles/h750_blink.elf.dir/Core/Src/stm32h7xx_it.c.obj
                0x080024ee                BusFault_Handler
 .text.UsageFault_Handler
                0x080024f0        0x2 CMakeFiles/h750_blink.elf.dir/Core/Src/stm32h7xx_it.c.obj
                0x080024f0                UsageFault_Handler
 .text.SVC_Handler
                0x080024f2        0x2 CMakeFiles/h750_blink.elf.dir/Core/Src/stm32h7xx_it.c.obj
                0x080024f2                SVC_Handler
 .text.DebugMon_Handler
                0x080024f4        0x2 CMakeFiles/h750_blink.elf.dir/Core/Src/stm32h7xx_it.c.obj
                0x080024f4                DebugMon_Handler
 .text.PendSV_Handler
                0x080024f6        0x2 CMakeFiles/h750_blink.elf.dir/Core/Src/stm32h7xx_it.c.obj
                0x080024f6                PendSV_Handler
 .text.SysTick_Handler
                0x080024f8        0x8 CMakeFiles/h750_blink.elf.dir/Core/Src/stm32h7xx_it.c.obj
                0x080024f8                SysTick_Handler
 .text.USART1_IRQHandler
                0x08002500       0x10 CMakeFiles/h750_blink.elf.dir/Core/Src/stm32h7xx_it.c.obj
                0x08002500                USART1_IRQHandler
 .text.USART3_IRQHandler
                0x08002510       0x10 CMakeFiles/h750_blink.elf.dir/Core/Src/stm32h7xx_it.c.obj
                0x08002510                USART3_IRQHandler
 .text.UART5_IRQHandler
                0x08002520       0x10 CMakeFiles/h750_blink.elf.dir/Core/Src/stm32h7xx_it.c.obj
                0x08002520                UART5_IRQHandler
 .text._sbrk    0x08002530       0x48 CMakeFiles/h750_blink.elf.dir/Core/Src/sysmem.c.obj
                0x08002530                _sbrk
 .text.SystemInit
                0x08002578       0xcc CMakeFiles/h750_blink.elf.dir/Core/Src/system_stm32h7xx.c.obj
                0x08002578                SystemInit
 .text.HAL_TIM_PWM_MspInit
                0x08002644       0x30 CMakeFiles/h750_blink.elf.dir/Core/Src/tim.c.obj
                0x08002644                HAL_TIM_PWM_MspInit
 .text.HAL_TIM_MspPostInit
                0x08002674       0x5c CMakeFiles/h750_blink.elf.dir/Core/Src/tim.c.obj
                0x08002674                HAL_TIM_MspPostInit
 .text.MX_TIM2_Init
                0x080026d0       0xa8 CMakeFiles/h750_blink.elf.dir/Core/Src/tim.c.obj
                0x080026d0                MX_TIM2_Init
 .text.MX_UART4_Init
                0x08002778       0x68 CMakeFiles/h750_blink.elf.dir/Core/Src/usart.c.obj
                0x08002778                MX_UART4_Init
 .text.MX_UART5_Init
                0x080027e0       0x68 CMakeFiles/h750_blink.elf.dir/Core/Src/usart.c.obj
                0x080027e0                MX_UART5_Init
 .text.MX_USART1_UART_Init
                0x08002848       0x68 CMakeFiles/h750_blink.elf.dir/Core/Src/usart.c.obj
                0x08002848                MX_USART1_UART_Init
 .text.MX_USART3_UART_Init
                0x080028b0       0x68 CMakeFiles/h750_blink.elf.dir/Core/Src/usart.c.obj
                0x080028b0                MX_USART3_UART_Init
 .text.HAL_UART_MspInit
                0x08002918      0x234 CMakeFiles/h750_blink.elf.dir/Core/Src/usart.c.obj
                0x08002918                HAL_UART_MspInit
 .text.Reset_Handler
                0x08002b4c       0x50 CMakeFiles/h750_blink.elf.dir/Core/Startup/startup_stm32h750vbtx.s.obj
                0x08002b4c                Reset_Handler
 .text.Default_Handler
                0x08002b9c        0x2 CMakeFiles/h750_blink.elf.dir/Core/Startup/startup_stm32h750vbtx.s.obj
                0x08002b9c                RTC_Alarm_IRQHandler
                0x08002b9c                HASH_RNG_IRQHandler
                0x08002b9c                EXTI2_IRQHandler
                0x08002b9c                TIM8_CC_IRQHandler
                0x08002b9c                HRTIM1_Master_IRQHandler
                0x08002b9c                UART8_IRQHandler
                0x08002b9c                SPI4_IRQHandler
                0x08002b9c                TIM1_CC_IRQHandler
                0x08002b9c                BDMA_Channel6_IRQHandler
                0x08002b9c                DMA2_Stream5_IRQHandler
                0x08002b9c                HRTIM1_FLT_IRQHandler
                0x08002b9c                JPEG_IRQHandler
                0x08002b9c                DMA1_Stream5_IRQHandler
                0x08002b9c                BDMA_Channel1_IRQHandler
                0x08002b9c                HRTIM1_TIMD_IRQHandler
                0x08002b9c                TAMP_STAMP_IRQHandler
                0x08002b9c                EXTI3_IRQHandler
                0x08002b9c                LPTIM4_IRQHandler
                0x08002b9c                TIM8_TRG_COM_TIM14_IRQHandler
                0x08002b9c                LPTIM2_IRQHandler
                0x08002b9c                DFSDM1_FLT1_IRQHandler
                0x08002b9c                DMAMUX2_OVR_IRQHandler
                0x08002b9c                TIM8_UP_TIM13_IRQHandler
                0x08002b9c                I2C3_ER_IRQHandler
                0x08002b9c                DFSDM1_FLT2_IRQHandler
                0x08002b9c                MDMA_IRQHandler
                0x08002b9c                LPTIM3_IRQHandler
                0x08002b9c                HSEM1_IRQHandler
                0x08002b9c                EXTI0_IRQHandler
                0x08002b9c                I2C2_EV_IRQHandler
                0x08002b9c                DMA1_Stream2_IRQHandler
                0x08002b9c                FPU_IRQHandler
                0x08002b9c                OTG_HS_WKUP_IRQHandler
                0x08002b9c                FDCAN1_IT1_IRQHandler
                0x08002b9c                LTDC_ER_IRQHandler
                0x08002b9c                DMA2_Stream2_IRQHandler
                0x08002b9c                HRTIM1_TIME_IRQHandler
                0x08002b9c                SPI1_IRQHandler
                0x08002b9c                TIM6_DAC_IRQHandler
                0x08002b9c                DCMI_IRQHandler
                0x08002b9c                HRTIM1_TIMC_IRQHandler
                0x08002b9c                DMA2_Stream3_IRQHandler
                0x08002b9c                SAI2_IRQHandler
                0x08002b9c                DFSDM1_FLT3_IRQHandler
                0x08002b9c                USART6_IRQHandler
                0x08002b9c                TIM17_IRQHandler
                0x08002b9c                BDMA_Channel7_IRQHandler
                0x08002b9c                CRYP_IRQHandler
                0x08002b9c                LPTIM5_IRQHandler
                0x08002b9c                ADC3_IRQHandler
                0x08002b9c                DMA2_Stream0_IRQHandler
                0x08002b9c                TIM4_IRQHandler
                0x08002b9c                BDMA_Channel2_IRQHandler
                0x08002b9c                QUADSPI_IRQHandler
                0x08002b9c                I2C1_EV_IRQHandler
                0x08002b9c                DMA1_Stream6_IRQHandler
                0x08002b9c                DMAMUX1_OVR_IRQHandler
                0x08002b9c                DMA1_Stream1_IRQHandler
                0x08002b9c                TIM16_IRQHandler
                0x08002b9c                UART4_IRQHandler
                0x08002b9c                BDMA_Channel5_IRQHandler
                0x08002b9c                TIM3_IRQHandler
                0x08002b9c                RCC_IRQHandler
                0x08002b9c                TIM8_BRK_TIM12_IRQHandler
                0x08002b9c                TIM1_TRG_COM_IRQHandler
                0x08002b9c                Default_Handler
                0x08002b9c                ECC_IRQHandler
                0x08002b9c                CEC_IRQHandler
                0x08002b9c                EXTI15_10_IRQHandler
                0x08002b9c                BDMA_Channel0_IRQHandler
                0x08002b9c                ADC_IRQHandler
                0x08002b9c                DMA1_Stream7_IRQHandler
                0x08002b9c                HRTIM1_TIMA_IRQHandler
                0x08002b9c                SPI5_IRQHandler
                0x08002b9c                TIM7_IRQHandler
                0x08002b9c                SDMMC1_IRQHandler
                0x08002b9c                TIM5_IRQHandler
                0x08002b9c                DMA2_Stream7_IRQHandler
                0x08002b9c                TIM15_IRQHandler
                0x08002b9c                PVD_AVD_IRQHandler
                0x08002b9c                I2C3_EV_IRQHandler
                0x08002b9c                EXTI9_5_IRQHandler
                0x08002b9c                RTC_WKUP_IRQHandler
                0x08002b9c                LTDC_IRQHandler
                0x08002b9c                SAI3_IRQHandler
                0x08002b9c                ETH_WKUP_IRQHandler
                0x08002b9c                SPDIF_RX_IRQHandler
                0x08002b9c                SPI2_IRQHandler
                0x08002b9c                OTG_HS_EP1_IN_IRQHandler
                0x08002b9c                DMA1_Stream0_IRQHandler
                0x08002b9c                CRS_IRQHandler
                0x08002b9c                EXTI4_IRQHandler
                0x08002b9c                HRTIM1_TIMB_IRQHandler
                0x08002b9c                FDCAN2_IT1_IRQHandler
                0x08002b9c                ETH_IRQHandler
                0x08002b9c                TIM1_UP_IRQHandler
                0x08002b9c                BDMA_Channel4_IRQHandler
                0x08002b9c                OTG_HS_EP1_OUT_IRQHandler
                0x08002b9c                WWDG_IRQHandler
                0x08002b9c                SPI6_IRQHandler
                0x08002b9c                MDIOS_IRQHandler
                0x08002b9c                I2C4_EV_IRQHandler
                0x08002b9c                FDCAN2_IT0_IRQHandler
                0x08002b9c                LPUART1_IRQHandler
                0x08002b9c                FDCAN1_IT0_IRQHandler
                0x08002b9c                TIM2_IRQHandler
                0x08002b9c                OTG_FS_WKUP_IRQHandler
                0x08002b9c                OTG_HS_IRQHandler
                0x08002b9c                DMA2D_IRQHandler
                0x08002b9c                TIM1_BRK_IRQHandler
                0x08002b9c                EXTI1_IRQHandler
                0x08002b9c                SDMMC2_IRQHandler
                0x08002b9c                OTG_FS_EP1_OUT_IRQHandler
                0x08002b9c                BDMA_Channel3_IRQHandler
                0x08002b9c                UART7_IRQHandler
                0x08002b9c                MDIOS_WKUP_IRQHandler
                0x08002b9c                USART2_IRQHandler
                0x08002b9c                DFSDM1_FLT0_IRQHandler
                0x08002b9c                SAI4_IRQHandler
                0x08002b9c                I2C2_ER_IRQHandler
                0x08002b9c                DMA2_Stream1_IRQHandler
                0x08002b9c                FLASH_IRQHandler
                0x08002b9c                DMA2_Stream4_IRQHandler
                0x08002b9c                OTG_FS_IRQHandler
                0x08002b9c                SPI3_IRQHandler
                0x08002b9c                WAKEUP_PIN_IRQHandler
                0x08002b9c                DMA1_Stream4_IRQHandler
                0x08002b9c                OTG_FS_EP1_IN_IRQHandler
                0x08002b9c                I2C1_ER_IRQHandler
                0x08002b9c                FMC_IRQHandler
                0x08002b9c                FDCAN_CAL_IRQHandler
                0x08002b9c                SWPMI1_IRQHandler
                0x08002b9c                COMP1_IRQHandler
                0x08002b9c                LPTIM1_IRQHandler
                0x08002b9c                I2C4_ER_IRQHandler
                0x08002b9c                DMA2_Stream6_IRQHandler
                0x08002b9c                SAI1_IRQHandler
                0x08002b9c                DMA1_Stream3_IRQHandler
 *fill*         0x08002b9e        0x2 
 .text.HAL_InitTick
                0x08002ba0       0x50 CMakeFiles/h750_blink.elf.dir/Drivers/STM32H7xx_HAL_Driver/Src/stm32h7xx_hal.c.obj
                0x08002ba0                HAL_InitTick
 .text.HAL_Init
                0x08002bf0       0x5c CMakeFiles/h750_blink.elf.dir/Drivers/STM32H7xx_HAL_Driver/Src/stm32h7xx_hal.c.obj
                0x08002bf0                HAL_Init
 .text.HAL_IncTick
                0x08002c4c       0x18 CMakeFiles/h750_blink.elf.dir/Drivers/STM32H7xx_HAL_Driver/Src/stm32h7xx_hal.c.obj
                0x08002c4c                HAL_IncTick
 .text.HAL_GetTick
                0x08002c64        0xc CMakeFiles/h750_blink.elf.dir/Drivers/STM32H7xx_HAL_Driver/Src/stm32h7xx_hal.c.obj
                0x08002c64                HAL_GetTick
 .text.HAL_GetREVID
                0x08002c70        0xc CMakeFiles/h750_blink.elf.dir/Drivers/STM32H7xx_HAL_Driver/Src/stm32h7xx_hal.c.obj
                0x08002c70                HAL_GetREVID
 .text.HAL_NVIC_SetPriorityGrouping
                0x08002c7c       0x24 CMakeFiles/h750_blink.elf.dir/Drivers/STM32H7xx_HAL_Driver/Src/stm32h7xx_hal_cortex.c.obj
                0x08002c7c                HAL_NVIC_SetPriorityGrouping
 .text.HAL_NVIC_SetPriority
                0x08002ca0       0x64 CMakeFiles/h750_blink.elf.dir/Drivers/STM32H7xx_HAL_Driver/Src/stm32h7xx_hal_cortex.c.obj
                0x08002ca0                HAL_NVIC_SetPriority
 .text.HAL_NVIC_EnableIRQ
                0x08002d04       0x1c CMakeFiles/h750_blink.elf.dir/Drivers/STM32H7xx_HAL_Driver/Src/stm32h7xx_hal_cortex.c.obj
                0x08002d04                HAL_NVIC_EnableIRQ
 .text.HAL_SYSTICK_Config
                0x08002d20       0x2c CMakeFiles/h750_blink.elf.dir/Drivers/STM32H7xx_HAL_Driver/Src/stm32h7xx_hal_cortex.c.obj
                0x08002d20                HAL_SYSTICK_Config
 .text.HAL_DMA_Abort
                0x08002d4c      0x340 CMakeFiles/h750_blink.elf.dir/Drivers/STM32H7xx_HAL_Driver/Src/stm32h7xx_hal_dma.c.obj
                0x08002d4c                HAL_DMA_Abort
 .text.HAL_DMA_Abort_IT
                0x0800308c      0x270 CMakeFiles/h750_blink.elf.dir/Drivers/STM32H7xx_HAL_Driver/Src/stm32h7xx_hal_dma.c.obj
                0x0800308c                HAL_DMA_Abort_IT
 .text.HAL_GPIO_Init
                0x080032fc      0x1ec CMakeFiles/h750_blink.elf.dir/Drivers/STM32H7xx_HAL_Driver/Src/stm32h7xx_hal_gpio.c.obj
                0x080032fc                HAL_GPIO_Init
 .text.HAL_GPIO_WritePin
                0x080034e8        0xc CMakeFiles/h750_blink.elf.dir/Drivers/STM32H7xx_HAL_Driver/Src/stm32h7xx_hal_gpio.c.obj
                0x080034e8                HAL_GPIO_WritePin
 .text.HAL_PWREx_ConfigSupply
                0x080034f4       0x54 CMakeFiles/h750_blink.elf.dir/Drivers/STM32H7xx_HAL_Driver/Src/stm32h7xx_hal_pwr_ex.c.obj
                0x080034f4                HAL_PWREx_ConfigSupply
 .text.HAL_RCC_OscConfig
                0x08003548      0x6b4 CMakeFiles/h750_blink.elf.dir/Drivers/STM32H7xx_HAL_Driver/Src/stm32h7xx_hal_rcc.c.obj
                0x08003548                HAL_RCC_OscConfig
 .text.HAL_RCC_GetSysClockFreq
                0x08003bfc      0x1f4 CMakeFiles/h750_blink.elf.dir/Drivers/STM32H7xx_HAL_Driver/Src/stm32h7xx_hal_rcc.c.obj
                0x08003bfc                HAL_RCC_GetSysClockFreq
 .text.HAL_RCC_ClockConfig
                0x08003df0      0x294 CMakeFiles/h750_blink.elf.dir/Drivers/STM32H7xx_HAL_Driver/Src/stm32h7xx_hal_rcc.c.obj
                0x08003df0                HAL_RCC_ClockConfig
 .text.HAL_RCC_GetHCLKFreq
                0x08004084       0x44 CMakeFiles/h750_blink.elf.dir/Drivers/STM32H7xx_HAL_Driver/Src/stm32h7xx_hal_rcc.c.obj
                0x08004084                HAL_RCC_GetHCLKFreq
 .text.HAL_RCC_GetPCLK1Freq
                0x080040c8       0x24 CMakeFiles/h750_blink.elf.dir/Drivers/STM32H7xx_HAL_Driver/Src/stm32h7xx_hal_rcc.c.obj
                0x080040c8                HAL_RCC_GetPCLK1Freq
 .text.HAL_RCC_GetPCLK2Freq
                0x080040ec       0x24 CMakeFiles/h750_blink.elf.dir/Drivers/STM32H7xx_HAL_Driver/Src/stm32h7xx_hal_rcc.c.obj
                0x080040ec                HAL_RCC_GetPCLK2Freq
 .text.RCCEx_PLL2_Config
                0x08004110      0x10c CMakeFiles/h750_blink.elf.dir/Drivers/STM32H7xx_HAL_Driver/Src/stm32h7xx_hal_rcc_ex.c.obj
 .text.RCCEx_PLL3_Config
                0x0800421c      0x10c CMakeFiles/h750_blink.elf.dir/Drivers/STM32H7xx_HAL_Driver/Src/stm32h7xx_hal_rcc_ex.c.obj
 .text.HAL_RCCEx_PeriphCLKConfig
                0x08004328      0xb2c CMakeFiles/h750_blink.elf.dir/Drivers/STM32H7xx_HAL_Driver/Src/stm32h7xx_hal_rcc_ex.c.obj
                0x08004328                HAL_RCCEx_PeriphCLKConfig
 .text.HAL_RCCEx_GetD3PCLK1Freq
                0x08004e54       0x24 CMakeFiles/h750_blink.elf.dir/Drivers/STM32H7xx_HAL_Driver/Src/stm32h7xx_hal_rcc_ex.c.obj
                0x08004e54                HAL_RCCEx_GetD3PCLK1Freq
 .text.HAL_RCCEx_GetPLL2ClockFreq
                0x08004e78      0x1fc CMakeFiles/h750_blink.elf.dir/Drivers/STM32H7xx_HAL_Driver/Src/stm32h7xx_hal_rcc_ex.c.obj
                0x08004e78                HAL_RCCEx_GetPLL2ClockFreq
 .text.HAL_RCCEx_GetPLL3ClockFreq
                0x08005074      0x1fc CMakeFiles/h750_blink.elf.dir/Drivers/STM32H7xx_HAL_Driver/Src/stm32h7xx_hal_rcc_ex.c.obj
                0x08005074                HAL_RCCEx_GetPLL3ClockFreq
 .text.TIM_OC1_SetConfig
                0x08005270       0xa4 CMakeFiles/h750_blink.elf.dir/Drivers/STM32H7xx_HAL_Driver/Src/stm32h7xx_hal_tim.c.obj
 .text.TIM_OC3_SetConfig
                0x08005314       0x94 CMakeFiles/h750_blink.elf.dir/Drivers/STM32H7xx_HAL_Driver/Src/stm32h7xx_hal_tim.c.obj
 .text.TIM_OC4_SetConfig
                0x080053a8       0x74 CMakeFiles/h750_blink.elf.dir/Drivers/STM32H7xx_HAL_Driver/Src/stm32h7xx_hal_tim.c.obj
 .text.TIM_OC5_SetConfig
                0x0800541c       0x74 CMakeFiles/h750_blink.elf.dir/Drivers/STM32H7xx_HAL_Driver/Src/stm32h7xx_hal_tim.c.obj
 .text.TIM_OC6_SetConfig
                0x08005490       0x74 CMakeFiles/h750_blink.elf.dir/Drivers/STM32H7xx_HAL_Driver/Src/stm32h7xx_hal_tim.c.obj
 .text.TIM_Base_SetConfig
                0x08005504      0x110 CMakeFiles/h750_blink.elf.dir/Drivers/STM32H7xx_HAL_Driver/Src/stm32h7xx_hal_tim.c.obj
                0x08005504                TIM_Base_SetConfig
 .text.HAL_TIM_PWM_Init
                0x08005614       0x60 CMakeFiles/h750_blink.elf.dir/Drivers/STM32H7xx_HAL_Driver/Src/stm32h7xx_hal_tim.c.obj
                0x08005614                HAL_TIM_PWM_Init
 .text.TIM_OC2_SetConfig
                0x08005674       0x94 CMakeFiles/h750_blink.elf.dir/Drivers/STM32H7xx_HAL_Driver/Src/stm32h7xx_hal_tim.c.obj
                0x08005674                TIM_OC2_SetConfig
 .text.HAL_TIM_PWM_ConfigChannel
                0x08005708      0x13a CMakeFiles/h750_blink.elf.dir/Drivers/STM32H7xx_HAL_Driver/Src/stm32h7xx_hal_tim.c.obj
                0x08005708                HAL_TIM_PWM_ConfigChannel
 .text.TIM_CCxChannelCmd
                0x08005842       0x24 CMakeFiles/h750_blink.elf.dir/Drivers/STM32H7xx_HAL_Driver/Src/stm32h7xx_hal_tim.c.obj
                0x08005842                TIM_CCxChannelCmd
 *fill*         0x08005866        0x2 
 .text.HAL_TIM_PWM_Start
                0x08005868      0x168 CMakeFiles/h750_blink.elf.dir/Drivers/STM32H7xx_HAL_Driver/Src/stm32h7xx_hal_tim.c.obj
                0x08005868                HAL_TIM_PWM_Start
 .text.HAL_TIMEx_MasterConfigSynchronization
                0x080059d0       0xa0 CMakeFiles/h750_blink.elf.dir/Drivers/STM32H7xx_HAL_Driver/Src/stm32h7xx_hal_tim_ex.c.obj
                0x080059d0                HAL_TIMEx_MasterConfigSynchronization
 .text.UART_EndRxTransfer
                0x08005a70       0x58 CMakeFiles/h750_blink.elf.dir/Drivers/STM32H7xx_HAL_Driver/Src/stm32h7xx_hal_uart.c.obj
 .text.HAL_UART_TxCpltCallback
                0x08005ac8        0x2 CMakeFiles/h750_blink.elf.dir/Drivers/STM32H7xx_HAL_Driver/Src/stm32h7xx_hal_uart.c.obj
                0x08005ac8                HAL_UART_TxCpltCallback
 .text.UART_EndTransmit_IT
                0x08005aca       0x24 CMakeFiles/h750_blink.elf.dir/Drivers/STM32H7xx_HAL_Driver/Src/stm32h7xx_hal_uart.c.obj
 .text.HAL_UART_ErrorCallback
                0x08005aee        0x2 CMakeFiles/h750_blink.elf.dir/Drivers/STM32H7xx_HAL_Driver/Src/stm32h7xx_hal_uart.c.obj
                0x08005aee                HAL_UART_ErrorCallback
 .text.UART_DMAAbortOnError
                0x08005af0       0x14 CMakeFiles/h750_blink.elf.dir/Drivers/STM32H7xx_HAL_Driver/Src/stm32h7xx_hal_uart.c.obj
 .text.HAL_UARTEx_RxEventCallback
                0x08005b04        0x2 CMakeFiles/h750_blink.elf.dir/Drivers/STM32H7xx_HAL_Driver/Src/stm32h7xx_hal_uart.c.obj
                0x08005b04                HAL_UARTEx_RxEventCallback
 *fill*         0x08005b06        0x2 
 .text.HAL_UART_IRQHandler
                0x08005b08      0x3b8 CMakeFiles/h750_blink.elf.dir/Drivers/STM32H7xx_HAL_Driver/Src/stm32h7xx_hal_uart.c.obj
                0x08005b08                HAL_UART_IRQHandler
 .text.UART_RxISR_8BIT
                0x08005ec0       0xdc CMakeFiles/h750_blink.elf.dir/Drivers/STM32H7xx_HAL_Driver/Src/stm32h7xx_hal_uart.c.obj
 .text.UART_RxISR_16BIT
                0x08005f9c       0xd8 CMakeFiles/h750_blink.elf.dir/Drivers/STM32H7xx_HAL_Driver/Src/stm32h7xx_hal_uart.c.obj
 .text.UART_RxISR_8BIT_FIFOEN
                0x08006074      0x1cc CMakeFiles/h750_blink.elf.dir/Drivers/STM32H7xx_HAL_Driver/Src/stm32h7xx_hal_uart.c.obj
 .text.UART_RxISR_16BIT_FIFOEN
                0x08006240      0x1c8 CMakeFiles/h750_blink.elf.dir/Drivers/STM32H7xx_HAL_Driver/Src/stm32h7xx_hal_uart.c.obj
 .text.UART_SetConfig
                0x08006408      0x5fc CMakeFiles/h750_blink.elf.dir/Drivers/STM32H7xx_HAL_Driver/Src/stm32h7xx_hal_uart.c.obj
                0x08006408                UART_SetConfig
 .text.UART_AdvFeatureConfig
                0x08006a04       0xca CMakeFiles/h750_blink.elf.dir/Drivers/STM32H7xx_HAL_Driver/Src/stm32h7xx_hal_uart.c.obj
                0x08006a04                UART_AdvFeatureConfig
 .text.UART_WaitOnFlagUntilTimeout
                0x08006ace       0xa6 CMakeFiles/h750_blink.elf.dir/Drivers/STM32H7xx_HAL_Driver/Src/stm32h7xx_hal_uart.c.obj
                0x08006ace                UART_WaitOnFlagUntilTimeout
 .text.HAL_UART_Transmit
                0x08006b74       0xd4 CMakeFiles/h750_blink.elf.dir/Drivers/STM32H7xx_HAL_Driver/Src/stm32h7xx_hal_uart.c.obj
                0x08006b74                HAL_UART_Transmit
 .text.HAL_UART_Receive
                0x08006c48      0x11c CMakeFiles/h750_blink.elf.dir/Drivers/STM32H7xx_HAL_Driver/Src/stm32h7xx_hal_uart.c.obj
                0x08006c48                HAL_UART_Receive
 .text.UART_CheckIdleState
                0x08006d64       0xca CMakeFiles/h750_blink.elf.dir/Drivers/STM32H7xx_HAL_Driver/Src/stm32h7xx_hal_uart.c.obj
                0x08006d64                UART_CheckIdleState
 .text.HAL_UART_Init
                0x08006e2e       0x66 CMakeFiles/h750_blink.elf.dir/Drivers/STM32H7xx_HAL_Driver/Src/stm32h7xx_hal_uart.c.obj
                0x08006e2e                HAL_UART_Init
 .text.UART_Start_Receive_IT
                0x08006e94      0x13c CMakeFiles/h750_blink.elf.dir/Drivers/STM32H7xx_HAL_Driver/Src/stm32h7xx_hal_uart.c.obj
                0x08006e94                UART_Start_Receive_IT
 .text.HAL_UART_Receive_IT
                0x08006fd0       0x50 CMakeFiles/h750_blink.elf.dir/Drivers/STM32H7xx_HAL_Driver/Src/stm32h7xx_hal_uart.c.obj
                0x08006fd0                HAL_UART_Receive_IT
 .text.UARTEx_SetNbDataToProcess
                0x08007020       0x4c CMakeFiles/h750_blink.elf.dir/Drivers/STM32H7xx_HAL_Driver/Src/stm32h7xx_hal_uart_ex.c.obj
 .text.HAL_UARTEx_WakeupCallback
                0x0800706c        0x2 CMakeFiles/h750_blink.elf.dir/Drivers/STM32H7xx_HAL_Driver/Src/stm32h7xx_hal_uart_ex.c.obj
                0x0800706c                HAL_UARTEx_WakeupCallback
 .text.HAL_UARTEx_RxFifoFullCallback
                0x0800706e        0x2 CMakeFiles/h750_blink.elf.dir/Drivers/STM32H7xx_HAL_Driver/Src/stm32h7xx_hal_uart_ex.c.obj
                0x0800706e                HAL_UARTEx_RxFifoFullCallback
 .text.HAL_UARTEx_TxFifoEmptyCallback
                0x08007070        0x2 CMakeFiles/h750_blink.elf.dir/Drivers/STM32H7xx_HAL_Driver/Src/stm32h7xx_hal_uart_ex.c.obj
                0x08007070                HAL_UARTEx_TxFifoEmptyCallback
 .text.HAL_UARTEx_DisableFifoMode
                0x08007072       0x3e CMakeFiles/h750_blink.elf.dir/Drivers/STM32H7xx_HAL_Driver/Src/stm32h7xx_hal_uart_ex.c.obj
                0x08007072                HAL_UARTEx_DisableFifoMode
 .text.HAL_UARTEx_SetTxFifoThreshold
                0x080070b0       0x4a CMakeFiles/h750_blink.elf.dir/Drivers/STM32H7xx_HAL_Driver/Src/stm32h7xx_hal_uart_ex.c.obj
                0x080070b0                HAL_UARTEx_SetTxFifoThreshold
 .text.HAL_UARTEx_SetRxFifoThreshold
                0x080070fa       0x4a CMakeFiles/h750_blink.elf.dir/Drivers/STM32H7xx_HAL_Driver/Src/stm32h7xx_hal_uart_ex.c.obj
                0x080070fa                HAL_UARTEx_SetRxFifoThreshold
 .text.__errno  0x08007144        0xc e:/environment/9 2019-q4-major/bin/../lib/gcc/arm-none-eabi/9.2.1/../../../../arm-none-eabi/lib/thumb/v7e-m+fp/hard\libg.a(lib_a-errno.o)
                0x08007144                __errno
 .text.__libc_init_array
                0x08007150       0x48 e:/environment/9 2019-q4-major/bin/../lib/gcc/arm-none-eabi/9.2.1/../../../../arm-none-eabi/lib/thumb/v7e-m+fp/hard\libg.a(lib_a-init.o)
                0x08007150                __libc_init_array
 .text.memset   0x08007198       0xa0 e:/environment/9 2019-q4-major/bin/../lib/gcc/arm-none-eabi/9.2.1/../../../../arm-none-eabi/lib/thumb/v7e-m+fp/hard\libg.a(lib_a-memset.o)
                0x08007198                memset
 .text.printf   0x08007238       0x28 e:/environment/9 2019-q4-major/bin/../lib/gcc/arm-none-eabi/9.2.1/../../../../arm-none-eabi/lib/thumb/v7e-m+fp/hard\libg.a(lib_a-printf.o)
                0x08007238                printf
 .text.setvbuf  0x08007260      0x1a0 e:/environment/9 2019-q4-major/bin/../lib/gcc/arm-none-eabi/9.2.1/../../../../arm-none-eabi/lib/thumb/v7e-m+fp/hard\libg.a(lib_a-setvbuf.o)
                0x08007260                setvbuf
 .text._vfprintf_r
                0x08007400     0x1be0 e:/environment/9 2019-q4-major/bin/../lib/gcc/arm-none-eabi/9.2.1/../../../../arm-none-eabi/lib/thumb/v7e-m+fp/hard\libg.a(lib_a-vfprintf.o)
                0x08007400                _vfprintf_r
 .text.__sbprintf
                0x08008fe0       0x84 e:/environment/9 2019-q4-major/bin/../lib/gcc/arm-none-eabi/9.2.1/../../../../arm-none-eabi/lib/thumb/v7e-m+fp/hard\libg.a(lib_a-vfprintf.o)
 .text.__swsetup_r
                0x08009064       0xd0 e:/environment/9 2019-q4-major/bin/../lib/gcc/arm-none-eabi/9.2.1/../../../../arm-none-eabi/lib/thumb/v7e-m+fp/hard\libg.a(lib_a-wsetup.o)
                0x08009064                __swsetup_r
 .text.startup.register_fini
                0x08009134       0x14 e:/environment/9 2019-q4-major/bin/../lib/gcc/arm-none-eabi/9.2.1/../../../../arm-none-eabi/lib/thumb/v7e-m+fp/hard\libg.a(lib_a-__call_atexit.o)
 .text.atexit   0x08009148        0xc e:/environment/9 2019-q4-major/bin/../lib/gcc/arm-none-eabi/9.2.1/../../../../arm-none-eabi/lib/thumb/v7e-m+fp/hard\libg.a(lib_a-atexit.o)
                0x08009148                atexit
 .text.quorem   0x08009154      0x11c e:/environment/9 2019-q4-major/bin/../lib/gcc/arm-none-eabi/9.2.1/../../../../arm-none-eabi/lib/thumb/v7e-m+fp/hard\libg.a(lib_a-dtoa.o)
 .text._dtoa_r  0x08009270      0xeec e:/environment/9 2019-q4-major/bin/../lib/gcc/arm-none-eabi/9.2.1/../../../../arm-none-eabi/lib/thumb/v7e-m+fp/hard\libg.a(lib_a-dtoa.o)
                0x08009270                _dtoa_r
 .text.__sflush_r
                0x0800a15c      0x130 e:/environment/9 2019-q4-major/bin/../lib/gcc/arm-none-eabi/9.2.1/../../../../arm-none-eabi/lib/thumb/v7e-m+fp/hard\libg.a(lib_a-fflush.o)
                0x0800a15c                __sflush_r
 .text._fflush_r
                0x0800a28c       0x5c e:/environment/9 2019-q4-major/bin/../lib/gcc/arm-none-eabi/9.2.1/../../../../arm-none-eabi/lib/thumb/v7e-m+fp/hard\libg.a(lib_a-fflush.o)
                0x0800a28c                _fflush_r
 .text.std      0x0800a2e8       0x50 e:/environment/9 2019-q4-major/bin/../lib/gcc/arm-none-eabi/9.2.1/../../../../arm-none-eabi/lib/thumb/v7e-m+fp/hard\libg.a(lib_a-findfp.o)
 .text._cleanup_r
                0x0800a338        0xc e:/environment/9 2019-q4-major/bin/../lib/gcc/arm-none-eabi/9.2.1/../../../../arm-none-eabi/lib/thumb/v7e-m+fp/hard\libg.a(lib_a-findfp.o)
                0x0800a338                _cleanup_r
 .text.__sinit  0x0800a344       0x54 e:/environment/9 2019-q4-major/bin/../lib/gcc/arm-none-eabi/9.2.1/../../../../arm-none-eabi/lib/thumb/v7e-m+fp/hard\libg.a(lib_a-findfp.o)
                0x0800a344                __sinit
 .text.__sfp_lock_acquire
                0x0800a398        0xc e:/environment/9 2019-q4-major/bin/../lib/gcc/arm-none-eabi/9.2.1/../../../../arm-none-eabi/lib/thumb/v7e-m+fp/hard\libg.a(lib_a-findfp.o)
                0x0800a398                __sfp_lock_acquire
 .text.__sfp_lock_release
                0x0800a3a4        0xc e:/environment/9 2019-q4-major/bin/../lib/gcc/arm-none-eabi/9.2.1/../../../../arm-none-eabi/lib/thumb/v7e-m+fp/hard\libg.a(lib_a-findfp.o)
                0x0800a3a4                __sfp_lock_release
 .text.__libc_fini_array
                0x0800a3b0       0x2c e:/environment/9 2019-q4-major/bin/../lib/gcc/arm-none-eabi/9.2.1/../../../../arm-none-eabi/lib/thumb/v7e-m+fp/hard\libg.a(lib_a-fini.o)
                0x0800a3b0                __libc_fini_array
 .text._malloc_trim_r
                0x0800a3dc       0xa0 e:/environment/9 2019-q4-major/bin/../lib/gcc/arm-none-eabi/9.2.1/../../../../arm-none-eabi/lib/thumb/v7e-m+fp/hard\libg.a(lib_a-freer.o)
                0x0800a3dc                _malloc_trim_r
 .text._free_r  0x0800a47c      0x208 e:/environment/9 2019-q4-major/bin/../lib/gcc/arm-none-eabi/9.2.1/../../../../arm-none-eabi/lib/thumb/v7e-m+fp/hard\libg.a(lib_a-freer.o)
                0x0800a47c                _free_r
 .text._fwalk_reent
                0x0800a684       0x48 e:/environment/9 2019-q4-major/bin/../lib/gcc/arm-none-eabi/9.2.1/../../../../arm-none-eabi/lib/thumb/v7e-m+fp/hard\libg.a(lib_a-fwalk.o)
                0x0800a684                _fwalk_reent
 .text._localeconv_r
                0x0800a6cc        0x8 e:/environment/9 2019-q4-major/bin/../lib/gcc/arm-none-eabi/9.2.1/../../../../arm-none-eabi/lib/thumb/v7e-m+fp/hard\libg.a(lib_a-localeconv.o)
                0x0800a6cc                _localeconv_r
 .text.__retarget_lock_init_recursive
                0x0800a6d4        0x4 e:/environment/9 2019-q4-major/bin/../lib/gcc/arm-none-eabi/9.2.1/../../../../arm-none-eabi/lib/thumb/v7e-m+fp/hard\libg.a(lib_a-lock.o)
                0x0800a6d4                __retarget_lock_init_recursive
 .text.__retarget_lock_close_recursive
                0x0800a6d8        0x4 e:/environment/9 2019-q4-major/bin/../lib/gcc/arm-none-eabi/9.2.1/../../../../arm-none-eabi/lib/thumb/v7e-m+fp/hard\libg.a(lib_a-lock.o)
                0x0800a6d8                __retarget_lock_close_recursive
 .text.__retarget_lock_acquire_recursive
                0x0800a6dc        0x4 e:/environment/9 2019-q4-major/bin/../lib/gcc/arm-none-eabi/9.2.1/../../../../arm-none-eabi/lib/thumb/v7e-m+fp/hard\libg.a(lib_a-lock.o)
                0x0800a6dc                __retarget_lock_acquire_recursive
 .text.__retarget_lock_release_recursive
                0x0800a6e0        0x4 e:/environment/9 2019-q4-major/bin/../lib/gcc/arm-none-eabi/9.2.1/../../../../arm-none-eabi/lib/thumb/v7e-m+fp/hard\libg.a(lib_a-lock.o)
                0x0800a6e0                __retarget_lock_release_recursive
 .text.__swhatbuf_r
                0x0800a6e4       0x5c e:/environment/9 2019-q4-major/bin/../lib/gcc/arm-none-eabi/9.2.1/../../../../arm-none-eabi/lib/thumb/v7e-m+fp/hard\libg.a(lib_a-makebuf.o)
                0x0800a6e4                __swhatbuf_r
 .text.__smakebuf_r
                0x0800a740       0x98 e:/environment/9 2019-q4-major/bin/../lib/gcc/arm-none-eabi/9.2.1/../../../../arm-none-eabi/lib/thumb/v7e-m+fp/hard\libg.a(lib_a-makebuf.o)
                0x0800a740                __smakebuf_r
 .text.malloc   0x0800a7d8       0x10 e:/environment/9 2019-q4-major/bin/../lib/gcc/arm-none-eabi/9.2.1/../../../../arm-none-eabi/lib/thumb/v7e-m+fp/hard\libg.a(lib_a-malloc.o)
                0x0800a7d8                malloc
 .text._malloc_r
                0x0800a7e8      0x574 e:/environment/9 2019-q4-major/bin/../lib/gcc/arm-none-eabi/9.2.1/../../../../arm-none-eabi/lib/thumb/v7e-m+fp/hard\libg.a(lib_a-mallocr.o)
                0x0800a7e8                _malloc_r
 .text.__malloc_lock
                0x0800ad5c        0xc e:/environment/9 2019-q4-major/bin/../lib/gcc/arm-none-eabi/9.2.1/../../../../arm-none-eabi/lib/thumb/v7e-m+fp/hard\libg.a(lib_a-mlock.o)
                0x0800ad5c                __malloc_lock
 .text.__malloc_unlock
                0x0800ad68        0xc e:/environment/9 2019-q4-major/bin/../lib/gcc/arm-none-eabi/9.2.1/../../../../arm-none-eabi/lib/thumb/v7e-m+fp/hard\libg.a(lib_a-mlock.o)
                0x0800ad68                __malloc_unlock
 .text._Balloc  0x0800ad74       0x4c e:/environment/9 2019-q4-major/bin/../lib/gcc/arm-none-eabi/9.2.1/../../../../arm-none-eabi/lib/thumb/v7e-m+fp/hard\libg.a(lib_a-mprec.o)
                0x0800ad74                _Balloc
 .text._Bfree   0x0800adc0       0x14 e:/environment/9 2019-q4-major/bin/../lib/gcc/arm-none-eabi/9.2.1/../../../../arm-none-eabi/lib/thumb/v7e-m+fp/hard\libg.a(lib_a-mprec.o)
                0x0800adc0                _Bfree
 .text.__multadd
                0x0800add4       0x8c e:/environment/9 2019-q4-major/bin/../lib/gcc/arm-none-eabi/9.2.1/../../../../arm-none-eabi/lib/thumb/v7e-m+fp/hard\libg.a(lib_a-mprec.o)
                0x0800add4                __multadd
 .text.__hi0bits
                0x0800ae60       0x40 e:/environment/9 2019-q4-major/bin/../lib/gcc/arm-none-eabi/9.2.1/../../../../arm-none-eabi/lib/thumb/v7e-m+fp/hard\libg.a(lib_a-mprec.o)
                0x0800ae60                __hi0bits
 .text.__lo0bits
                0x0800aea0       0x60 e:/environment/9 2019-q4-major/bin/../lib/gcc/arm-none-eabi/9.2.1/../../../../arm-none-eabi/lib/thumb/v7e-m+fp/hard\libg.a(lib_a-mprec.o)
                0x0800aea0                __lo0bits
 .text.__i2b    0x0800af00       0x14 e:/environment/9 2019-q4-major/bin/../lib/gcc/arm-none-eabi/9.2.1/../../../../arm-none-eabi/lib/thumb/v7e-m+fp/hard\libg.a(lib_a-mprec.o)
                0x0800af00                __i2b
 .text.__multiply
                0x0800af14      0x144 e:/environment/9 2019-q4-major/bin/../lib/gcc/arm-none-eabi/9.2.1/../../../../arm-none-eabi/lib/thumb/v7e-m+fp/hard\libg.a(lib_a-mprec.o)
                0x0800af14                __multiply
 .text.__pow5mult
                0x0800b058       0xa0 e:/environment/9 2019-q4-major/bin/../lib/gcc/arm-none-eabi/9.2.1/../../../../arm-none-eabi/lib/thumb/v7e-m+fp/hard\libg.a(lib_a-mprec.o)
                0x0800b058                __pow5mult
 .text.__lshift
                0x0800b0f8       0xd4 e:/environment/9 2019-q4-major/bin/../lib/gcc/arm-none-eabi/9.2.1/../../../../arm-none-eabi/lib/thumb/v7e-m+fp/hard\libg.a(lib_a-mprec.o)
                0x0800b0f8                __lshift
 .text.__mcmp   0x0800b1cc       0x3c e:/environment/9 2019-q4-major/bin/../lib/gcc/arm-none-eabi/9.2.1/../../../../arm-none-eabi/lib/thumb/v7e-m+fp/hard\libg.a(lib_a-mprec.o)
                0x0800b1cc                __mcmp
 .text.__mdiff  0x0800b208      0x138 e:/environment/9 2019-q4-major/bin/../lib/gcc/arm-none-eabi/9.2.1/../../../../arm-none-eabi/lib/thumb/v7e-m+fp/hard\libg.a(lib_a-mprec.o)
                0x0800b208                __mdiff
 .text.__d2b    0x0800b340       0xbc e:/environment/9 2019-q4-major/bin/../lib/gcc/arm-none-eabi/9.2.1/../../../../arm-none-eabi/lib/thumb/v7e-m+fp/hard\libg.a(lib_a-mprec.o)
                0x0800b340                __d2b
 .text.frexp    0x0800b3fc       0x6c e:/environment/9 2019-q4-major/bin/../lib/gcc/arm-none-eabi/9.2.1/../../../../arm-none-eabi/lib/thumb/v7e-m+fp/hard\libg.a(lib_a-s_frexp.o)
                0x0800b3fc                frexp
 .text._sbrk_r  0x0800b468       0x24 e:/environment/9 2019-q4-major/bin/../lib/gcc/arm-none-eabi/9.2.1/../../../../arm-none-eabi/lib/thumb/v7e-m+fp/hard\libg.a(lib_a-sbrkr.o)
                0x0800b468                _sbrk_r
 .text.__sread  0x0800b48c       0x24 e:/environment/9 2019-q4-major/bin/../lib/gcc/arm-none-eabi/9.2.1/../../../../arm-none-eabi/lib/thumb/v7e-m+fp/hard\libg.a(lib_a-stdio.o)
                0x0800b48c                __sread
 .text.__swrite
                0x0800b4b0       0x40 e:/environment/9 2019-q4-major/bin/../lib/gcc/arm-none-eabi/9.2.1/../../../../arm-none-eabi/lib/thumb/v7e-m+fp/hard\libg.a(lib_a-stdio.o)
                0x0800b4b0                __swrite
 .text.__sseek  0x0800b4f0       0x20 e:/environment/9 2019-q4-major/bin/../lib/gcc/arm-none-eabi/9.2.1/../../../../arm-none-eabi/lib/thumb/v7e-m+fp/hard\libg.a(lib_a-stdio.o)
                0x0800b4f0                __sseek
 .text.__sclose
                0x0800b510        0x8 e:/environment/9 2019-q4-major/bin/../lib/gcc/arm-none-eabi/9.2.1/../../../../arm-none-eabi/lib/thumb/v7e-m+fp/hard\libg.a(lib_a-stdio.o)
                0x0800b510                __sclose
 .text.strncpy  0x0800b518       0x68 e:/environment/9 2019-q4-major/bin/../lib/gcc/arm-none-eabi/9.2.1/../../../../arm-none-eabi/lib/thumb/v7e-m+fp/hard\libg.a(lib_a-strncpy.o)
                0x0800b518                strncpy
 .text.__sprint_r.part.0
                0x0800b580       0x78 e:/environment/9 2019-q4-major/bin/../lib/gcc/arm-none-eabi/9.2.1/../../../../arm-none-eabi/lib/thumb/v7e-m+fp/hard\libg.a(lib_a-vfiprintf.o)
 .text.__sprint_r
                0x0800b5f8       0x18 e:/environment/9 2019-q4-major/bin/../lib/gcc/arm-none-eabi/9.2.1/../../../../arm-none-eabi/lib/thumb/v7e-m+fp/hard\libg.a(lib_a-vfiprintf.o)
                0x0800b5f8                __sprint_r
 .text._write_r
                0x0800b610       0x2c e:/environment/9 2019-q4-major/bin/../lib/gcc/arm-none-eabi/9.2.1/../../../../arm-none-eabi/lib/thumb/v7e-m+fp/hard\libg.a(lib_a-writer.o)
                0x0800b610                _write_r
 .text.__register_exitproc
                0x0800b63c       0x8c e:/environment/9 2019-q4-major/bin/../lib/gcc/arm-none-eabi/9.2.1/../../../../arm-none-eabi/lib/thumb/v7e-m+fp/hard\libg.a(lib_a-__atexit.o)
                0x0800b63c                __register_exitproc
 .text._calloc_r
                0x0800b6c8       0x60 e:/environment/9 2019-q4-major/bin/../lib/gcc/arm-none-eabi/9.2.1/../../../../arm-none-eabi/lib/thumb/v7e-m+fp/hard\libg.a(lib_a-callocr.o)
                0x0800b6c8                _calloc_r
 .text._close_r
                0x0800b728       0x24 e:/environment/9 2019-q4-major/bin/../lib/gcc/arm-none-eabi/9.2.1/../../../../arm-none-eabi/lib/thumb/v7e-m+fp/hard\libg.a(lib_a-closer.o)
                0x0800b728                _close_r
 .text._fclose_r
                0x0800b74c       0xcc e:/environment/9 2019-q4-major/bin/../lib/gcc/arm-none-eabi/9.2.1/../../../../arm-none-eabi/lib/thumb/v7e-m+fp/hard\libg.a(lib_a-fclose.o)
                0x0800b74c                _fclose_r
 .text.__fputwc
                0x0800b818       0xa8 e:/environment/9 2019-q4-major/bin/../lib/gcc/arm-none-eabi/9.2.1/../../../../arm-none-eabi/lib/thumb/v7e-m+fp/hard\libg.a(lib_a-fputwc.o)
                0x0800b818                __fputwc
 .text._fputwc_r
                0x0800b8c0       0x68 e:/environment/9 2019-q4-major/bin/../lib/gcc/arm-none-eabi/9.2.1/../../../../arm-none-eabi/lib/thumb/v7e-m+fp/hard\libg.a(lib_a-fputwc.o)
                0x0800b8c0                _fputwc_r
 .text._fstat_r
                0x0800b928       0x2c e:/environment/9 2019-q4-major/bin/../lib/gcc/arm-none-eabi/9.2.1/../../../../arm-none-eabi/lib/thumb/v7e-m+fp/hard\libg.a(lib_a-fstatr.o)
                0x0800b928                _fstat_r
 .text.__sfvwrite_r
                0x0800b954      0x2e0 e:/environment/9 2019-q4-major/bin/../lib/gcc/arm-none-eabi/9.2.1/../../../../arm-none-eabi/lib/thumb/v7e-m+fp/hard\libg.a(lib_a-fvwrite.o)
                0x0800b954                __sfvwrite_r
 .text._isatty_r
                0x0800bc34       0x24 e:/environment/9 2019-q4-major/bin/../lib/gcc/arm-none-eabi/9.2.1/../../../../arm-none-eabi/lib/thumb/v7e-m+fp/hard\libg.a(lib_a-isattyr.o)
                0x0800bc34                _isatty_r
 .text.__locale_mb_cur_max
                0x0800bc58        0xc e:/environment/9 2019-q4-major/bin/../lib/gcc/arm-none-eabi/9.2.1/../../../../arm-none-eabi/lib/thumb/v7e-m+fp/hard\libg.a(lib_a-locale.o)
                0x0800bc58                __locale_mb_cur_max
 .text._lseek_r
                0x0800bc64       0x2c e:/environment/9 2019-q4-major/bin/../lib/gcc/arm-none-eabi/9.2.1/../../../../arm-none-eabi/lib/thumb/v7e-m+fp/hard\libg.a(lib_a-lseekr.o)
                0x0800bc64                _lseek_r
 .text.__ascii_mbtowc
                0x0800bc90       0x2c e:/environment/9 2019-q4-major/bin/../lib/gcc/arm-none-eabi/9.2.1/../../../../arm-none-eabi/lib/thumb/v7e-m+fp/hard\libg.a(lib_a-mbtowc_r.o)
                0x0800bc90                __ascii_mbtowc
 .text.memmove  0x0800bcbc       0xd8 e:/environment/9 2019-q4-major/bin/../lib/gcc/arm-none-eabi/9.2.1/../../../../arm-none-eabi/lib/thumb/v7e-m+fp/hard\libg.a(lib_a-memmove.o)
                0x0800bcbc                memmove
 .text._read_r  0x0800bd94       0x2c e:/environment/9 2019-q4-major/bin/../lib/gcc/arm-none-eabi/9.2.1/../../../../arm-none-eabi/lib/thumb/v7e-m+fp/hard\libg.a(lib_a-readr.o)
                0x0800bd94                _read_r
 .text._realloc_r
                0x0800bdc0      0x3e0 e:/environment/9 2019-q4-major/bin/../lib/gcc/arm-none-eabi/9.2.1/../../../../arm-none-eabi/lib/thumb/v7e-m+fp/hard\libg.a(lib_a-reallocr.o)
                0x0800bdc0                _realloc_r
 .text.__swbuf_r
                0x0800c1a0       0xb0 e:/environment/9 2019-q4-major/bin/../lib/gcc/arm-none-eabi/9.2.1/../../../../arm-none-eabi/lib/thumb/v7e-m+fp/hard\libg.a(lib_a-wbuf.o)
                0x0800c1a0                __swbuf_r
 .text._wcrtomb_r
                0x0800c250       0x3c e:/environment/9 2019-q4-major/bin/../lib/gcc/arm-none-eabi/9.2.1/../../../../arm-none-eabi/lib/thumb/v7e-m+fp/hard\libg.a(lib_a-wcrtomb.o)
                0x0800c250                _wcrtomb_r
 .text.__ascii_wctomb
                0x0800c28c       0x1c e:/environment/9 2019-q4-major/bin/../lib/gcc/arm-none-eabi/9.2.1/../../../../arm-none-eabi/lib/thumb/v7e-m+fp/hard\libg.a(lib_a-wctomb_r.o)
                0x0800c28c                __ascii_wctomb
 *(.glue_7)
 .glue_7        0x0800c2a8        0x0 linker stubs
 *(.glue_7t)
 .glue_7t       0x0800c2a8        0x0 linker stubs
 *(.eh_frame)
 .eh_frame      0x0800c2a8        0x0 e:/environment/9 2019-q4-major/bin/../lib/gcc/arm-none-eabi/9.2.1/thumb/v7e-m+fp/hard/crtbegin.o
 *(.init)
 .init          0x0800c2a8        0x4 e:/environment/9 2019-q4-major/bin/../lib/gcc/arm-none-eabi/9.2.1/thumb/v7e-m+fp/hard/crti.o
                0x0800c2a8                _init
 .init          0x0800c2ac        0x8 e:/environment/9 2019-q4-major/bin/../lib/gcc/arm-none-eabi/9.2.1/thumb/v7e-m+fp/hard/crtn.o
 *(.fini)
 .fini          0x0800c2b4        0x4 e:/environment/9 2019-q4-major/bin/../lib/gcc/arm-none-eabi/9.2.1/thumb/v7e-m+fp/hard/crti.o
                0x0800c2b4                _fini
 .fini          0x0800c2b8        0x8 e:/environment/9 2019-q4-major/bin/../lib/gcc/arm-none-eabi/9.2.1/thumb/v7e-m+fp/hard/crtn.o
                0x0800c2c0                . = ALIGN (0x4)
                0x0800c2c0                _etext = .

.vfp11_veneer   0x0800c2c0        0x0
 .vfp11_veneer  0x0800c2c0        0x0 linker stubs

.v4_bx          0x0800c2c0        0x0
 .v4_bx         0x0800c2c0        0x0 linker stubs

.iplt           0x0800c2c0        0x0
 .iplt          0x0800c2c0        0x0 e:/environment/9 2019-q4-major/bin/../lib/gcc/arm-none-eabi/9.2.1/thumb/v7e-m+fp/hard/crtbegin.o

.rodata         0x0800c2c0      0x2e0
                0x0800c2c0                . = ALIGN (0x4)
 *(.rodata)
 *(.rodata*)
 .rodata.Get_Data.str1.4
                0x0800c2c0        0xe CMakeFiles/h750_blink.elf.dir/Core/Src/main.c.obj
 *fill*         0x0800c2ce        0x2 
 .rodata.HAL_UART_RxCpltCallback.str1.4
                0x0800c2d0        0xd CMakeFiles/h750_blink.elf.dir/Core/Src/main.c.obj
 *fill*         0x0800c2dd        0x3 
 .rodata.D1CorePrescTable
                0x0800c2e0       0x10 CMakeFiles/h750_blink.elf.dir/Core/Src/system_stm32h7xx.c.obj
                0x0800c2e0                D1CorePrescTable
 .rodata.UARTPrescTable
                0x0800c2f0       0x18 CMakeFiles/h750_blink.elf.dir/Drivers/STM32H7xx_HAL_Driver/Src/stm32h7xx_hal_uart.c.obj
                0x0800c2f0                UARTPrescTable
 .rodata.denominator.11038
                0x0800c308        0x8 CMakeFiles/h750_blink.elf.dir/Drivers/STM32H7xx_HAL_Driver/Src/stm32h7xx_hal_uart_ex.c.obj
 .rodata.numerator.11037
                0x0800c310        0x8 CMakeFiles/h750_blink.elf.dir/Drivers/STM32H7xx_HAL_Driver/Src/stm32h7xx_hal_uart_ex.c.obj
 .rodata._global_impure_ptr
                0x0800c318        0x4 e:/environment/9 2019-q4-major/bin/../lib/gcc/arm-none-eabi/9.2.1/../../../../arm-none-eabi/lib/thumb/v7e-m+fp/hard\libg.a(lib_a-impure.o)
                0x0800c318                _global_impure_ptr
 .rodata._vfprintf_r.str1.4
                0x0800c31c       0x42 e:/environment/9 2019-q4-major/bin/../lib/gcc/arm-none-eabi/9.2.1/../../../../arm-none-eabi/lib/thumb/v7e-m+fp/hard\libg.a(lib_a-vfprintf.o)
 *fill*         0x0800c35e        0x2 
 .rodata.blanks.8723
                0x0800c360       0x10 e:/environment/9 2019-q4-major/bin/../lib/gcc/arm-none-eabi/9.2.1/../../../../arm-none-eabi/lib/thumb/v7e-m+fp/hard\libg.a(lib_a-vfprintf.o)
 .rodata.zeroes.8724
                0x0800c370       0x10 e:/environment/9 2019-q4-major/bin/../lib/gcc/arm-none-eabi/9.2.1/../../../../arm-none-eabi/lib/thumb/v7e-m+fp/hard\libg.a(lib_a-vfprintf.o)
 .rodata._dtoa_r.str1.4
                0x0800c380        0xd e:/environment/9 2019-q4-major/bin/../lib/gcc/arm-none-eabi/9.2.1/../../../../arm-none-eabi/lib/thumb/v7e-m+fp/hard\libg.a(lib_a-dtoa.o)
                                 0x12 (size before relaxing)
 *fill*         0x0800c38d        0x3 
 .rodata.__mprec_bigtens
                0x0800c390       0x28 e:/environment/9 2019-q4-major/bin/../lib/gcc/arm-none-eabi/9.2.1/../../../../arm-none-eabi/lib/thumb/v7e-m+fp/hard\libg.a(lib_a-mprec.o)
                0x0800c390                __mprec_bigtens
 .rodata.__mprec_tens
                0x0800c3b8       0xc8 e:/environment/9 2019-q4-major/bin/../lib/gcc/arm-none-eabi/9.2.1/../../../../arm-none-eabi/lib/thumb/v7e-m+fp/hard\libg.a(lib_a-mprec.o)
                0x0800c3b8                __mprec_tens
 .rodata.p05.7478
                0x0800c480        0xc e:/environment/9 2019-q4-major/bin/../lib/gcc/arm-none-eabi/9.2.1/../../../../arm-none-eabi/lib/thumb/v7e-m+fp/hard\libg.a(lib_a-mprec.o)
 .rodata._setlocale_r.str1.4
                0x0800c48c        0xa e:/environment/9 2019-q4-major/bin/../lib/gcc/arm-none-eabi/9.2.1/../../../../arm-none-eabi/lib/thumb/v7e-m+fp/hard\libg.a(lib_a-locale.o)
                                  0xd (size before relaxing)
 *fill*         0x0800c496        0x2 
 .rodata.str1.4
                0x0800c498        0x2 e:/environment/9 2019-q4-major/bin/../lib/gcc/arm-none-eabi/9.2.1/../../../../arm-none-eabi/lib/thumb/v7e-m+fp/hard\libg.a(lib_a-locale.o)
 *fill*         0x0800c49a        0x2 
 .rodata._ctype_
                0x0800c49c      0x101 e:/environment/9 2019-q4-major/bin/../lib/gcc/arm-none-eabi/9.2.1/../../../../arm-none-eabi/lib/thumb/v7e-m+fp/hard\libg.a(lib_a-ctype_.o)
                0x0800c49c                _ctype_
                0x0800c5a0                . = ALIGN (0x4)
 *fill*         0x0800c59d        0x3 

.ARM.extab
 *(.ARM.extab* .gnu.linkonce.armextab.*)

.ARM            0x0800c5a0        0x8
                0x0800c5a0                __exidx_start = .
 *(.ARM.exidx*)
 .ARM.exidx     0x0800c5a0        0x8 e:/environment/9 2019-q4-major/bin/../lib/gcc/arm-none-eabi/9.2.1/thumb/v7e-m+fp/hard\libgcc.a(_udivmoddi4.o)
                0x0800c5a8                __exidx_end = .

.rel.dyn        0x0800c5a8        0x0
 .rel.iplt      0x0800c5a8        0x0 e:/environment/9 2019-q4-major/bin/../lib/gcc/arm-none-eabi/9.2.1/thumb/v7e-m+fp/hard/crtbegin.o

.preinit_array  0x0800c5a8        0x0
                0x0800c5a8                PROVIDE (__preinit_array_start = .)
 *(.preinit_array*)
                0x0800c5a8                PROVIDE (__preinit_array_end = .)

.init_array     0x0800c5a8        0x8
                0x0800c5a8                PROVIDE (__init_array_start = .)
 *(SORT_BY_NAME(.init_array.*))
 .init_array.00000
                0x0800c5a8        0x4 e:/environment/9 2019-q4-major/bin/../lib/gcc/arm-none-eabi/9.2.1/../../../../arm-none-eabi/lib/thumb/v7e-m+fp/hard\libg.a(lib_a-__call_atexit.o)
 *(.init_array*)
 .init_array    0x0800c5ac        0x4 e:/environment/9 2019-q4-major/bin/../lib/gcc/arm-none-eabi/9.2.1/thumb/v7e-m+fp/hard/crtbegin.o
                0x0800c5b0                PROVIDE (__init_array_end = .)

.fini_array     0x0800c5b0        0x4
                0x0800c5b0                PROVIDE (__fini_array_start = .)
 *(SORT_BY_NAME(.fini_array.*))
 *(.fini_array*)
 .fini_array    0x0800c5b0        0x4 e:/environment/9 2019-q4-major/bin/../lib/gcc/arm-none-eabi/9.2.1/thumb/v7e-m+fp/hard/crtbegin.o
                0x0800c5b4                PROVIDE (__fini_array_end = .)
                0x0800c5b4                _sidata = LOADADDR (.data)

.data           0x24000000      0x9c0 load address 0x0800c5b4
                0x24000000                . = ALIGN (0x4)
                0x24000000                _sdata = .
 *(.data)
 *(.data*)
 .data.SystemCoreClock
                0x24000000        0x4 CMakeFiles/h750_blink.elf.dir/Core/Src/system_stm32h7xx.c.obj
                0x24000000                SystemCoreClock
 .data.SystemD2Clock
                0x24000004        0x4 CMakeFiles/h750_blink.elf.dir/Core/Src/system_stm32h7xx.c.obj
                0x24000004                SystemD2Clock
 .data.uwTickFreq
                0x24000008        0x1 CMakeFiles/h750_blink.elf.dir/Drivers/STM32H7xx_HAL_Driver/Src/stm32h7xx_hal.c.obj
                0x24000008                uwTickFreq
 *fill*         0x24000009        0x3 
 .data.uwTickPrio
                0x2400000c        0x4 CMakeFiles/h750_blink.elf.dir/Drivers/STM32H7xx_HAL_Driver/Src/stm32h7xx_hal.c.obj
                0x2400000c                uwTickPrio
 .data._impure_ptr
                0x24000010        0x4 e:/environment/9 2019-q4-major/bin/../lib/gcc/arm-none-eabi/9.2.1/../../../../arm-none-eabi/lib/thumb/v7e-m+fp/hard\libg.a(lib_a-impure.o)
                0x24000010                _impure_ptr
 *fill*         0x24000014        0x4 
 .data.impure_data
                0x24000018      0x428 e:/environment/9 2019-q4-major/bin/../lib/gcc/arm-none-eabi/9.2.1/../../../../arm-none-eabi/lib/thumb/v7e-m+fp/hard\libg.a(lib_a-impure.o)
 .data.__atexit_recursive_mutex
                0x24000440        0x4 e:/environment/9 2019-q4-major/bin/../lib/gcc/arm-none-eabi/9.2.1/../../../../arm-none-eabi/lib/thumb/v7e-m+fp/hard\libg.a(lib_a-__call_atexit.o)
                0x24000440                __atexit_recursive_mutex
 .data.__malloc_av_
                0x24000444      0x408 e:/environment/9 2019-q4-major/bin/../lib/gcc/arm-none-eabi/9.2.1/../../../../arm-none-eabi/lib/thumb/v7e-m+fp/hard\libg.a(lib_a-mallocr.o)
                0x24000444                __malloc_av_
 .data.__malloc_sbrk_base
                0x2400084c        0x4 e:/environment/9 2019-q4-major/bin/../lib/gcc/arm-none-eabi/9.2.1/../../../../arm-none-eabi/lib/thumb/v7e-m+fp/hard\libg.a(lib_a-mallocr.o)
                0x2400084c                __malloc_sbrk_base
 .data.__malloc_trim_threshold
                0x24000850        0x4 e:/environment/9 2019-q4-major/bin/../lib/gcc/arm-none-eabi/9.2.1/../../../../arm-none-eabi/lib/thumb/v7e-m+fp/hard\libg.a(lib_a-mallocr.o)
                0x24000850                __malloc_trim_threshold
 .data.__global_locale
                0x24000854      0x16c e:/environment/9 2019-q4-major/bin/../lib/gcc/arm-none-eabi/9.2.1/../../../../arm-none-eabi/lib/thumb/v7e-m+fp/hard\libg.a(lib_a-locale.o)
                0x24000854                __global_locale
 *(.RamFunc)
 *(.RamFunc*)
                0x240009c0                . = ALIGN (0x4)
                0x240009c0                _edata = .

.igot.plt       0x240009c0        0x0 load address 0x0800cf74
 .igot.plt      0x240009c0        0x0 e:/environment/9 2019-q4-major/bin/../lib/gcc/arm-none-eabi/9.2.1/thumb/v7e-m+fp/hard/crtbegin.o
                0x240009c0                . = ALIGN (0x4)

.bss            0x240009c0      0x430 load address 0x0800cf74
                0x240009c0                _sbss = .
                0x240009c0                __bss_start__ = _sbss
 *(.bss)
 .bss           0x240009c0       0x1c e:/environment/9 2019-q4-major/bin/../lib/gcc/arm-none-eabi/9.2.1/thumb/v7e-m+fp/hard/crtbegin.o
 *(.bss*)
 .bss.g_fac_us  0x240009dc        0x4 CMakeFiles/h750_blink.elf.dir/Core/Src/delay.c.obj
 .bss.POINT_COLOR
                0x240009e0        0x2 CMakeFiles/h750_blink.elf.dir/Core/Src/lcd.c.obj
                0x240009e0                POINT_COLOR
 *fill*         0x240009e2        0x2 
 .bss.lcddev    0x240009e4        0xe CMakeFiles/h750_blink.elf.dir/Core/Src/lcd.c.obj
                0x240009e4                lcddev
 *fill*         0x240009f2        0x2 
 .bss.DataBuff  0x240009f4       0xc8 CMakeFiles/h750_blink.elf.dir/Core/Src/main.c.obj
                0x240009f4                DataBuff
 .bss.IMU_RxBuffer
                0x24000abc        0x4 CMakeFiles/h750_blink.elf.dir/Core/Src/main.c.obj
                0x24000abc                IMU_RxBuffer
 .bss.IMU_data  0x24000ac0        0x4 CMakeFiles/h750_blink.elf.dir/Core/Src/main.c.obj
                0x24000ac0                IMU_data
 .bss.QRCODE    0x24000ac4        0x6 CMakeFiles/h750_blink.elf.dir/Core/Src/main.c.obj
                0x24000ac4                QRCODE
 .bss.RxLine    0x24000aca        0x2 CMakeFiles/h750_blink.elf.dir/Core/Src/main.c.obj
                0x24000aca                RxLine
 .bss.USART1_RXbuff
                0x24000acc       0x14 CMakeFiles/h750_blink.elf.dir/Core/Src/main.c.obj
                0x24000acc                USART1_RXbuff
 .bss.X         0x24000ae0        0x2 CMakeFiles/h750_blink.elf.dir/Core/Src/main.c.obj
                0x24000ae0                X
 .bss.Y         0x24000ae2        0x2 CMakeFiles/h750_blink.elf.dir/Core/Src/main.c.obj
                0x24000ae2                Y
 .bss.code      0x24000ae4        0x3 CMakeFiles/h750_blink.elf.dir/Core/Src/main.c.obj
                0x24000ae4                code
 .bss.color     0x24000ae7        0x1 CMakeFiles/h750_blink.elf.dir/Core/Src/main.c.obj
                0x24000ae7                color
 .bss.k230_RxBuffer
                0x24000ae8        0x1 CMakeFiles/h750_blink.elf.dir/Core/Src/main.c.obj
                0x24000ae8                k230_RxBuffer
 .bss.motionflag
                0x24000ae9        0x1 CMakeFiles/h750_blink.elf.dir/Core/Src/main.c.obj
                0x24000ae9                motionflag
 .bss.r         0x24000aea        0x2 CMakeFiles/h750_blink.elf.dir/Core/Src/main.c.obj
                0x24000aea                r
 .bss.gHuart    0x24000aec        0x4 CMakeFiles/h750_blink.elf.dir/Core/Src/retarget.c.obj
                0x24000aec                gHuart
 .bss.__sbrk_heap_end
                0x24000af0        0x4 CMakeFiles/h750_blink.elf.dir/Core/Src/sysmem.c.obj
 .bss.htim2     0x24000af4       0x4c CMakeFiles/h750_blink.elf.dir/Core/Src/tim.c.obj
                0x24000af4                htim2
 .bss.huart1    0x24000b40       0x94 CMakeFiles/h750_blink.elf.dir/Core/Src/usart.c.obj
                0x24000b40                huart1
 .bss.huart3    0x24000bd4       0x94 CMakeFiles/h750_blink.elf.dir/Core/Src/usart.c.obj
                0x24000bd4                huart3
 .bss.huart4    0x24000c68       0x94 CMakeFiles/h750_blink.elf.dir/Core/Src/usart.c.obj
                0x24000c68                huart4
 .bss.huart5    0x24000cfc       0x94 CMakeFiles/h750_blink.elf.dir/Core/Src/usart.c.obj
                0x24000cfc                huart5
 .bss.uwTick    0x24000d90        0x4 CMakeFiles/h750_blink.elf.dir/Drivers/STM32H7xx_HAL_Driver/Src/stm32h7xx_hal.c.obj
                0x24000d90                uwTick
 .bss.__malloc_current_mallinfo
                0x24000d94       0x28 e:/environment/9 2019-q4-major/bin/../lib/gcc/arm-none-eabi/9.2.1/../../../../arm-none-eabi/lib/thumb/v7e-m+fp/hard\libg.a(lib_a-mallocr.o)
                0x24000d94                __malloc_current_mallinfo
 .bss.__malloc_max_sbrked_mem
                0x24000dbc        0x4 e:/environment/9 2019-q4-major/bin/../lib/gcc/arm-none-eabi/9.2.1/../../../../arm-none-eabi/lib/thumb/v7e-m+fp/hard\libg.a(lib_a-mallocr.o)
                0x24000dbc                __malloc_max_sbrked_mem
 .bss.__malloc_max_total_mem
                0x24000dc0        0x4 e:/environment/9 2019-q4-major/bin/../lib/gcc/arm-none-eabi/9.2.1/../../../../arm-none-eabi/lib/thumb/v7e-m+fp/hard\libg.a(lib_a-mallocr.o)
                0x24000dc0                __malloc_max_total_mem
 .bss.__malloc_top_pad
                0x24000dc4        0x4 e:/environment/9 2019-q4-major/bin/../lib/gcc/arm-none-eabi/9.2.1/../../../../arm-none-eabi/lib/thumb/v7e-m+fp/hard\libg.a(lib_a-mallocr.o)
                0x24000dc4                __malloc_top_pad
 *(COMMON)
 COMMON         0x24000dc8       0x21 e:/environment/9 2019-q4-major/bin/../lib/gcc/arm-none-eabi/9.2.1/../../../../arm-none-eabi/lib/thumb/v7e-m+fp/hard\libg.a(lib_a-lock.o)
                0x24000dc8                __lock___atexit_recursive_mutex
                0x24000dcc                __lock___arc4random_mutex
                0x24000dd0                __lock___env_recursive_mutex
                0x24000dd4                __lock___sinit_recursive_mutex
                0x24000dd8                __lock___malloc_recursive_mutex
                0x24000ddc                __lock___at_quick_exit_mutex
                0x24000de0                __lock___dd_hash_mutex
                0x24000de4                __lock___tz_mutex
                0x24000de8                __lock___sfp_recursive_mutex
 *fill*         0x24000de9        0x3 
 COMMON         0x24000dec        0x4 e:/environment/9 2019-q4-major/bin/../lib/gcc/arm-none-eabi/9.2.1/../../../../arm-none-eabi/lib/thumb/v7e-m+fp/hard\libg.a(lib_a-reent.o)
                0x24000dec                errno
                0x24000df0                . = ALIGN (0x4)
                0x24000df0                _ebss = .
                0x24000df0                __bss_end__ = _ebss

._user_heap_stack
                0x24000df0      0x600 load address 0x0800cf74
                0x24000df0                . = ALIGN (0x8)
                [!provide]                PROVIDE (end = .)
                0x24000df0                PROVIDE (_end = .)
                0x24000ff0                . = (. + _Min_Heap_Size)
 *fill*         0x24000df0      0x200 
                0x240013f0                . = (. + _Min_Stack_Size)
 *fill*         0x24000ff0      0x400 
                0x240013f0                . = ALIGN (0x8)

/DISCARD/
 libc.a(*)
 libm.a(*)
 libgcc.a(*)

.ARM.attributes
                0x00000000       0x30
 *(.ARM.attributes)
 .ARM.attributes
                0x00000000       0x1e e:/environment/9 2019-q4-major/bin/../lib/gcc/arm-none-eabi/9.2.1/thumb/v7e-m+fp/hard/crti.o
 .ARM.attributes
                0x0000001e       0x34 e:/environment/9 2019-q4-major/bin/../lib/gcc/arm-none-eabi/9.2.1/thumb/v7e-m+fp/hard/crtbegin.o
 .ARM.attributes
                0x00000052       0x34 CMakeFiles/h750_blink.elf.dir/Core/Src/delay.c.obj
 .ARM.attributes
                0x00000086       0x34 CMakeFiles/h750_blink.elf.dir/Core/Src/gpio.c.obj
 .ARM.attributes
                0x000000ba       0x34 CMakeFiles/h750_blink.elf.dir/Core/Src/gui.c.obj
 .ARM.attributes
                0x000000ee       0x34 CMakeFiles/h750_blink.elf.dir/Core/Src/lcd.c.obj
 .ARM.attributes
                0x00000122       0x34 CMakeFiles/h750_blink.elf.dir/Core/Src/main.c.obj
 .ARM.attributes
                0x00000156       0x34 CMakeFiles/h750_blink.elf.dir/Core/Src/retarget.c.obj
 .ARM.attributes
                0x0000018a       0x34 CMakeFiles/h750_blink.elf.dir/Core/Src/ruanjianspi.c.obj
 .ARM.attributes
                0x000001be       0x34 CMakeFiles/h750_blink.elf.dir/Core/Src/stm32h7xx_hal_msp.c.obj
 .ARM.attributes
                0x000001f2       0x34 CMakeFiles/h750_blink.elf.dir/Core/Src/stm32h7xx_it.c.obj
 .ARM.attributes
                0x00000226       0x34 CMakeFiles/h750_blink.elf.dir/Core/Src/sysmem.c.obj
 .ARM.attributes
                0x0000025a       0x34 CMakeFiles/h750_blink.elf.dir/Core/Src/system_stm32h7xx.c.obj
 .ARM.attributes
                0x0000028e       0x34 CMakeFiles/h750_blink.elf.dir/Core/Src/tim.c.obj
 .ARM.attributes
                0x000002c2       0x34 CMakeFiles/h750_blink.elf.dir/Core/Src/usart.c.obj
 .ARM.attributes
                0x000002f6       0x21 CMakeFiles/h750_blink.elf.dir/Core/Startup/startup_stm32h750vbtx.s.obj
 .ARM.attributes
                0x00000317       0x34 CMakeFiles/h750_blink.elf.dir/Drivers/STM32H7xx_HAL_Driver/Src/stm32h7xx_hal.c.obj
 .ARM.attributes
                0x0000034b       0x34 CMakeFiles/h750_blink.elf.dir/Drivers/STM32H7xx_HAL_Driver/Src/stm32h7xx_hal_cortex.c.obj
 .ARM.attributes
                0x0000037f       0x34 CMakeFiles/h750_blink.elf.dir/Drivers/STM32H7xx_HAL_Driver/Src/stm32h7xx_hal_dma.c.obj
 .ARM.attributes
                0x000003b3       0x34 CMakeFiles/h750_blink.elf.dir/Drivers/STM32H7xx_HAL_Driver/Src/stm32h7xx_hal_gpio.c.obj
 .ARM.attributes
                0x000003e7       0x34 CMakeFiles/h750_blink.elf.dir/Drivers/STM32H7xx_HAL_Driver/Src/stm32h7xx_hal_pwr_ex.c.obj
 .ARM.attributes
                0x0000041b       0x34 CMakeFiles/h750_blink.elf.dir/Drivers/STM32H7xx_HAL_Driver/Src/stm32h7xx_hal_rcc.c.obj
 .ARM.attributes
                0x0000044f       0x34 CMakeFiles/h750_blink.elf.dir/Drivers/STM32H7xx_HAL_Driver/Src/stm32h7xx_hal_rcc_ex.c.obj
 .ARM.attributes
                0x00000483       0x34 CMakeFiles/h750_blink.elf.dir/Drivers/STM32H7xx_HAL_Driver/Src/stm32h7xx_hal_tim.c.obj
 .ARM.attributes
                0x000004b7       0x34 CMakeFiles/h750_blink.elf.dir/Drivers/STM32H7xx_HAL_Driver/Src/stm32h7xx_hal_tim_ex.c.obj
 .ARM.attributes
                0x000004eb       0x34 CMakeFiles/h750_blink.elf.dir/Drivers/STM32H7xx_HAL_Driver/Src/stm32h7xx_hal_uart.c.obj
 .ARM.attributes
                0x0000051f       0x34 CMakeFiles/h750_blink.elf.dir/Drivers/STM32H7xx_HAL_Driver/Src/stm32h7xx_hal_uart_ex.c.obj
 .ARM.attributes
                0x00000553       0x1e e:/environment/9 2019-q4-major/bin/../lib/gcc/arm-none-eabi/9.2.1/thumb/v7e-m+fp/hard\libgcc.a(_arm_addsubdf3.o)
 .ARM.attributes
                0x00000571       0x1e e:/environment/9 2019-q4-major/bin/../lib/gcc/arm-none-eabi/9.2.1/thumb/v7e-m+fp/hard\libgcc.a(_arm_muldivdf3.o)
 .ARM.attributes
                0x0000058f       0x1e e:/environment/9 2019-q4-major/bin/../lib/gcc/arm-none-eabi/9.2.1/thumb/v7e-m+fp/hard\libgcc.a(_arm_cmpdf2.o)
 .ARM.attributes
                0x000005ad       0x1e e:/environment/9 2019-q4-major/bin/../lib/gcc/arm-none-eabi/9.2.1/thumb/v7e-m+fp/hard\libgcc.a(_aeabi_uldivmod.o)
 .ARM.attributes
                0x000005cb       0x34 e:/environment/9 2019-q4-major/bin/../lib/gcc/arm-none-eabi/9.2.1/thumb/v7e-m+fp/hard\libgcc.a(_udivmoddi4.o)
 .ARM.attributes
                0x000005ff       0x1e e:/environment/9 2019-q4-major/bin/../lib/gcc/arm-none-eabi/9.2.1/thumb/v7e-m+fp/hard\libgcc.a(_dvmd_tls.o)
 .ARM.attributes
                0x0000061d       0x34 e:/environment/9 2019-q4-major/bin/../lib/gcc/arm-none-eabi/9.2.1/../../../../arm-none-eabi/lib/thumb/v7e-m+fp/hard\libg.a(lib_a-errno.o)
 .ARM.attributes
                0x00000651       0x32 e:/environment/9 2019-q4-major/bin/../lib/gcc/arm-none-eabi/9.2.1/../../../../arm-none-eabi/lib/thumb/v7e-m+fp/hard\libg.a(lib_a-impure.o)
 .ARM.attributes
                0x00000683       0x34 e:/environment/9 2019-q4-major/bin/../lib/gcc/arm-none-eabi/9.2.1/../../../../arm-none-eabi/lib/thumb/v7e-m+fp/hard\libg.a(lib_a-init.o)
 .ARM.attributes
                0x000006b7       0x34 e:/environment/9 2019-q4-major/bin/../lib/gcc/arm-none-eabi/9.2.1/../../../../arm-none-eabi/lib/thumb/v7e-m+fp/hard\libg.a(lib_a-memset.o)
 .ARM.attributes
                0x000006eb       0x34 e:/environment/9 2019-q4-major/bin/../lib/gcc/arm-none-eabi/9.2.1/../../../../arm-none-eabi/lib/thumb/v7e-m+fp/hard\libg.a(lib_a-printf.o)
 .ARM.attributes
                0x0000071f       0x34 e:/environment/9 2019-q4-major/bin/../lib/gcc/arm-none-eabi/9.2.1/../../../../arm-none-eabi/lib/thumb/v7e-m+fp/hard\libg.a(lib_a-setvbuf.o)
 .ARM.attributes
                0x00000753       0x1c e:/environment/9 2019-q4-major/bin/../lib/gcc/arm-none-eabi/9.2.1/../../../../arm-none-eabi/lib/thumb/v7e-m+fp/hard\libg.a(lib_a-strlen.o)
 .ARM.attributes
                0x0000076f       0x34 e:/environment/9 2019-q4-major/bin/../lib/gcc/arm-none-eabi/9.2.1/../../../../arm-none-eabi/lib/thumb/v7e-m+fp/hard\libg.a(lib_a-vfprintf.o)
 .ARM.attributes
                0x000007a3       0x34 e:/environment/9 2019-q4-major/bin/../lib/gcc/arm-none-eabi/9.2.1/../../../../arm-none-eabi/lib/thumb/v7e-m+fp/hard\libg.a(lib_a-wsetup.o)
 .ARM.attributes
                0x000007d7       0x34 e:/environment/9 2019-q4-major/bin/../lib/gcc/arm-none-eabi/9.2.1/../../../../arm-none-eabi/lib/thumb/v7e-m+fp/hard\libg.a(lib_a-__call_atexit.o)
 .ARM.attributes
                0x0000080b       0x34 e:/environment/9 2019-q4-major/bin/../lib/gcc/arm-none-eabi/9.2.1/../../../../arm-none-eabi/lib/thumb/v7e-m+fp/hard\libg.a(lib_a-atexit.o)
 .ARM.attributes
                0x0000083f       0x34 e:/environment/9 2019-q4-major/bin/../lib/gcc/arm-none-eabi/9.2.1/../../../../arm-none-eabi/lib/thumb/v7e-m+fp/hard\libg.a(lib_a-dtoa.o)
 .ARM.attributes
                0x00000873       0x34 e:/environment/9 2019-q4-major/bin/../lib/gcc/arm-none-eabi/9.2.1/../../../../arm-none-eabi/lib/thumb/v7e-m+fp/hard\libg.a(lib_a-fflush.o)
 .ARM.attributes
                0x000008a7       0x34 e:/environment/9 2019-q4-major/bin/../lib/gcc/arm-none-eabi/9.2.1/../../../../arm-none-eabi/lib/thumb/v7e-m+fp/hard\libg.a(lib_a-findfp.o)
 .ARM.attributes
                0x000008db       0x34 e:/environment/9 2019-q4-major/bin/../lib/gcc/arm-none-eabi/9.2.1/../../../../arm-none-eabi/lib/thumb/v7e-m+fp/hard\libg.a(lib_a-fini.o)
 .ARM.attributes
                0x0000090f       0x34 e:/environment/9 2019-q4-major/bin/../lib/gcc/arm-none-eabi/9.2.1/../../../../arm-none-eabi/lib/thumb/v7e-m+fp/hard\libg.a(lib_a-freer.o)
 .ARM.attributes
                0x00000943       0x34 e:/environment/9 2019-q4-major/bin/../lib/gcc/arm-none-eabi/9.2.1/../../../../arm-none-eabi/lib/thumb/v7e-m+fp/hard\libg.a(lib_a-fwalk.o)
 .ARM.attributes
                0x00000977       0x34 e:/environment/9 2019-q4-major/bin/../lib/gcc/arm-none-eabi/9.2.1/../../../../arm-none-eabi/lib/thumb/v7e-m+fp/hard\libg.a(lib_a-localeconv.o)
 .ARM.attributes
                0x000009ab       0x34 e:/environment/9 2019-q4-major/bin/../lib/gcc/arm-none-eabi/9.2.1/../../../../arm-none-eabi/lib/thumb/v7e-m+fp/hard\libg.a(lib_a-lock.o)
 .ARM.attributes
                0x000009df       0x34 e:/environment/9 2019-q4-major/bin/../lib/gcc/arm-none-eabi/9.2.1/../../../../arm-none-eabi/lib/thumb/v7e-m+fp/hard\libg.a(lib_a-makebuf.o)
 .ARM.attributes
                0x00000a13       0x34 e:/environment/9 2019-q4-major/bin/../lib/gcc/arm-none-eabi/9.2.1/../../../../arm-none-eabi/lib/thumb/v7e-m+fp/hard\libg.a(lib_a-malloc.o)
 .ARM.attributes
                0x00000a47       0x34 e:/environment/9 2019-q4-major/bin/../lib/gcc/arm-none-eabi/9.2.1/../../../../arm-none-eabi/lib/thumb/v7e-m+fp/hard\libg.a(lib_a-mallocr.o)
 .ARM.attributes
                0x00000a7b       0x1c e:/environment/9 2019-q4-major/bin/../lib/gcc/arm-none-eabi/9.2.1/../../../../arm-none-eabi/lib/thumb/v7e-m+fp/hard\libg.a(lib_a-memchr.o)
 .ARM.attributes
                0x00000a97       0x1c e:/environment/9 2019-q4-major/bin/../lib/gcc/arm-none-eabi/9.2.1/../../../../arm-none-eabi/lib/thumb/v7e-m+fp/hard\libg.a(lib_a-memcpy.o)
 .ARM.attributes
                0x00000ab3       0x34 e:/environment/9 2019-q4-major/bin/../lib/gcc/arm-none-eabi/9.2.1/../../../../arm-none-eabi/lib/thumb/v7e-m+fp/hard\libg.a(lib_a-mlock.o)
 .ARM.attributes
                0x00000ae7       0x34 e:/environment/9 2019-q4-major/bin/../lib/gcc/arm-none-eabi/9.2.1/../../../../arm-none-eabi/lib/thumb/v7e-m+fp/hard\libg.a(lib_a-mprec.o)
 .ARM.attributes
                0x00000b1b       0x34 e:/environment/9 2019-q4-major/bin/../lib/gcc/arm-none-eabi/9.2.1/../../../../arm-none-eabi/lib/thumb/v7e-m+fp/hard\libg.a(lib_a-s_frexp.o)
 .ARM.attributes
                0x00000b4f       0x34 e:/environment/9 2019-q4-major/bin/../lib/gcc/arm-none-eabi/9.2.1/../../../../arm-none-eabi/lib/thumb/v7e-m+fp/hard\libg.a(lib_a-sbrkr.o)
 .ARM.attributes
                0x00000b83       0x34 e:/environment/9 2019-q4-major/bin/../lib/gcc/arm-none-eabi/9.2.1/../../../../arm-none-eabi/lib/thumb/v7e-m+fp/hard\libg.a(lib_a-stdio.o)
 .ARM.attributes
                0x00000bb7       0x34 e:/environment/9 2019-q4-major/bin/../lib/gcc/arm-none-eabi/9.2.1/../../../../arm-none-eabi/lib/thumb/v7e-m+fp/hard\libg.a(lib_a-strncpy.o)
 .ARM.attributes
                0x00000beb       0x34 e:/environment/9 2019-q4-major/bin/../lib/gcc/arm-none-eabi/9.2.1/../../../../arm-none-eabi/lib/thumb/v7e-m+fp/hard\libg.a(lib_a-vfiprintf.o)
 .ARM.attributes
                0x00000c1f       0x34 e:/environment/9 2019-q4-major/bin/../lib/gcc/arm-none-eabi/9.2.1/../../../../arm-none-eabi/lib/thumb/v7e-m+fp/hard\libg.a(lib_a-writer.o)
 .ARM.attributes
                0x00000c53       0x34 e:/environment/9 2019-q4-major/bin/../lib/gcc/arm-none-eabi/9.2.1/../../../../arm-none-eabi/lib/thumb/v7e-m+fp/hard\libg.a(lib_a-__atexit.o)
 .ARM.attributes
                0x00000c87       0x34 e:/environment/9 2019-q4-major/bin/../lib/gcc/arm-none-eabi/9.2.1/../../../../arm-none-eabi/lib/thumb/v7e-m+fp/hard\libg.a(lib_a-callocr.o)
 .ARM.attributes
                0x00000cbb       0x34 e:/environment/9 2019-q4-major/bin/../lib/gcc/arm-none-eabi/9.2.1/../../../../arm-none-eabi/lib/thumb/v7e-m+fp/hard\libg.a(lib_a-closer.o)
 .ARM.attributes
                0x00000cef       0x34 e:/environment/9 2019-q4-major/bin/../lib/gcc/arm-none-eabi/9.2.1/../../../../arm-none-eabi/lib/thumb/v7e-m+fp/hard\libg.a(lib_a-fclose.o)
 .ARM.attributes
                0x00000d23       0x34 e:/environment/9 2019-q4-major/bin/../lib/gcc/arm-none-eabi/9.2.1/../../../../arm-none-eabi/lib/thumb/v7e-m+fp/hard\libg.a(lib_a-fputwc.o)
 .ARM.attributes
                0x00000d57       0x34 e:/environment/9 2019-q4-major/bin/../lib/gcc/arm-none-eabi/9.2.1/../../../../arm-none-eabi/lib/thumb/v7e-m+fp/hard\libg.a(lib_a-fstatr.o)
 .ARM.attributes
                0x00000d8b       0x34 e:/environment/9 2019-q4-major/bin/../lib/gcc/arm-none-eabi/9.2.1/../../../../arm-none-eabi/lib/thumb/v7e-m+fp/hard\libg.a(lib_a-fvwrite.o)
 .ARM.attributes
                0x00000dbf       0x34 e:/environment/9 2019-q4-major/bin/../lib/gcc/arm-none-eabi/9.2.1/../../../../arm-none-eabi/lib/thumb/v7e-m+fp/hard\libg.a(lib_a-isattyr.o)
 .ARM.attributes
                0x00000df3       0x34 e:/environment/9 2019-q4-major/bin/../lib/gcc/arm-none-eabi/9.2.1/../../../../arm-none-eabi/lib/thumb/v7e-m+fp/hard\libg.a(lib_a-locale.o)
 .ARM.attributes
                0x00000e27       0x34 e:/environment/9 2019-q4-major/bin/../lib/gcc/arm-none-eabi/9.2.1/../../../../arm-none-eabi/lib/thumb/v7e-m+fp/hard\libg.a(lib_a-lseekr.o)
 .ARM.attributes
                0x00000e5b       0x34 e:/environment/9 2019-q4-major/bin/../lib/gcc/arm-none-eabi/9.2.1/../../../../arm-none-eabi/lib/thumb/v7e-m+fp/hard\libg.a(lib_a-mbtowc_r.o)
 .ARM.attributes
                0x00000e8f       0x34 e:/environment/9 2019-q4-major/bin/../lib/gcc/arm-none-eabi/9.2.1/../../../../arm-none-eabi/lib/thumb/v7e-m+fp/hard\libg.a(lib_a-memmove.o)
 .ARM.attributes
                0x00000ec3       0x34 e:/environment/9 2019-q4-major/bin/../lib/gcc/arm-none-eabi/9.2.1/../../../../arm-none-eabi/lib/thumb/v7e-m+fp/hard\libg.a(lib_a-readr.o)
 .ARM.attributes
                0x00000ef7       0x34 e:/environment/9 2019-q4-major/bin/../lib/gcc/arm-none-eabi/9.2.1/../../../../arm-none-eabi/lib/thumb/v7e-m+fp/hard\libg.a(lib_a-reallocr.o)
 .ARM.attributes
                0x00000f2b       0x34 e:/environment/9 2019-q4-major/bin/../lib/gcc/arm-none-eabi/9.2.1/../../../../arm-none-eabi/lib/thumb/v7e-m+fp/hard\libg.a(lib_a-reent.o)
 .ARM.attributes
                0x00000f5f       0x34 e:/environment/9 2019-q4-major/bin/../lib/gcc/arm-none-eabi/9.2.1/../../../../arm-none-eabi/lib/thumb/v7e-m+fp/hard\libg.a(lib_a-wbuf.o)
 .ARM.attributes
                0x00000f93       0x34 e:/environment/9 2019-q4-major/bin/../lib/gcc/arm-none-eabi/9.2.1/../../../../arm-none-eabi/lib/thumb/v7e-m+fp/hard\libg.a(lib_a-wcrtomb.o)
 .ARM.attributes
                0x00000fc7       0x34 e:/environment/9 2019-q4-major/bin/../lib/gcc/arm-none-eabi/9.2.1/../../../../arm-none-eabi/lib/thumb/v7e-m+fp/hard\libg.a(lib_a-wctomb_r.o)
 .ARM.attributes
                0x00000ffb       0x32 e:/environment/9 2019-q4-major/bin/../lib/gcc/arm-none-eabi/9.2.1/../../../../arm-none-eabi/lib/thumb/v7e-m+fp/hard\libg.a(lib_a-ctype_.o)
 .ARM.attributes
                0x0000102d       0x1e e:/environment/9 2019-q4-major/bin/../lib/gcc/arm-none-eabi/9.2.1/thumb/v7e-m+fp/hard\libgcc.a(_arm_unorddf2.o)
 .ARM.attributes
                0x0000104b       0x1e e:/environment/9 2019-q4-major/bin/../lib/gcc/arm-none-eabi/9.2.1/thumb/v7e-m+fp/hard\libgcc.a(_arm_fixdfsi.o)
 .ARM.attributes
                0x00001069       0x1e e:/environment/9 2019-q4-major/bin/../lib/gcc/arm-none-eabi/9.2.1/thumb/v7e-m+fp/hard/crtn.o
OUTPUT(h750_blink.elf elf32-littlearm)

.debug_info     0x00000000    0x317f8
 .debug_info    0x00000000      0xde2 CMakeFiles/h750_blink.elf.dir/Core/Src/delay.c.obj
 .debug_info    0x00000de2     0x1374 CMakeFiles/h750_blink.elf.dir/Core/Src/gpio.c.obj
 .debug_info    0x00002156     0x2442 CMakeFiles/h750_blink.elf.dir/Core/Src/gui.c.obj
 .debug_info    0x00004598     0x189a CMakeFiles/h750_blink.elf.dir/Core/Src/lcd.c.obj
 .debug_info    0x00005e32     0x3a44 CMakeFiles/h750_blink.elf.dir/Core/Src/main.c.obj
 .debug_info    0x00009876     0x1760 CMakeFiles/h750_blink.elf.dir/Core/Src/retarget.c.obj
 .debug_info    0x0000afd6      0xd3f CMakeFiles/h750_blink.elf.dir/Core/Src/ruanjianspi.c.obj
 .debug_info    0x0000bd15     0x107a CMakeFiles/h750_blink.elf.dir/Core/Src/stm32h7xx_hal_msp.c.obj
 .debug_info    0x0000cd8f     0x1431 CMakeFiles/h750_blink.elf.dir/Core/Src/stm32h7xx_it.c.obj
 .debug_info    0x0000e1c0      0xa3a CMakeFiles/h750_blink.elf.dir/Core/Src/sysmem.c.obj
 .debug_info    0x0000ebfa     0x17bc CMakeFiles/h750_blink.elf.dir/Core/Src/system_stm32h7xx.c.obj
 .debug_info    0x000103b6     0x1af7 CMakeFiles/h750_blink.elf.dir/Core/Src/tim.c.obj
 .debug_info    0x00011ead     0x2592 CMakeFiles/h750_blink.elf.dir/Core/Src/usart.c.obj
 .debug_info    0x0001443f       0x22 CMakeFiles/h750_blink.elf.dir/Core/Startup/startup_stm32h750vbtx.s.obj
 .debug_info    0x00014461     0x20d8 CMakeFiles/h750_blink.elf.dir/Drivers/STM32H7xx_HAL_Driver/Src/stm32h7xx_hal.c.obj
 .debug_info    0x00016539     0x1ef0 CMakeFiles/h750_blink.elf.dir/Drivers/STM32H7xx_HAL_Driver/Src/stm32h7xx_hal_cortex.c.obj
 .debug_info    0x00018429     0x1a7b CMakeFiles/h750_blink.elf.dir/Drivers/STM32H7xx_HAL_Driver/Src/stm32h7xx_hal_dma.c.obj
 .debug_info    0x00019ea4     0x1830 CMakeFiles/h750_blink.elf.dir/Drivers/STM32H7xx_HAL_Driver/Src/stm32h7xx_hal_gpio.c.obj
 .debug_info    0x0001b6d4     0x1cf8 CMakeFiles/h750_blink.elf.dir/Drivers/STM32H7xx_HAL_Driver/Src/stm32h7xx_hal_pwr_ex.c.obj
 .debug_info    0x0001d3cc     0x1c97 CMakeFiles/h750_blink.elf.dir/Drivers/STM32H7xx_HAL_Driver/Src/stm32h7xx_hal_rcc.c.obj
 .debug_info    0x0001f063     0x2556 CMakeFiles/h750_blink.elf.dir/Drivers/STM32H7xx_HAL_Driver/Src/stm32h7xx_hal_rcc_ex.c.obj
 .debug_info    0x000215b9     0x4abf CMakeFiles/h750_blink.elf.dir/Drivers/STM32H7xx_HAL_Driver/Src/stm32h7xx_hal_tim.c.obj
 .debug_info    0x00026078     0x2916 CMakeFiles/h750_blink.elf.dir/Drivers/STM32H7xx_HAL_Driver/Src/stm32h7xx_hal_tim_ex.c.obj
 .debug_info    0x0002898e     0x7190 CMakeFiles/h750_blink.elf.dir/Drivers/STM32H7xx_HAL_Driver/Src/stm32h7xx_hal_uart.c.obj
 .debug_info    0x0002fb1e     0x1cda CMakeFiles/h750_blink.elf.dir/Drivers/STM32H7xx_HAL_Driver/Src/stm32h7xx_hal_uart_ex.c.obj

.debug_abbrev   0x00000000     0x4cce
 .debug_abbrev  0x00000000      0x2bd CMakeFiles/h750_blink.elf.dir/Core/Src/delay.c.obj
 .debug_abbrev  0x000002bd      0x298 CMakeFiles/h750_blink.elf.dir/Core/Src/gpio.c.obj
 .debug_abbrev  0x00000555      0x3c3 CMakeFiles/h750_blink.elf.dir/Core/Src/gui.c.obj
 .debug_abbrev  0x00000918      0x2f3 CMakeFiles/h750_blink.elf.dir/Core/Src/lcd.c.obj
 .debug_abbrev  0x00000c0b      0x415 CMakeFiles/h750_blink.elf.dir/Core/Src/main.c.obj
 .debug_abbrev  0x00001020      0x2ea CMakeFiles/h750_blink.elf.dir/Core/Src/retarget.c.obj
 .debug_abbrev  0x0000130a      0x249 CMakeFiles/h750_blink.elf.dir/Core/Src/ruanjianspi.c.obj
 .debug_abbrev  0x00001553      0x278 CMakeFiles/h750_blink.elf.dir/Core/Src/stm32h7xx_hal_msp.c.obj
 .debug_abbrev  0x000017cb      0x25b CMakeFiles/h750_blink.elf.dir/Core/Src/stm32h7xx_it.c.obj
 .debug_abbrev  0x00001a26      0x23e CMakeFiles/h750_blink.elf.dir/Core/Src/sysmem.c.obj
 .debug_abbrev  0x00001c64      0x294 CMakeFiles/h750_blink.elf.dir/Core/Src/system_stm32h7xx.c.obj
 .debug_abbrev  0x00001ef8      0x2f3 CMakeFiles/h750_blink.elf.dir/Core/Src/tim.c.obj
 .debug_abbrev  0x000021eb      0x318 CMakeFiles/h750_blink.elf.dir/Core/Src/usart.c.obj
 .debug_abbrev  0x00002503       0x12 CMakeFiles/h750_blink.elf.dir/Core/Startup/startup_stm32h750vbtx.s.obj
 .debug_abbrev  0x00002515      0x36d CMakeFiles/h750_blink.elf.dir/Drivers/STM32H7xx_HAL_Driver/Src/stm32h7xx_hal.c.obj
 .debug_abbrev  0x00002882      0x48c CMakeFiles/h750_blink.elf.dir/Drivers/STM32H7xx_HAL_Driver/Src/stm32h7xx_hal_cortex.c.obj
 .debug_abbrev  0x00002d0e      0x375 CMakeFiles/h750_blink.elf.dir/Drivers/STM32H7xx_HAL_Driver/Src/stm32h7xx_hal_dma.c.obj