Archive member included to satisfy reference by file (symbol)

e:/environment/9 2019-q4-major/bin/../lib/gcc/arm-none-eabi/9.2.1/thumb/v7e-m+fp/hard\libgcc.a(_arm_muldf3.o)
                              CMakeFiles/h750_blink.elf.dir/Core/Src/kalman.c.obj (__aeabi_dmul)
e:/environment/9 2019-q4-major/bin/../lib/gcc/arm-none-eabi/9.2.1/thumb/v7e-m+fp/hard\libgcc.a(_arm_addsubdf3.o)
                              CMakeFiles/h750_blink.elf.dir/Core/Src/kalman.c.obj (__aeabi_dsub)
e:/environment/9 2019-q4-major/bin/../lib/gcc/arm-none-eabi/9.2.1/thumb/v7e-m+fp/hard\libgcc.a(_arm_muldivdf3.o)
                              CMakeFiles/h750_blink.elf.dir/Core/Src/kalman.c.obj (__aeabi_ddiv)
e:/environment/9 2019-q4-major/bin/../lib/gcc/arm-none-eabi/9.2.1/thumb/v7e-m+fp/hard\libgcc.a(_arm_cmpdf2.o)
                              CMakeFiles/h750_blink.elf.dir/Core/Src/main.c.obj (__aeabi_dcmplt)
e:/environment/9 2019-q4-major/bin/../lib/gcc/arm-none-eabi/9.2.1/thumb/v7e-m+fp/hard\libgcc.a(_arm_fixdfsi.o)
                              CMakeFiles/h750_blink.elf.dir/Core/Src/main.c.obj (__aeabi_d2iz)
e:/environment/9 2019-q4-major/bin/../lib/gcc/arm-none-eabi/9.2.1/thumb/v7e-m+fp/hard\libgcc.a(_aeabi_uldivmod.o)
                              CMakeFiles/h750_blink.elf.dir/Drivers/STM32H7xx_HAL_Driver/Src/stm32h7xx_hal_uart.c.obj (__aeabi_uldivmod)
e:/environment/9 2019-q4-major/bin/../lib/gcc/arm-none-eabi/9.2.1/thumb/v7e-m+fp/hard\libgcc.a(_udivmoddi4.o)
                              e:/environment/9 2019-q4-major/bin/../lib/gcc/arm-none-eabi/9.2.1/thumb/v7e-m+fp/hard\libgcc.a(_aeabi_uldivmod.o) (__udivmoddi4)
e:/environment/9 2019-q4-major/bin/../lib/gcc/arm-none-eabi/9.2.1/thumb/v7e-m+fp/hard\libgcc.a(_dvmd_tls.o)
                              e:/environment/9 2019-q4-major/bin/../lib/gcc/arm-none-eabi/9.2.1/thumb/v7e-m+fp/hard\libgcc.a(_aeabi_uldivmod.o) (__aeabi_ldiv0)
e:/environment/9 2019-q4-major/bin/../lib/gcc/arm-none-eabi/9.2.1/../../../../arm-none-eabi/lib/thumb/v7e-m+fp/hard\libg.a(lib_a-errno.o)
                              CMakeFiles/h750_blink.elf.dir/Core/Src/retarget.c.obj (__errno)
e:/environment/9 2019-q4-major/bin/../lib/gcc/arm-none-eabi/9.2.1/../../../../arm-none-eabi/lib/thumb/v7e-m+fp/hard\libg.a(lib_a-exit.o)
                              e:/environment/9 2019-q4-major/bin/../lib/gcc/arm-none-eabi/9.2.1/../../../../arm-none-eabi/lib/thumb/v7e-m+fp/hard/crt0.o (exit)
e:/environment/9 2019-q4-major/bin/../lib/gcc/arm-none-eabi/9.2.1/../../../../arm-none-eabi/lib/thumb/v7e-m+fp/hard\libg.a(lib_a-impure.o)
                              e:/environment/9 2019-q4-major/bin/../lib/gcc/arm-none-eabi/9.2.1/../../../../arm-none-eabi/lib/thumb/v7e-m+fp/hard\libg.a(lib_a-exit.o) (_global_impure_ptr)
e:/environment/9 2019-q4-major/bin/../lib/gcc/arm-none-eabi/9.2.1/../../../../arm-none-eabi/lib/thumb/v7e-m+fp/hard\libg.a(lib_a-init.o)
                              e:/environment/9 2019-q4-major/bin/../lib/gcc/arm-none-eabi/9.2.1/../../../../arm-none-eabi/lib/thumb/v7e-m+fp/hard/crt0.o (__libc_init_array)
e:/environment/9 2019-q4-major/bin/../lib/gcc/arm-none-eabi/9.2.1/../../../../arm-none-eabi/lib/thumb/v7e-m+fp/hard\libg.a(lib_a-memset.o)
                              e:/environment/9 2019-q4-major/bin/../lib/gcc/arm-none-eabi/9.2.1/../../../../arm-none-eabi/lib/thumb/v7e-m+fp/hard/crt0.o (memset)
e:/environment/9 2019-q4-major/bin/../lib/gcc/arm-none-eabi/9.2.1/../../../../arm-none-eabi/lib/thumb/v7e-m+fp/hard\libg.a(lib_a-printf.o)
                              CMakeFiles/h750_blink.elf.dir/Core/Src/main.c.obj (printf)
e:/environment/9 2019-q4-major/bin/../lib/gcc/arm-none-eabi/9.2.1/../../../../arm-none-eabi/lib/thumb/v7e-m+fp/hard\libg.a(lib_a-setvbuf.o)
                              CMakeFiles/h750_blink.elf.dir/Core/Src/retarget.c.obj (setvbuf)
e:/environment/9 2019-q4-major/bin/../lib/gcc/arm-none-eabi/9.2.1/../../../../arm-none-eabi/lib/thumb/v7e-m+fp/hard\libg.a(lib_a-strlen.o)
                              CMakeFiles/h750_blink.elf.dir/Core/Src/gui.c.obj (strlen)
e:/environment/9 2019-q4-major/bin/../lib/gcc/arm-none-eabi/9.2.1/../../../../arm-none-eabi/lib/thumb/v7e-m+fp/hard\libg.a(lib_a-vfprintf.o)
                              e:/environment/9 2019-q4-major/bin/../lib/gcc/arm-none-eabi/9.2.1/../../../../arm-none-eabi/lib/thumb/v7e-m+fp/hard\libg.a(lib_a-printf.o) (_vfprintf_r)
e:/environment/9 2019-q4-major/bin/../lib/gcc/arm-none-eabi/9.2.1/../../../../arm-none-eabi/lib/thumb/v7e-m+fp/hard\libg.a(lib_a-wsetup.o)
                              e:/environment/9 2019-q4-major/bin/../lib/gcc/arm-none-eabi/9.2.1/../../../../arm-none-eabi/lib/thumb/v7e-m+fp/hard\libg.a(lib_a-vfprintf.o) (__swsetup_r)
e:/environment/9 2019-q4-major/bin/../lib/gcc/arm-none-eabi/9.2.1/../../../../arm-none-eabi/lib/thumb/v7e-m+fp/hard\libg.a(lib_a-__call_atexit.o)
[...]
Memory Configuration

Name             Origin             Length             Attributes
FLASH            0x08000000         0x00020000         xr
DTCMRAM          0x20000000         0x00020000         xrw
RAM_D1           0x24000000         0x00080000         xrw
RAM_D2           0x30000000         0x00048000         xrw
RAM_D3           0x38000000         0x00010000         xrw
ITCMRAM          0x00000000         0x00010000         xrw
*default*        0x00000000         0xffffffff

Linker script and memory map

LOAD e:/environment/9 2019-q4-major/bin/../lib/gcc/arm-none-eabi/9.2.1/thumb/v7e-m+fp/hard/crti.o
LOAD e:/environment/9 2019-q4-major/bin/../lib/gcc/arm-none-eabi/9.2.1/thumb/v7e-m+fp/hard/crtbegin.o
LOAD e:/environment/9 2019-q4-major/bin/../lib/gcc/arm-none-eabi/9.2.1/../../../../arm-none-eabi/lib/thumb/v7e-m+fp/hard/crt0.o
LOAD CMakeFiles/h750_blink.elf.dir/Core/Src/delay.c.obj
LOAD CMakeFiles/h750_blink.elf.dir/Core/Src/gpio.c.obj
LOAD CMakeFiles/h750_blink.elf.dir/Core/Src/gui.c.obj
LOAD CMakeFiles/h750_blink.elf.dir/Core/Src/kalman.c.obj
LOAD CMakeFiles/h750_blink.elf.dir/Core/Src/lcd.c.obj
LOAD CMakeFiles/h750_blink.elf.dir/Core/Src/main.c.obj
LOAD CMakeFiles/h750_blink.elf.dir/Core/Src/retarget.c.obj
LOAD CMakeFiles/h750_blink.elf.dir/Core/Src/ruanjianspi.c.obj
LOAD CMakeFiles/h750_blink.elf.dir/Core/Src/sevor.c.obj
LOAD CMakeFiles/h750_blink.elf.dir/Core/Src/step_motor.c.obj
LOAD CMakeFiles/h750_blink.elf.dir/Core/Src/stm32h7xx_hal_msp.c.obj
LOAD CMakeFiles/h750_blink.elf.dir/Core/Src/stm32h7xx_it.c.obj
LOAD CMakeFiles/h750_blink.elf.dir/Core/Src/syscalls.c.obj
LOAD CMakeFiles/h750_blink.elf.dir/Core/Src/sysmem.c.obj
LOAD CMakeFiles/h750_blink.elf.dir/Core/Src/system_stm32h7xx.c.obj
LOAD CMakeFiles/h750_blink.elf.dir/Core/Src/tim.c.obj
LOAD CMakeFiles/h750_blink.elf.dir/Core/Src/usart.c.obj
LOAD CMakeFiles/h750_blink.elf.dir/Core/Startup/startup_stm32h750vbtx.s.obj
LOAD CMakeFiles/h750_blink.elf.dir/Drivers/STM32H7xx_HAL_Driver/Src/stm32h7xx_hal.c.obj
LOAD CMakeFiles/h750_blink.elf.dir/Drivers/STM32H7xx_HAL_Driver/Src/stm32h7xx_hal_cortex.c.obj
LOAD CMakeFiles/h750_blink.elf.dir/Drivers/STM32H7xx_HAL_Driver/Src/stm32h7xx_hal_dma.c.obj
LOAD CMakeFiles/h750_blink.elf.dir/Drivers/STM32H7xx_HAL_Driver/Src/stm32h7xx_hal_dma_ex.c.obj
LOAD CMakeFiles/h750_blink.elf.dir/Drivers/STM32H7xx_HAL_Driver/Src/stm32h7xx_hal_exti.c.obj
LOAD CMakeFiles/h750_blink.elf.dir/Drivers/STM32H7xx_HAL_Driver/Src/stm32h7xx_hal_flash.c.obj
LOAD CMakeFiles/h750_blink.elf.dir/Drivers/STM32H7xx_HAL_Driver/Src/stm32h7xx_hal_flash_ex.c.obj
LOAD CMakeFiles/h750_blink.elf.dir/Drivers/STM32H7xx_HAL_Driver/Src/stm32h7xx_hal_gpio.c.obj
LOAD CMakeFiles/h750_blink.elf.dir/Drivers/STM32H7xx_HAL_Driver/Src/stm32h7xx_hal_hsem.c.obj
LOAD CMakeFiles/h750_blink.elf.dir/Drivers/STM32H7xx_HAL_Driver/Src/stm32h7xx_hal_i2c.c.obj
LOAD CMakeFiles/h750_blink.elf.dir/Drivers/STM32H7xx_HAL_Driver/Src/stm32h7xx_hal_i2c_ex.c.obj
LOAD CMakeFiles/h750_blink.elf.dir/Drivers/STM32H7xx_HAL_Driver/Src/stm32h7xx_hal_mdma.c.obj
LOAD CMakeFiles/h750_blink.elf.dir/Drivers/STM32H7xx_HAL_Driver/Src/stm32h7xx_hal_pwr.c.obj
LOAD CMakeFiles/h750_blink.elf.dir/Drivers/STM32H7xx_HAL_Driver/Src/stm32h7xx_hal_pwr_ex.c.obj
LOAD CMakeFiles/h750_blink.elf.dir/Drivers/STM32H7xx_HAL_Driver/Src/stm32h7xx_hal_rcc.c.obj
LOAD CMakeFiles/h750_blink.elf.dir/Drivers/STM32H7xx_HAL_Driver/Src/stm32h7xx_hal_rcc_ex.c.obj
LOAD CMakeFiles/h750_blink.elf.dir/Drivers/STM32H7xx_HAL_Driver/Src/stm32h7xx_hal_tim.c.obj
LOAD CMakeFiles/h750_blink.elf.dir/Drivers/STM32H7xx_HAL_Driver/Src/stm32h7xx_hal_tim_ex.c.obj
LOAD CMakeFiles/h750_blink.elf.dir/Drivers/STM32H7xx_HAL_Driver/Src/stm32h7xx_hal_uart.c.obj
LOAD CMakeFiles/h750_blink.elf.dir/Drivers/STM32H7xx_HAL_Driver/Src/stm32h7xx_hal_uart_ex.c.obj
START GROUP
LOAD e:/environment/9 2019-q4-major/bin/../lib/gcc/arm-none-eabi/9.2.1/thumb/v7e-m+fp/hard\libgcc.a
LOAD e:/environment/9 2019-q4-major/bin/../lib/gcc/arm-none-eabi/9.2.1/../../../../arm-none-eabi/lib/thumb/v7e-m+fp/hard\libg.a
LOAD e:/environment/9 2019-q4-major/bin/../lib/gcc/arm-none-eabi/9.2.1/../../../../arm-none-eabi/lib/thumb/v7e-m+fp/hard\libc.a
END GROUP
LOAD e:/environment/9 2019-q4-major/bin/../lib/gcc/arm-none-eabi/9.2.1/thumb/v7e-m+fp/hard/crtend.o
LOAD e:/environment/9 2019-q4-major/bin/../lib/gcc/arm-none-eabi/9.2.1/thumb/v7e-m+fp/hard/crtn.o
                0x24080000                _estack = (ORIGIN (RAM_D1) + LENGTH (RAM_D1))
                0x00000200                _Min_Heap_Size = 0x200
                0x00000400                _Min_Stack_Size = 0x400

.isr_vector     0x08000000      0x298
                0x08000000                . = ALIGN (0x4)
 *(.isr_vector)
 .isr_vector    0x08000000      0x298 CMakeFiles/h750_blink.elf.dir/Core/Startup/startup_stm32h750vbtx.s.obj
                0x08000000                g_pfnVectors
                0x08000298                . = ALIGN (0x4)

.text           0x080002c0     0xc2b8
                0x080002c0                . = ALIGN (0x4)
 *(.text)
 .text          0x080002c0       0x40 e:/environment/9 2019-q4-major/bin/../lib/gcc/arm-none-eabi/9.2.1/thumb/v7e-m+fp/hard/crtbegin.o
 .text          0x08000300      0x378 e:/environment/9 2019-q4-major/bin/../lib/gcc/arm-none-eabi/9.2.1/thumb/v7e-m+fp/hard\libgcc.a(_arm_addsubdf3.o)
                0x08000300                __aeabi_drsub
                0x08000308                __aeabi_dsub
                0x08000308                __subdf3
                0x0800030c                __aeabi_dadd
                0x0800030c                __adddf3
                0x08000584                __floatunsidf
                0x08000584                __aeabi_ui2d
                0x080005a4                __floatsidf
                0x080005a4                __aeabi_i2d
                0x080005c8                __aeabi_f2d
                0x080005c8                __extendsfdf2
                0x0800060c                __floatundidf
                0x0800060c                __aeabi_ul2d
                0x0800061c                __floatdidf
                0x0800061c                __aeabi_l2d
 .text          0x08000678      0x424 e:/environment/9 2019-q4-major/bin/../lib/gcc/arm-none-eabi/9.2.1/thumb/v7e-m+fp/hard\libgcc.a(_arm_muldivdf3.o)
                0x08000678                __aeabi_dmul
                0x08000678                __muldf3
                0x080008cc                __divdf3
                0x080008cc                __aeabi_ddiv
 .text          0x08000a9c      0x110 e:/environment/9 2019-q4-major/bin/../lib/gcc/arm-none-eabi/9.2.1/thumb/v7e-m+fp/hard\libgcc.a(_arm_cmpdf2.o)
                0x08000a9c                __gtdf2
                0x08000a9c                __gedf2
                0x08000aa4                __ltdf2
                0x08000aa4                __ledf2
                0x08000aac                __nedf2
                0x08000aac                __eqdf2
                0x08000aac                __cmpdf2
                0x08000b28                __aeabi_cdrcmple
                0x08000b38                __aeabi_cdcmpeq
                0x08000b38                __aeabi_cdcmple
                0x08000b48                __aeabi_dcmpeq
                0x08000b5c                __aeabi_dcmplt
                0x08000b70                __aeabi_dcmple
                0x08000b84                __aeabi_dcmpge
                0x08000b98                __aeabi_dcmpgt
 .text          0x08000bac       0x50 e:/environment/9 2019-q4-major/bin/../lib/gcc/arm-none-eabi/9.2.1/thumb/v7e-m+fp/hard\libgcc.a(_arm_fixdfsi.o)
                0x08000bac                __aeabi_d2iz
                0x08000bac                __fixdfsi
 .text          0x08000bfc       0x30 e:/environment/9 2019-q4-major/bin/../lib/gcc/arm-none-eabi/9.2.1/thumb/v7e-m+fp/hard\libgcc.a(_aeabi_uldivmod.o)
                0x08000bfc                __aeabi_uldivmod
 .text          0x08000c2c      0x2c4 e:/environment/9 2019-q4-major/bin/../lib/gcc/arm-none-eabi/9.2.1/thumb/v7e-m+fp/hard\libgcc.a(_udivmoddi4.o)
                0x08000c2c                __udivmoddi4
 .text          0x08000ef0        0x4 e:/environment/9 2019-q4-major/bin/../lib/gcc/arm-none-eabi/9.2.1/thumb/v7e-m+fp/hard\libgcc.a(_dvmd_tls.o)
                0x08000ef0                __aeabi_idiv0
                0x08000ef0                __aeabi_ldiv0
 *fill*         0x08000ef4        0xc 
 .text          0x08000f00       0xdc e:/environment/9 2019-q4-major/bin/../lib/gcc/arm-none-eabi/9.2.1/../../../../arm-none-eabi/lib/thumb/v7e-m+fp/hard\libg.a(lib_a-strlen.o)
                0x08000f00                strlen
 *fill*         0x08000fdc        0x4 
 .text          0x08000fe0       0xa0 e:/environment/9 2019-q4-major/bin/../lib/gcc/arm-none-eabi/9.2.1/../../../../arm-none-eabi/lib/thumb/v7e-m+fp/hard\libg.a(lib_a-memchr.o)
                0x08000fe0                memchr
 .text          0x08001080      0x134 e:/environment/9 2019-q4-major/bin/../lib/gcc/arm-none-eabi/9.2.1/../../../../arm-none-eabi/lib/thumb/v7e-m+fp/hard\libg.a(lib_a-memcpy.o)
                0x08001080                memcpy
 .text          0x080011b4       0x2c e:/environment/9 2019-q4-major/bin/../lib/gcc/arm-none-eabi/9.2.1/thumb/v7e-m+fp/hard\libgcc.a(_arm_unorddf2.o)
                0x080011b4                __unorddf2
                0x080011b4                __aeabi_dcmpun
 *(.text*)
 .text.delay_init
                0x080011e0        0xc CMakeFiles/h750_blink.elf.dir/Core/Src/delay.c.obj
                0x080011e0                delay_init
 .text.delay_us
                0x080011ec       0x3c CMakeFiles/h750_blink.elf.dir/Core/Src/delay.c.obj
                0x080011ec                delay_us
 .text.delay_ms
                0x08001228       0x10 CMakeFiles/h750_blink.elf.dir/Core/Src/delay.c.obj
                0x08001228                delay_ms
 .text.HAL_Delay
                0x08001238        0xa CMakeFiles/h750_blink.elf.dir/Core/Src/delay.c.obj
                0x08001238                HAL_Delay
 *fill*         0x08001242        0x2 
 .text.MX_GPIO_Init
                0x08001244      0x174 CMakeFiles/h750_blink.elf.dir/Core/Src/gpio.c.obj
                0x08001244                MX_GPIO_Init
 .text.LCD_DrawLine
                0x080013b8       0x9e CMakeFiles/h750_blink.elf.dir/Core/Src/gui.c.obj
                0x080013b8                LCD_DrawLine
 *fill*         0x08001456        0x2 
 .text.kalman_filter1
                0x08001458       0xb8 CMakeFiles/h750_blink.elf.dir/Core/Src/kalman.c.obj
                0x08001458                kalman_filter1
 .text.LCD_WR_REG
                0x08001510       0x20 CMakeFiles/h750_blink.elf.dir/Core/Src/lcd.c.obj
                0x08001510                LCD_WR_REG
 .text.LCD_WR_DATA
                0x08001530       0x1c CMakeFiles/h750_blink.elf.dir/Core/Src/lcd.c.obj
                0x08001530                LCD_WR_DATA
 .text.LCD_WriteReg
                0x0800154c       0x10 CMakeFiles/h750_blink.elf.dir/Core/Src/lcd.c.obj
                0x0800154c                LCD_WriteReg
 .text.LCD_WriteRAM_Prepare
                0x0800155c       0x10 CMakeFiles/h750_blink.elf.dir/Core/Src/lcd.c.obj
                0x0800155c                LCD_WriteRAM_Prepare
 .text.Lcd_WriteData_16Bit
                0x0800156c       0x28 CMakeFiles/h750_blink.elf.dir/Core/Src/lcd.c.obj
                0x0800156c                Lcd_WriteData_16Bit
 .text.LCD_RESET
                0x08001594       0x20 CMakeFiles/h750_blink.elf.dir/Core/Src/lcd.c.obj
                0x08001594                LCD_RESET
 .text.LCD_SetWindows
                0x080015b4       0x5c CMakeFiles/h750_blink.elf.dir/Core/Src/lcd.c.obj
                0x080015b4                LCD_SetWindows
 .text.LCD_Clear
                0x08001610       0x58 CMakeFiles/h750_blink.elf.dir/Core/Src/lcd.c.obj
                0x08001610                LCD_Clear
 .text.LCD_SetCursor
                0x08001668        0xc CMakeFiles/h750_blink.elf.dir/Core/Src/lcd.c.obj
                0x08001668                LCD_SetCursor
 .text.LCD_DrawPoint
                0x08001674       0x14 CMakeFiles/h750_blink.elf.dir/Core/Src/lcd.c.obj
                0x08001674                LCD_DrawPoint
 .text.LCD_direction
                0x08001688       0x70 CMakeFiles/h750_blink.elf.dir/Core/Src/lcd.c.obj
                0x08001688                LCD_direction
 .text.LCD_Init
                0x080016f8      0x238 CMakeFiles/h750_blink.elf.dir/Core/Src/lcd.c.obj
                0x080016f8                LCD_Init
 .text.data_Integer_calculate
                0x08001930       0xbc CMakeFiles/h750_blink.elf.dir/Core/Src/main.c.obj
                0x08001930                data_Integer_calculate
 .text.Get_Data
                0x080019ec       0xac CMakeFiles/h750_blink.elf.dir/Core/Src/main.c.obj
                0x080019ec                Get_Data
 .text.HAL_UART_RxCpltCallback
                0x08001a98      0x790 CMakeFiles/h750_blink.elf.dir/Core/Src/main.c.obj
                0x08001a98                HAL_UART_RxCpltCallback
 .text.Error_Handler
                0x08002228        0x4 CMakeFiles/h750_blink.elf.dir/Core/Src/main.c.obj
                0x08002228                Error_Handler
 .text.SystemClock_Config
                0x0800222c      0x110 CMakeFiles/h750_blink.elf.dir/Core/Src/main.c.obj
                0x0800222c                SystemClock_Config
 *fill*         0x0800233c        0x4 
 .text.main     0x08002340      0x170 CMakeFiles/h750_blink.elf.dir/Core/Src/main.c.obj
                0x08002340                main
 .text.RetargetInit
                0x080024b0       0x20 CMakeFiles/h750_blink.elf.dir/Core/Src/retarget.c.obj
                0x080024b0                RetargetInit
 .text._isatty  0x080024d0       0x16 CMakeFiles/h750_blink.elf.dir/Core/Src/retarget.c.obj
                0x080024d0                _isatty
 *fill*         0x080024e6        0x2 
 .text._write   0x080024e8       0x34 CMakeFiles/h750_blink.elf.dir/Core/Src/retarget.c.obj
                0x080024e8                _write
 .text._close   0x0800251c       0x18 CMakeFiles/h750_blink.elf.dir/Core/Src/retarget.c.obj
                0x0800251c                _close
 .text._lseek   0x08002534       0x10 CMakeFiles/h750_blink.elf.dir/Core/Src/retarget.c.obj
                0x08002534                _lseek
 .text._read    0x08002544       0x30 CMakeFiles/h750_blink.elf.dir/Core/Src/retarget.c.obj
                0x08002544                _read
 .text._fstat   0x08002574       0x1a CMakeFiles/h750_blink.elf.dir/Core/Src/retarget.c.obj
                0x08002574                _fstat
 *fill*         0x0800258e        0x2 
 .text.SPIv_WriteData
                0x08002590       0x38 CMakeFiles/h750_blink.elf.dir/Core/Src/ruanjianspi.c.obj
                0x08002590                SPIv_WriteData
 .text.microforward
                0x080025c8       0xd0 CMakeFiles/h750_blink.elf.dir/Core/Src/step_motor.c.obj
                0x080025c8                microforward
 .text.microback
                0x08002698       0xd0 CMakeFiles/h750_blink.elf.dir/Core/Src/step_motor.c.obj
                0x08002698                microback
 .text.HAL_MspInit
                0x08002768       0x24 CMakeFiles/h750_blink.elf.dir/Core/Src/stm32h7xx_hal_msp.c.obj
                0x08002768                HAL_MspInit
 .text.NMI_Handler
                0x0800278c        0x2 CMakeFiles/h750_blink.elf.dir/Core/Src/stm32h7xx_it.c.obj
                0x0800278c                NMI_Handler
 .text.HardFault_Handler
                0x0800278e        0x2 CMakeFiles/h750_blink.elf.dir/Core/Src/stm32h7xx_it.c.obj
                0x0800278e                HardFault_Handler
 .text.MemManage_Handler
                0x08002790        0x2 CMakeFiles/h750_blink.elf.dir/Core/Src/stm32h7xx_it.c.obj
                0x08002790                MemManage_Handler
 .text.BusFault_Handler
                0x08002792        0x2 CMakeFiles/h750_blink.elf.dir/Core/Src/stm32h7xx_it.c.obj
                0x08002792                BusFault_Handler
 .text.UsageFault_Handler
                0x08002794        0x2 CMakeFiles/h750_blink.elf.dir/Core/Src/stm32h7xx_it.c.obj
                0x08002794                UsageFault_Handler
 .text.SVC_Handler
                0x08002796        0x2 CMakeFiles/h750_blink.elf.dir/Core/Src/stm32h7xx_it.c.obj
                0x08002796                SVC_Handler
 .text.DebugMon_Handler
                0x08002798        0x2 CMakeFiles/h750_blink.elf.dir/Core/Src/stm32h7xx_it.c.obj
                0x08002798                DebugMon_Handler
 .text.PendSV_Handler
                0x0800279a        0x2 CMakeFiles/h750_blink.elf.dir/Core/Src/stm32h7xx_it.c.obj
                0x0800279a                PendSV_Handler
 .text.SysTick_Handler
                0x0800279c        0x8 CMakeFiles/h750_blink.elf.dir/Core/Src/stm32h7xx_it.c.obj
                0x0800279c                SysTick_Handler
 .text.USART1_IRQHandler
                0x080027a4       0x10 CMakeFiles/h750_blink.elf.dir/Core/Src/stm32h7xx_it.c.obj
                0x080027a4                USART1_IRQHandler
 .text.USART3_IRQHandler
                0x080027b4       0x10 CMakeFiles/h750_blink.elf.dir/Core/Src/stm32h7xx_it.c.obj
                0x080027b4                USART3_IRQHandler
 .text.UART5_IRQHandler
                0x080027c4       0x10 CMakeFiles/h750_blink.elf.dir/Core/Src/stm32h7xx_it.c.obj
                0x080027c4                UART5_IRQHandler
 .text._sbrk    0x080027d4       0x48 CMakeFiles/h750_blink.elf.dir/Core/Src/sysmem.c.obj
                0x080027d4                _sbrk
 .text.SystemInit
                0x0800281c       0xcc CMakeFiles/h750_blink.elf.dir/Core/Src/system_stm32h7xx.c.obj
                0x0800281c                SystemInit
 .text.HAL_TIM_PWM_MspInit
                0x080028e8       0x30 CMakeFiles/h750_blink.elf.dir/Core/Src/tim.c.obj
                0x080028e8                HAL_TIM_PWM_MspInit
 .text.HAL_TIM_MspPostInit
                0x08002918       0x5c CMakeFiles/h750_blink.elf.dir/Core/Src/tim.c.obj
                0x08002918                HAL_TIM_MspPostInit
 .text.MX_TIM2_Init
                0x08002974       0xa8 CMakeFiles/h750_blink.elf.dir/Core/Src/tim.c.obj
                0x08002974                MX_TIM2_Init
 .text.MX_UART4_Init
                0x08002a1c       0x68 CMakeFiles/h750_blink.elf.dir/Core/Src/usart.c.obj
                0x08002a1c                MX_UART4_Init
 .text.MX_UART5_Init
                0x08002a84       0x68 CMakeFiles/h750_blink.elf.dir/Core/Src/usart.c.obj
                0x08002a84                MX_UART5_Init
 .text.MX_USART1_UART_Init
                0x08002aec       0x68 CMakeFiles/h750_blink.elf.dir/Core/Src/usart.c.obj
                0x08002aec                MX_USART1_UART_Init
 .text.MX_USART3_UART_Init
                0x08002b54       0x68 CMakeFiles/h750_blink.elf.dir/Core/Src/usart.c.obj
                0x08002b54                MX_USART3_UART_Init
 .text.HAL_UART_MspInit
                0x08002bbc      0x234 CMakeFiles/h750_blink.elf.dir/Core/Src/usart.c.obj
                0x08002bbc                HAL_UART_MspInit
 .text.Reset_Handler
                0x08002df0       0x50 CMakeFiles/h750_blink.elf.dir/Core/Startup/startup_stm32h750vbtx.s.obj
                0x08002df0                Reset_Handler
 .text.Default_Handler
                0x08002e40        0x2 CMakeFiles/h750_blink.elf.dir/Core/Startup/startup_stm32h750vbtx.s.obj
                0x08002e40                RTC_Alarm_IRQHandler
                0x08002e40                HASH_RNG_IRQHandler
                0x08002e40                EXTI2_IRQHandler
                0x08002e40                TIM8_CC_IRQHandler
                0x08002e40                HRTIM1_Master_IRQHandler
                0x08002e40                UART8_IRQHandler
                0x08002e40                SPI4_IRQHandler
                0x08002e40                TIM1_CC_IRQHandler
                0x08002e40                BDMA_Channel6_IRQHandler
                0x08002e40                DMA2_Stream5_IRQHandler
                0x08002e40                HRTIM1_FLT_IRQHandler
                0x08002e40                JPEG_IRQHandler
                0x08002e40                DMA1_Stream5_IRQHandler
                0x08002e40                BDMA_Channel1_IRQHandler
                0x08002e40                HRTIM1_TIMD_IRQHandler
                0x08002e40                TAMP_STAMP_IRQHandler
                0x08002e40                EXTI3_IRQHandler
                0x08002e40                LPTIM4_IRQHandler
                0x08002e40                TIM8_TRG_COM_TIM14_IRQHandler
                0x08002e40                LPTIM2_IRQHandler
                0x08002e40                DFSDM1_FLT1_IRQHandler
                0x08002e40                DMAMUX2_OVR_IRQHandler
                0x08002e40                TIM8_UP_TIM13_IRQHandler
                0x08002e40                I2C3_ER_IRQHandler
                0x08002e40                DFSDM1_FLT2_IRQHandler
                0x08002e40                MDMA_IRQHandler
                0x08002e40                LPTIM3_IRQHandler
                0x08002e40                HSEM1_IRQHandler
                0x08002e40                EXTI0_IRQHandler
                0x08002e40                I2C2_EV_IRQHandler
                0x08002e40                DMA1_Stream2_IRQHandler
                0x08002e40                FPU_IRQHandler
                0x08002e40                OTG_HS_WKUP_IRQHandler
                0x08002e40                FDCAN1_IT1_IRQHandler
                0x08002e40                LTDC_ER_IRQHandler
                0x08002e40                DMA2_Stream2_IRQHandler
                0x08002e40                HRTIM1_TIME_IRQHandler
                0x08002e40                SPI1_IRQHandler
                0x08002e40                TIM6_DAC_IRQHandler
                0x08002e40                DCMI_IRQHandler
                0x08002e40                HRTIM1_TIMC_IRQHandler
                0x08002e40                DMA2_Stream3_IRQHandler
                0x08002e40                SAI2_IRQHandler
                0x08002e40                DFSDM1_FLT3_IRQHandler
                0x08002e40                USART6_IRQHandler
                0x08002e40                TIM17_IRQHandler
                0x08002e40                BDMA_Channel7_IRQHandler
                0x08002e40                CRYP_IRQHandler
                0x08002e40                LPTIM5_IRQHandler
                0x08002e40                ADC3_IRQHandler
                0x08002e40                DMA2_Stream0_IRQHandler
                0x08002e40                TIM4_IRQHandler
                0x08002e40                BDMA_Channel2_IRQHandler
                0x08002e40                QUADSPI_IRQHandler
                0x08002e40                I2C1_EV_IRQHandler
                0x08002e40                DMA1_Stream6_IRQHandler
                0x08002e40                DMAMUX1_OVR_IRQHandler
                0x08002e40                DMA1_Stream1_IRQHandler
                0x08002e40                TIM16_IRQHandler
                0x08002e40                UART4_IRQHandler
                0x08002e40                BDMA_Channel5_IRQHandler
                0x08002e40                TIM3_IRQHandler
                0x08002e40                RCC_IRQHandler
                0x08002e40                TIM8_BRK_TIM12_IRQHandler
                0x08002e40                TIM1_TRG_COM_IRQHandler
                0x08002e40                Default_Handler
                0x08002e40                ECC_IRQHandler
                0x08002e40                CEC_IRQHandler
                0x08002e40                EXTI15_10_IRQHandler
                0x08002e40                BDMA_Channel0_IRQHandler
                0x08002e40                ADC_IRQHandler
                0x08002e40                DMA1_Stream7_IRQHandler
                0x08002e40                HRTIM1_TIMA_IRQHandler
                0x08002e40                SPI5_IRQHandler
                0x08002e40                TIM7_IRQHandler
                0x08002e40                SDMMC1_IRQHandler
                0x08002e40                TIM5_IRQHandler
                0x08002e40                DMA2_Stream7_IRQHandler
                0x08002e40                TIM15_IRQHandler
                0x08002e40                PVD_AVD_IRQHandler
                0x08002e40                I2C3_EV_IRQHandler
                0x08002e40                EXTI9_5_IRQHandler
                0x08002e40                RTC_WKUP_IRQHandler
                0x08002e40                LTDC_IRQHandler
                0x08002e40                SAI3_IRQHandler
                0x08002e40                ETH_WKUP_IRQHandler
                0x08002e40                SPDIF_RX_IRQHandler
                0x08002e40                SPI2_IRQHandler
                0x08002e40                OTG_HS_EP1_IN_IRQHandler
                0x08002e40                DMA1_Stream0_IRQHandler
                0x08002e40                CRS_IRQHandler
                0x08002e40                EXTI4_IRQHandler
                0x08002e40                HRTIM1_TIMB_IRQHandler
                0x08002e40                FDCAN2_IT1_IRQHandler
                0x08002e40                ETH_IRQHandler
                0x08002e40                TIM1_UP_IRQHandler
                0x08002e40                BDMA_Channel4_IRQHandler
                0x08002e40                OTG_HS_EP1_OUT_IRQHandler
                0x08002e40                WWDG_IRQHandler
                0x08002e40                SPI6_IRQHandler
                0x08002e40                MDIOS_IRQHandler
                0x08002e40                I2C4_EV_IRQHandler
                0x08002e40                FDCAN2_IT0_IRQHandler
                0x08002e40                LPUART1_IRQHandler
                0x08002e40                FDCAN1_IT0_IRQHandler
                0x08002e40                TIM2_IRQHandler
                0x08002e40                OTG_FS_WKUP_IRQHandler
                0x08002e40                OTG_HS_IRQHandler
                0x08002e40                DMA2D_IRQHandler
                0x08002e40                TIM1_BRK_IRQHandler
                0x08002e40                EXTI1_IRQHandler
                0x08002e40                SDMMC2_IRQHandler
                0x08002e40                OTG_FS_EP1_OUT_IRQHandler
                0x08002e40                BDMA_Channel3_IRQHandler
                0x08002e40                UART7_IRQHandler
                0x08002e40                MDIOS_WKUP_IRQHandler
                0x08002e40                USART2_IRQHandler
                0x08002e40                DFSDM1_FLT0_IRQHandler
                0x08002e40                SAI4_IRQHandler
                0x08002e40                I2C2_ER_IRQHandler
                0x08002e40                DMA2_Stream1_IRQHandler
                0x08002e40                FLASH_IRQHandler
                0x08002e40                DMA2_Stream4_IRQHandler
                0x08002e40                OTG_FS_IRQHandler
                0x08002e40                SPI3_IRQHandler
                0x08002e40                WAKEUP_PIN_IRQHandler
                0x08002e40                DMA1_Stream4_IRQHandler
                0x08002e40                OTG_FS_EP1_IN_IRQHandler
                0x08002e40                I2C1_ER_IRQHandler
                0x08002e40                FMC_IRQHandler
                0x08002e40                FDCAN_CAL_IRQHandler
                0x08002e40                SWPMI1_IRQHandler
                0x08002e40                COMP1_IRQHandler
                0x08002e40                LPTIM1_IRQHandler
                0x08002e40                I2C4_ER_IRQHandler
                0x08002e40                DMA2_Stream6_IRQHandler
                0x08002e40                SAI1_IRQHandler
                0x08002e40                DMA1_Stream3_IRQHandler
 *fill*         0x08002e42        0x2 
 .text.HAL_InitTick
                0x08002e44       0x50 CMakeFiles/h750_blink.elf.dir/Drivers/STM32H7xx_HAL_Driver/Src/stm32h7xx_hal.c.obj
                0x08002e44                HAL_InitTick
 .text.HAL_Init
                0x08002e94       0x5c CMakeFiles/h750_blink.elf.dir/Drivers/STM32H7xx_HAL_Driver/Src/stm32h7xx_hal.c.obj
                0x08002e94                HAL_Init
 .text.HAL_IncTick
                0x08002ef0       0x18 CMakeFiles/h750_blink.elf.dir/Drivers/STM32H7xx_HAL_Driver/Src/stm32h7xx_hal.c.obj
                0x08002ef0                HAL_IncTick
 .text.HAL_GetTick
                0x08002f08        0xc CMakeFiles/h750_blink.elf.dir/Drivers/STM32H7xx_HAL_Driver/Src/stm32h7xx_hal.c.obj
                0x08002f08                HAL_GetTick
 .text.HAL_GetREVID
                0x08002f14        0xc CMakeFiles/h750_blink.elf.dir/Drivers/STM32H7xx_HAL_Driver/Src/stm32h7xx_hal.c.obj
                0x08002f14                HAL_GetREVID
 .text.HAL_NVIC_SetPriorityGrouping
                0x08002f20       0x24 CMakeFiles/h750_blink.elf.dir/Drivers/STM32H7xx_HAL_Driver/Src/stm32h7xx_hal_cortex.c.obj
                0x08002f20                HAL_NVIC_SetPriorityGrouping
 .text.HAL_NVIC_SetPriority
                0x08002f44       0x64 CMakeFiles/h750_blink.elf.dir/Drivers/STM32H7xx_HAL_Driver/Src/stm32h7xx_hal_cortex.c.obj
                0x08002f44                HAL_NVIC_SetPriority
 .text.HAL_NVIC_EnableIRQ
                0x08002fa8       0x1c CMakeFiles/h750_blink.elf.dir/Drivers/STM32H7xx_HAL_Driver/Src/stm32h7xx_hal_cortex.c.obj
                0x08002fa8                HAL_NVIC_EnableIRQ
 .text.HAL_SYSTICK_Config
                0x08002fc4       0x2c CMakeFiles/h750_blink.elf.dir/Drivers/STM32H7xx_HAL_Driver/Src/stm32h7xx_hal_cortex.c.obj
                0x08002fc4                HAL_SYSTICK_Config
 .text.HAL_DMA_Abort
                0x08002ff0      0x340 CMakeFiles/h750_blink.elf.dir/Drivers/STM32H7xx_HAL_Driver/Src/stm32h7xx_hal_dma.c.obj
                0x08002ff0                HAL_DMA_Abort
 .text.HAL_DMA_Abort_IT
                0x08003330      0x270 CMakeFiles/h750_blink.elf.dir/Drivers/STM32H7xx_HAL_Driver/Src/stm32h7xx_hal_dma.c.obj
                0x08003330                HAL_DMA_Abort_IT
 .text.HAL_GPIO_Init
                0x080035a0      0x1ec CMakeFiles/h750_blink.elf.dir/Drivers/STM32H7xx_HAL_Driver/Src/stm32h7xx_hal_gpio.c.obj
                0x080035a0                HAL_GPIO_Init
 .text.HAL_GPIO_WritePin
                0x0800378c        0xc CMakeFiles/h750_blink.elf.dir/Drivers/STM32H7xx_HAL_Driver/Src/stm32h7xx_hal_gpio.c.obj
                0x0800378c                HAL_GPIO_WritePin
 .text.HAL_GPIO_TogglePin
                0x08003798       0x12 CMakeFiles/h750_blink.elf.dir/Drivers/STM32H7xx_HAL_Driver/Src/stm32h7xx_hal_gpio.c.obj
                0x08003798                HAL_GPIO_TogglePin
 *fill*         0x080037aa        0x2 
 .text.HAL_PWREx_ConfigSupply
                0x080037ac       0x54 CMakeFiles/h750_blink.elf.dir/Drivers/STM32H7xx_HAL_Driver/Src/stm32h7xx_hal_pwr_ex.c.obj
                0x080037ac                HAL_PWREx_ConfigSupply
 .text.HAL_RCC_OscConfig
                0x08003800      0x6b4 CMakeFiles/h750_blink.elf.dir/Drivers/STM32H7xx_HAL_Driver/Src/stm32h7xx_hal_rcc.c.obj
                0x08003800                HAL_RCC_OscConfig
 .text.HAL_RCC_GetSysClockFreq
                0x08003eb4      0x1f4 CMakeFiles/h750_blink.elf.dir/Drivers/STM32H7xx_HAL_Driver/Src/stm32h7xx_hal_rcc.c.obj
                0x08003eb4                HAL_RCC_GetSysClockFreq
 .text.HAL_RCC_ClockConfig
                0x080040a8      0x294 CMakeFiles/h750_blink.elf.dir/Drivers/STM32H7xx_HAL_Driver/Src/stm32h7xx_hal_rcc.c.obj
                0x080040a8                HAL_RCC_ClockConfig
 .text.HAL_RCC_GetHCLKFreq
                0x0800433c       0x44 CMakeFiles/h750_blink.elf.dir/Drivers/STM32H7xx_HAL_Driver/Src/stm32h7xx_hal_rcc.c.obj
                0x0800433c                HAL_RCC_GetHCLKFreq
 .text.HAL_RCC_GetPCLK1Freq
                0x08004380       0x24 CMakeFiles/h750_blink.elf.dir/Drivers/STM32H7xx_HAL_Driver/Src/stm32h7xx_hal_rcc.c.obj
                0x08004380                HAL_RCC_GetPCLK1Freq
 .text.HAL_RCC_GetPCLK2Freq
                0x080043a4       0x24 CMakeFiles/h750_blink.elf.dir/Drivers/STM32H7xx_HAL_Driver/Src/stm32h7xx_hal_rcc.c.obj
                0x080043a4                HAL_RCC_GetPCLK2Freq
 .text.RCCEx_PLL2_Config
                0x080043c8      0x10c CMakeFiles/h750_blink.elf.dir/Drivers/STM32H7xx_HAL_Driver/Src/stm32h7xx_hal_rcc_ex.c.obj
 .text.RCCEx_PLL3_Config
                0x080044d4      0x10c CMakeFiles/h750_blink.elf.dir/Drivers/STM32H7xx_HAL_Driver/Src/stm32h7xx_hal_rcc_ex.c.obj
 .text.HAL_RCCEx_PeriphCLKConfig
                0x080045e0      0xb2c CMakeFiles/h750_blink.elf.dir/Drivers/STM32H7xx_HAL_Driver/Src/stm32h7xx_hal_rcc_ex.c.obj
                0x080045e0                HAL_RCCEx_PeriphCLKConfig
 .text.HAL_RCCEx_GetD3PCLK1Freq
                0x0800510c       0x24 CMakeFiles/h750_blink.elf.dir/Drivers/STM32H7xx_HAL_Driver/Src/stm32h7xx_hal_rcc_ex.c.obj
                0x0800510c                HAL_RCCEx_GetD3PCLK1Freq
 .text.HAL_RCCEx_GetPLL2ClockFreq
                0x08005130      0x1fc CMakeFiles/h750_blink.elf.dir/Drivers/STM32H7xx_HAL_Driver/Src/stm32h7xx_hal_rcc_ex.c.obj
                0x08005130                HAL_RCCEx_GetPLL2ClockFreq
 .text.HAL_RCCEx_GetPLL3ClockFreq
                0x0800532c      0x1fc CMakeFiles/h750_blink.elf.dir/Drivers/STM32H7xx_HAL_Driver/Src/stm32h7xx_hal_rcc_ex.c.obj
                0x0800532c                HAL_RCCEx_GetPLL3ClockFreq
 .text.TIM_OC1_SetConfig
                0x08005528       0xa4 CMakeFiles/h750_blink.elf.dir/Drivers/STM32H7xx_HAL_Driver/Src/stm32h7xx_hal_tim.c.obj
 .text.TIM_OC3_SetConfig
                0x080055cc       0x94 CMakeFiles/h750_blink.elf.dir/Drivers/STM32H7xx_HAL_Driver/Src/stm32h7xx_hal_tim.c.obj
 .text.TIM_OC4_SetConfig
                0x08005660       0x74 CMakeFiles/h750_blink.elf.dir/Drivers/STM32H7xx_HAL_Driver/Src/stm32h7xx_hal_tim.c.obj
 .text.TIM_OC5_SetConfig
                0x080056d4       0x74 CMakeFiles/h750_blink.elf.dir/Drivers/STM32H7xx_HAL_Driver/Src/stm32h7xx_hal_tim.c.obj
 .text.TIM_OC6_SetConfig
                0x08005748       0x74 CMakeFiles/h750_blink.elf.dir/Drivers/STM32H7xx_HAL_Driver/Src/stm32h7xx_hal_tim.c.obj
 .text.TIM_Base_SetConfig
                0x080057bc      0x110 CMakeFiles/h750_blink.elf.dir/Drivers/STM32H7xx_HAL_Driver/Src/stm32h7xx_hal_tim.c.obj
                0x080057bc                TIM_Base_SetConfig
 .text.HAL_TIM_PWM_Init
                0x080058cc       0x60 CMakeFiles/h750_blink.elf.dir/Drivers/STM32H7xx_HAL_Driver/Src/stm32h7xx_hal_tim.c.obj
                0x080058cc                HAL_TIM_PWM_Init
 .text.TIM_OC2_SetConfig
                0x0800592c       0x94 CMakeFiles/h750_blink.elf.dir/Drivers/STM32H7xx_HAL_Driver/Src/stm32h7xx_hal_tim.c.obj
                0x0800592c                TIM_OC2_SetConfig
 .text.HAL_TIM_PWM_ConfigChannel
                0x080059c0      0x13a CMakeFiles/h750_blink.elf.dir/Drivers/STM32H7xx_HAL_Driver/Src/stm32h7xx_hal_tim.c.obj
                0x080059c0                HAL_TIM_PWM_ConfigChannel
 .text.TIM_CCxChannelCmd
                0x08005afa       0x24 CMakeFiles/h750_blink.elf.dir/Drivers/STM32H7xx_HAL_Driver/Src/stm32h7xx_hal_tim.c.obj
                0x08005afa                TIM_CCxChannelCmd
 *fill*         0x08005b1e        0x2 
 .text.HAL_TIM_PWM_Start
                0x08005b20      0x168 CMakeFiles/h750_blink.elf.dir/Drivers/STM32H7xx_HAL_Driver/Src/stm32h7xx_hal_tim.c.obj
                0x08005b20                HAL_TIM_PWM_Start
 .text.HAL_TIMEx_MasterConfigSynchronization
                0x08005c88       0xa0 CMakeFiles/h750_blink.elf.dir/Drivers/STM32H7xx_HAL_Driver/Src/stm32h7xx_hal_tim_ex.c.obj
                0x08005c88                HAL_TIMEx_MasterConfigSynchronization
 .text.UART_EndRxTransfer
                0x08005d28       0x58 CMakeFiles/h750_blink.elf.dir/Drivers/STM32H7xx_HAL_Driver/Src/stm32h7xx_hal_uart.c.obj
 .text.HAL_UART_TxCpltCallback
                0x08005d80        0x2 CMakeFiles/h750_blink.elf.dir/Drivers/STM32H7xx_HAL_Driver/Src/stm32h7xx_hal_uart.c.obj
                0x08005d80                HAL_UART_TxCpltCallback
 .text.UART_EndTransmit_IT
                0x08005d82       0x24 CMakeFiles/h750_blink.elf.dir/Drivers/STM32H7xx_HAL_Driver/Src/stm32h7xx_hal_uart.c.obj
 .text.HAL_UART_ErrorCallback
                0x08005da6        0x2 CMakeFiles/h750_blink.elf.dir/Drivers/STM32H7xx_HAL_Driver/Src/stm32h7xx_hal_uart.c.obj
                0x08005da6                HAL_UART_ErrorCallback
 .text.UART_DMAAbortOnError
                0x08005da8       0x14 CMakeFiles/h750_blink.elf.dir/Drivers/STM32H7xx_HAL_Driver/Src/stm32h7xx_hal_uart.c.obj
 .text.HAL_UARTEx_RxEventCallback
                0x08005dbc        0x2 CMakeFiles/h750_blink.elf.dir/Drivers/STM32H7xx_HAL_Driver/Src/stm32h7xx_hal_uart.c.obj
                0x08005dbc                HAL_UARTEx_RxEventCallback
 *fill*         0x08005dbe        0x2 
 .text.HAL_UART_IRQHandler
                0x08005dc0      0x3b8 CMakeFiles/h750_blink.elf.dir/Drivers/STM32H7xx_HAL_Driver/Src/stm32h7xx_hal_uart.c.obj
                0x08005dc0                HAL_UART_IRQHandler
 .text.UART_RxISR_8BIT
                0x08006178       0xdc CMakeFiles/h750_blink.elf.dir/Drivers/STM32H7xx_HAL_Driver/Src/stm32h7xx_hal_uart.c.obj
 .text.UART_RxISR_16BIT
                0x08006254       0xd8 CMakeFiles/h750_blink.elf.dir/Drivers/STM32H7xx_HAL_Driver/Src/stm32h7xx_hal_uart.c.obj
 .text.UART_RxISR_8BIT_FIFOEN
                0x0800632c      0x1cc CMakeFiles/h750_blink.elf.dir/Drivers/STM32H7xx_HAL_Driver/Src/stm32h7xx_hal_uart.c.obj
 .text.UART_RxISR_16BIT_FIFOEN
                0x080064f8      0x1c8 CMakeFiles/h750_blink.elf.dir/Drivers/STM32H7xx_HAL_Driver/Src/stm32h7xx_hal_uart.c.obj
 .text.UART_SetConfig
                0x080066c0      0x5fc CMakeFiles/h750_blink.elf.dir/Drivers/STM32H7xx_HAL_Driver/Src/stm32h7xx_hal_uart.c.obj
                0x080066c0                UART_SetConfig
 .text.UART_AdvFeatureConfig
                0x08006cbc       0xca CMakeFiles/h750_blink.elf.dir/Drivers/STM32H7xx_HAL_Driver/Src/stm32h7xx_hal_uart.c.obj
                0x08006cbc                UART_AdvFeatureConfig
 .text.UART_WaitOnFlagUntilTimeout
                0x08006d86       0xa6 CMakeFiles/h750_blink.elf.dir/Drivers/STM32H7xx_HAL_Driver/Src/stm32h7xx_hal_uart.c.obj
                0x08006d86                UART_WaitOnFlagUntilTimeout
 .text.HAL_UART_Transmit
                0x08006e2c       0xd4 CMakeFiles/h750_blink.elf.dir/Drivers/STM32H7xx_HAL_Driver/Src/stm32h7xx_hal_uart.c.obj
                0x08006e2c                HAL_UART_Transmit
 .text.HAL_UART_Receive
                0x08006f00      0x11c CMakeFiles/h750_blink.elf.dir/Drivers/STM32H7xx_HAL_Driver/Src/stm32h7xx_hal_uart.c.obj
                0x08006f00                HAL_UART_Receive
 .text.UART_CheckIdleState
                0x0800701c       0xca CMakeFiles/h750_blink.elf.dir/Drivers/STM32H7xx_HAL_Driver/Src/stm32h7xx_hal_uart.c.obj
                0x0800701c                UART_CheckIdleState
 .text.HAL_UART_Init
                0x080070e6       0x66 CMakeFiles/h750_blink.elf.dir/Drivers/STM32H7xx_HAL_Driver/Src/stm32h7xx_hal_uart.c.obj
                0x080070e6                HAL_UART_Init
 .text.UART_Start_Receive_IT
                0x0800714c      0x13c CMakeFiles/h750_blink.elf.dir/Drivers/STM32H7xx_HAL_Driver/Src/stm32h7xx_hal_uart.c.obj
                0x0800714c                UART_Start_Receive_IT
 .text.HAL_UART_Receive_IT
                0x08007288       0x50 CMakeFiles/h750_blink.elf.dir/Drivers/STM32H7xx_HAL_Driver/Src/stm32h7xx_hal_uart.c.obj
                0x08007288                HAL_UART_Receive_IT
 .text.UARTEx_SetNbDataToProcess
                0x080072d8       0x4c CMakeFiles/h750_blink.elf.dir/Drivers/STM32H7xx_HAL_Driver/Src/stm32h7xx_hal_uart_ex.c.obj
 .text.HAL_UARTEx_WakeupCallback
                0x08007324        0x2 CMakeFiles/h750_blink.elf.dir/Drivers/STM32H7xx_HAL_Driver/Src/stm32h7xx_hal_uart_ex.c.obj
                0x08007324                HAL_UARTEx_WakeupCallback
 .text.HAL_UARTEx_RxFifoFullCallback
                0x08007326        0x2 CMakeFiles/h750_blink.elf.dir/Drivers/STM32H7xx_HAL_Driver/Src/stm32h7xx_hal_uart_ex.c.obj
                0x08007326                HAL_UARTEx_RxFifoFullCallback
 .text.HAL_UARTEx_TxFifoEmptyCallback
                0x08007328        0x2 CMakeFiles/h750_blink.elf.dir/Drivers/STM32H7xx_HAL_Driver/Src/stm32h7xx_hal_uart_ex.c.obj
                0x08007328                HAL_UARTEx_TxFifoEmptyCallback
 .text.HAL_UARTEx_DisableFifoMode
                0x0800732a       0x3e CMakeFiles/h750_blink.elf.dir/Drivers/STM32H7xx_HAL_Driver/Src/stm32h7xx_hal_uart_ex.c.obj
                0x0800732a                HAL_UARTEx_DisableFifoMode
 .text.HAL_UARTEx_SetTxFifoThreshold
                0x08007368       0x4a CMakeFiles/h750_blink.elf.dir/Drivers/STM32H7xx_HAL_Driver/Src/stm32h7xx_hal_uart_ex.c.obj
                0x08007368                HAL_UARTEx_SetTxFifoThreshold
 .text.HAL_UARTEx_SetRxFifoThreshold
                0x080073b2       0x4a CMakeFiles/h750_blink.elf.dir/Drivers/STM32H7xx_HAL_Driver/Src/stm32h7xx_hal_uart_ex.c.obj
                0x080073b2                HAL_UARTEx_SetRxFifoThreshold
 .text.__errno  0x080073fc        0xc e:/environment/9 2019-q4-major/bin/../lib/gcc/arm-none-eabi/9.2.1/../../../../arm-none-eabi/lib/thumb/v7e-m+fp/hard\libg.a(lib_a-errno.o)
                0x080073fc                __errno
 .text.__libc_init_array
                0x08007408       0x48 e:/environment/9 2019-q4-major/bin/../lib/gcc/arm-none-eabi/9.2.1/../../../../arm-none-eabi/lib/thumb/v7e-m+fp/hard\libg.a(lib_a-init.o)
                0x08007408                __libc_init_array
 .text.memset   0x08007450       0xa0 e:/environment/9 2019-q4-major/bin/../lib/gcc/arm-none-eabi/9.2.1/../../../../arm-none-eabi/lib/thumb/v7e-m+fp/hard\libg.a(lib_a-memset.o)
                0x08007450                memset
 .text.printf   0x080074f0       0x28 e:/environment/9 2019-q4-major/bin/../lib/gcc/arm-none-eabi/9.2.1/../../../../arm-none-eabi/lib/thumb/v7e-m+fp/hard\libg.a(lib_a-printf.o)
                0x080074f0                printf
 .text.setvbuf  0x08007518      0x1a0 e:/environment/9 2019-q4-major/bin/../lib/gcc/arm-none-eabi/9.2.1/../../../../arm-none-eabi/lib/thumb/v7e-m+fp/hard\libg.a(lib_a-setvbuf.o)
                0x08007518                setvbuf
 .text._vfprintf_r
                0x080076b8     0x1be0 e:/environment/9 2019-q4-major/bin/../lib/gcc/arm-none-eabi/9.2.1/../../../../arm-none-eabi/lib/thumb/v7e-m+fp/hard\libg.a(lib_a-vfprintf.o)
                0x080076b8                _vfprintf_r
 .text.__sbprintf
                0x08009298       0x84 e:/environment/9 2019-q4-major/bin/../lib/gcc/arm-none-eabi/9.2.1/../../../../arm-none-eabi/lib/thumb/v7e-m+fp/hard\libg.a(lib_a-vfprintf.o)
 .text.__swsetup_r
                0x0800931c       0xd0 e:/environment/9 2019-q4-major/bin/../lib/gcc/arm-none-eabi/9.2.1/../../../../arm-none-eabi/lib/thumb/v7e-m+fp/hard\libg.a(lib_a-wsetup.o)
                0x0800931c                __swsetup_r
 .text.startup.register_fini
                0x080093ec       0x14 e:/environment/9 2019-q4-major/bin/../lib/gcc/arm-none-eabi/9.2.1/../../../../arm-none-eabi/lib/thumb/v7e-m+fp/hard\libg.a(lib_a-__call_atexit.o)
 .text.atexit   0x08009400        0xc e:/environment/9 2019-q4-major/bin/../lib/gcc/arm-none-eabi/9.2.1/../../../../arm-none-eabi/lib/thumb/v7e-m+fp/hard\libg.a(lib_a-atexit.o)
                0x08009400                atexit
 .text.quorem   0x0800940c      0x11c e:/environment/9 2019-q4-major/bin/../lib/gcc/arm-none-eabi/9.2.1/../../../../arm-none-eabi/lib/thumb/v7e-m+fp/hard\libg.a(lib_a-dtoa.o)
 .text._dtoa_r  0x08009528      0xeec e:/environment/9 2019-q4-major/bin/../lib/gcc/arm-none-eabi/9.2.1/../../../../arm-none-eabi/lib/thumb/v7e-m+fp/hard\libg.a(lib_a-dtoa.o)
                0x08009528                _dtoa_r
 .text.__sflush_r
                0x0800a414      0x130 e:/environment/9 2019-q4-major/bin/../lib/gcc/arm-none-eabi/9.2.1/../../../../arm-none-eabi/lib/thumb/v7e-m+fp/hard\libg.a(lib_a-fflush.o)
                0x0800a414                __sflush_r
 .text._fflush_r
                0x0800a544       0x5c e:/environment/9 2019-q4-major/bin/../lib/gcc/arm-none-eabi/9.2.1/../../../../arm-none-eabi/lib/thumb/v7e-m+fp/hard\libg.a(lib_a-fflush.o)
                0x0800a544                _fflush_r
 .text.std      0x0800a5a0       0x50 e:/environment/9 2019-q4-major/bin/../lib/gcc/arm-none-eabi/9.2.1/../../../../arm-none-eabi/lib/thumb/v7e-m+fp/hard\libg.a(lib_a-findfp.o)
 .text._cleanup_r
                0x0800a5f0        0xc e:/environment/9 2019-q4-major/bin/../lib/gcc/arm-none-eabi/9.2.1/../../../../arm-none-eabi/lib/thumb/v7e-m+fp/hard\libg.a(lib_a-findfp.o)
                0x0800a5f0                _cleanup_r
 .text.__sinit  0x0800a5fc       0x54 e:/environment/9 2019-q4-major/bin/../lib/gcc/arm-none-eabi/9.2.1/../../../../arm-none-eabi/lib/thumb/v7e-m+fp/hard\libg.a(lib_a-findfp.o)
                0x0800a5fc                __sinit
 .text.__sfp_lock_acquire
                0x0800a650        0xc e:/environment/9 2019-q4-major/bin/../lib/gcc/arm-none-eabi/9.2.1/../../../../arm-none-eabi/lib/thumb/v7e-m+fp/hard\libg.a(lib_a-findfp.o)
                0x0800a650                __sfp_lock_acquire
 .text.__sfp_lock_release
                0x0800a65c        0xc e:/environment/9 2019-q4-major/bin/../lib/gcc/arm-none-eabi/9.2.1/../../../../arm-none-eabi/lib/thumb/v7e-m+fp/hard\libg.a(lib_a-findfp.o)
                0x0800a65c                __sfp_lock_release
 .text.__libc_fini_array
                0x0800a668       0x2c e:/environment/9 2019-q4-major/bin/../lib/gcc/arm-none-eabi/9.2.1/../../../../arm-none-eabi/lib/thumb/v7e-m+fp/hard\libg.a(lib_a-fini.o)
                0x0800a668                __libc_fini_array
 .text._malloc_trim_r
                0x0800a694       0xa0 e:/environment/9 2019-q4-major/bin/../lib/gcc/arm-none-eabi/9.2.1/../../../../arm-none-eabi/lib/thumb/v7e-m+fp/hard\libg.a(lib_a-freer.o)
                0x0800a694                _malloc_trim_r
 .text._free_r  0x0800a734      0x208 e:/environment/9 2019-q4-major/bin/../lib/gcc/arm-none-eabi/9.2.1/../../../../arm-none-eabi/lib/thumb/v7e-m+fp/hard\libg.a(lib_a-freer.o)
                0x0800a734                _free_r
 .text._fwalk_reent
                0x0800a93c       0x48 e:/environment/9 2019-q4-major/bin/../lib/gcc/arm-none-eabi/9.2.1/../../../../arm-none-eabi/lib/thumb/v7e-m+fp/hard\libg.a(lib_a-fwalk.o)
                0x0800a93c                _fwalk_reent
 .text._localeconv_r
                0x0800a984        0x8 e:/environment/9 2019-q4-major/bin/../lib/gcc/arm-none-eabi/9.2.1/../../../../arm-none-eabi/lib/thumb/v7e-m+fp/hard\libg.a(lib_a-localeconv.o)
                0x0800a984                _localeconv_r
 .text.__retarget_lock_init_recursive
                0x0800a98c        0x4 e:/environment/9 2019-q4-major/bin/../lib/gcc/arm-none-eabi/9.2.1/../../../../arm-none-eabi/lib/thumb/v7e-m+fp/hard\libg.a(lib_a-lock.o)
                0x0800a98c                __retarget_lock_init_recursive
 .text.__retarget_lock_close_recursive
                0x0800a990        0x4 e:/environment/9 2019-q4-major/bin/../lib/gcc/arm-none-eabi/9.2.1/../../../../arm-none-eabi/lib/thumb/v7e-m+fp/hard\libg.a(lib_a-lock.o)
                0x0800a990                __retarget_lock_close_recursive
 .text.__retarget_lock_acquire_recursive
                0x0800a994        0x4 e:/environment/9 2019-q4-major/bin/../lib/gcc/arm-none-eabi/9.2.1/../../../../arm-none-eabi/lib/thumb/v7e-m+fp/hard\libg.a(lib_a-lock.o)
                0x0800a994                __retarget_lock_acquire_recursive
 .text.__retarget_lock_release_recursive
                0x0800a998        0x4 e:/environment/9 2019-q4-major/bin/../lib/gcc/arm-none-eabi/9.2.1/../../../../arm-none-eabi/lib/thumb/v7e-m+fp/hard\libg.a(lib_a-lock.o)
                0x0800a998                __retarget_lock_release_recursive
 .text.__swhatbuf_r
                0x0800a99c       0x5c e:/environment/9 2019-q4-major/bin/../lib/gcc/arm-none-eabi/9.2.1/../../../../arm-none-eabi/lib/thumb/v7e-m+fp/hard\libg.a(lib_a-makebuf.o)
                0x0800a99c                __swhatbuf_r
 .text.__smakebuf_r
                0x0800a9f8       0x98 e:/environment/9 2019-q4-major/bin/../lib/gcc/arm-none-eabi/9.2.1/../../../../arm-none-eabi/lib/thumb/v7e-m+fp/hard\libg.a(lib_a-makebuf.o)
                0x0800a9f8                __smakebuf_r
 .text.malloc   0x0800aa90       0x10 e:/environment/9 2019-q4-major/bin/../lib/gcc/arm-none-eabi/9.2.1/../../../../arm-none-eabi/lib/thumb/v7e-m+fp/hard\libg.a(lib_a-malloc.o)
                0x0800aa90                malloc
 .text._malloc_r
                0x0800aaa0      0x574 e:/environment/9 2019-q4-major/bin/../lib/gcc/arm-none-eabi/9.2.1/../../../../arm-none-eabi/lib/thumb/v7e-m+fp/hard\libg.a(lib_a-mallocr.o)
                0x0800aaa0                _malloc_r
 .text.__malloc_lock
                0x0800b014        0xc e:/environment/9 2019-q4-major/bin/../lib/gcc/arm-none-eabi/9.2.1/../../../../arm-none-eabi/lib/thumb/v7e-m+fp/hard\libg.a(lib_a-mlock.o)
                0x0800b014                __malloc_lock
 .text.__malloc_unlock
                0x0800b020        0xc e:/environment/9 2019-q4-major/bin/../lib/gcc/arm-none-eabi/9.2.1/../../../../arm-none-eabi/lib/thumb/v7e-m+fp/hard\libg.a(lib_a-mlock.o)
                0x0800b020                __malloc_unlock
 .text._Balloc  0x0800b02c       0x4c e:/environment/9 2019-q4-major/bin/../lib/gcc/arm-none-eabi/9.2.1/../../../../arm-none-eabi/lib/thumb/v7e-m+fp/hard\libg.a(lib_a-mprec.o)
                0x0800b02c                _Balloc
 .text._Bfree   0x0800b078       0x14 e:/environment/9 2019-q4-major/bin/../lib/gcc/arm-none-eabi/9.2.1/../../../../arm-none-eabi/lib/thumb/v7e-m+fp/hard\libg.a(lib_a-mprec.o)
                0x0800b078                _Bfree
 .text.__multadd
                0x0800b08c       0x8c e:/environment/9 2019-q4-major/bin/../lib/gcc/arm-none-eabi/9.2.1/../../../../arm-none-eabi/lib/thumb/v7e-m+fp/hard\libg.a(lib_a-mprec.o)
                0x0800b08c                __multadd
 .text.__hi0bits
                0x0800b118       0x40 e:/environment/9 2019-q4-major/bin/../lib/gcc/arm-none-eabi/9.2.1/../../../../arm-none-eabi/lib/thumb/v7e-m+fp/hard\libg.a(lib_a-mprec.o)
                0x0800b118                __hi0bits
 .text.__lo0bits
                0x0800b158       0x60 e:/environment/9 2019-q4-major/bin/../lib/gcc/arm-none-eabi/9.2.1/../../../../arm-none-eabi/lib/thumb/v7e-m+fp/hard\libg.a(lib_a-mprec.o)
                0x0800b158                __lo0bits
 .text.__i2b    0x0800b1b8       0x14 e:/environment/9 2019-q4-major/bin/../lib/gcc/arm-none-eabi/9.2.1/../../../../arm-none-eabi/lib/thumb/v7e-m+fp/hard\libg.a(lib_a-mprec.o)
                0x0800b1b8                __i2b
 .text.__multiply
                0x0800b1cc      0x144 e:/environment/9 2019-q4-major/bin/../lib/gcc/arm-none-eabi/9.2.1/../../../../arm-none-eabi/lib/thumb/v7e-m+fp/hard\libg.a(lib_a-mprec.o)
                0x0800b1cc                __multiply
 .text.__pow5mult
                0x0800b310       0xa0 e:/environment/9 2019-q4-major/bin/../lib/gcc/arm-none-eabi/9.2.1/../../../../arm-none-eabi/lib/thumb/v7e-m+fp/hard\libg.a(lib_a-mprec.o)
                0x0800b310                __pow5mult
 .text.__lshift
                0x0800b3b0       0xd4 e:/environment/9 2019-q4-major/bin/../lib/gcc/arm-none-eabi/9.2.1/../../../../arm-none-eabi/lib/thumb/v7e-m+fp/hard\libg.a(lib_a-mprec.o)
                0x0800b3b0                __lshift
 .text.__mcmp   0x0800b484       0x3c e:/environment/9 2019-q4-major/bin/../lib/gcc/arm-none-eabi/9.2.1/../../../../arm-none-eabi/lib/thumb/v7e-m+fp/hard\libg.a(lib_a-mprec.o)
                0x0800b484                __mcmp
 .text.__mdiff  0x0800b4c0      0x138 e:/environment/9 2019-q4-major/bin/../lib/gcc/arm-none-eabi/9.2.1/../../../../arm-none-eabi/lib/thumb/v7e-m+fp/hard\libg.a(lib_a-mprec.o)
                0x0800b4c0                __mdiff
 .text.__d2b    0x0800b5f8       0xbc e:/environment/9 2019-q4-major/bin/../lib/gcc/arm-none-eabi/9.2.1/../../../../arm-none-eabi/lib/thumb/v7e-m+fp/hard\libg.a(lib_a-mprec.o)
                0x0800b5f8                __d2b
 .text.frexp    0x0800b6b4       0x6c e:/environment/9 2019-q4-major/bin/../lib/gcc/arm-none-eabi/9.2.1/../../../../arm-none-eabi/lib/thumb/v7e-m+fp/hard\libg.a(lib_a-s_frexp.o)
                0x0800b6b4                frexp
 .text._sbrk_r  0x0800b720       0x24 e:/environment/9 2019-q4-major/bin/../lib/gcc/arm-none-eabi/9.2.1/../../../../arm-none-eabi/lib/thumb/v7e-m+fp/hard\libg.a(lib_a-sbrkr.o)
                0x0800b720                _sbrk_r
 .text.__sread  0x0800b744       0x24 e:/environment/9 2019-q4-major/bin/../lib/gcc/arm-none-eabi/9.2.1/../../../../arm-none-eabi/lib/thumb/v7e-m+fp/hard\libg.a(lib_a-stdio.o)
                0x0800b744                __sread
 .text.__swrite
                0x0800b768       0x40 e:/environment/9 2019-q4-major/bin/../lib/gcc/arm-none-eabi/9.2.1/../../../../arm-none-eabi/lib/thumb/v7e-m+fp/hard\libg.a(lib_a-stdio.o)
                0x0800b768                __swrite
 .text.__sseek  0x0800b7a8       0x20 e:/environment/9 2019-q4-major/bin/../lib/gcc/arm-none-eabi/9.2.1/../../../../arm-none-eabi/lib/thumb/v7e-m+fp/hard\libg.a(lib_a-stdio.o)
                0x0800b7a8                __sseek
 .text.__sclose
                0x0800b7c8        0x8 e:/environment/9 2019-q4-major/bin/../lib/gcc/arm-none-eabi/9.2.1/../../../../arm-none-eabi/lib/thumb/v7e-m+fp/hard\libg.a(lib_a-stdio.o)
                0x0800b7c8                __sclose
 .text.strncpy  0x0800b7d0       0x68 e:/environment/9 2019-q4-major/bin/../lib/gcc/arm-none-eabi/9.2.1/../../../../arm-none-eabi/lib/thumb/v7e-m+fp/hard\libg.a(lib_a-strncpy.o)
                0x0800b7d0                strncpy
 .text.__sprint_r.part.0
                0x0800b838       0x78 e:/environment/9 2019-q4-major/bin/../lib/gcc/arm-none-eabi/9.2.1/../../../../arm-none-eabi/lib/thumb/v7e-m+fp/hard\libg.a(lib_a-vfiprintf.o)
 .text.__sprint_r
                0x0800b8b0       0x18 e:/environment/9 2019-q4-major/bin/../lib/gcc/arm-none-eabi/9.2.1/../../../../arm-none-eabi/lib/thumb/v7e-m+fp/hard\libg.a(lib_a-vfiprintf.o)
                0x0800b8b0                __sprint_r
 .text._write_r
                0x0800b8c8       0x2c e:/environment/9 2019-q4-major/bin/../lib/gcc/arm-none-eabi/9.2.1/../../../../arm-none-eabi/lib/thumb/v7e-m+fp/hard\libg.a(lib_a-writer.o)
                0x0800b8c8                _write_r
 .text.__register_exitproc
                0x0800b8f4       0x8c e:/environment/9 2019-q4-major/bin/../lib/gcc/arm-none-eabi/9.2.1/../../../../arm-none-eabi/lib/thumb/v7e-m+fp/hard\libg.a(lib_a-__atexit.o)
                0x0800b8f4                __register_exitproc
 .text._calloc_r
                0x0800b980       0x60 e:/environment/9 2019-q4-major/bin/../lib/gcc/arm-none-eabi/9.2.1/../../../../arm-none-eabi/lib/thumb/v7e-m+fp/hard\libg.a(lib_a-callocr.o)
                0x0800b980                _calloc_r
 .text._close_r
                0x0800b9e0       0x24 e:/environment/9 2019-q4-major/bin/../lib/gcc/arm-none-eabi/9.2.1/../../../../arm-none-eabi/lib/thumb/v7e-m+fp/hard\libg.a(lib_a-closer.o)
                0x0800b9e0                _close_r
 .text._fclose_r
                0x0800ba04       0xcc e:/environment/9 2019-q4-major/bin/../lib/gcc/arm-none-eabi/9.2.1/../../../../arm-none-eabi/lib/thumb/v7e-m+fp/hard\libg.a(lib_a-fclose.o)
                0x0800ba04                _fclose_r
 .text.__fputwc
                0x0800bad0       0xa8 e:/environment/9 2019-q4-major/bin/../lib/gcc/arm-none-eabi/9.2.1/../../../../arm-none-eabi/lib/thumb/v7e-m+fp/hard\libg.a(lib_a-fputwc.o)
                0x0800bad0                __fputwc
 .text._fputwc_r
                0x0800bb78       0x68 e:/environment/9 2019-q4-major/bin/../lib/gcc/arm-none-eabi/9.2.1/../../../../arm-none-eabi/lib/thumb/v7e-m+fp/hard\libg.a(lib_a-fputwc.o)
                0x0800bb78                _fputwc_r
 .text._fstat_r
                0x0800bbe0       0x2c e:/environment/9 2019-q4-major/bin/../lib/gcc/arm-none-eabi/9.2.1/../../../../arm-none-eabi/lib/thumb/v7e-m+fp/hard\libg.a(lib_a-fstatr.o)
                0x0800bbe0                _fstat_r
 .text.__sfvwrite_r
                0x0800bc0c      0x2e0 e:/environment/9 2019-q4-major/bin/../lib/gcc/arm-none-eabi/9.2.1/../../../../arm-none-eabi/lib/thumb/v7e-m+fp/hard\libg.a(lib_a-fvwrite.o)
                0x0800bc0c                __sfvwrite_r
 .text._isatty_r
                0x0800beec       0x24 e:/environment/9 2019-q4-major/bin/../lib/gcc/arm-none-eabi/9.2.1/../../../../arm-none-eabi/lib/thumb/v7e-m+fp/hard\libg.a(lib_a-isattyr.o)
                0x0800beec                _isatty_r
 .text.__locale_mb_cur_max
                0x0800bf10        0xc e:/environment/9 2019-q4-major/bin/../lib/gcc/arm-none-eabi/9.2.1/../../../../arm-none-eabi/lib/thumb/v7e-m+fp/hard\libg.a(lib_a-locale.o)
                0x0800bf10                __locale_mb_cur_max
 .text._lseek_r
                0x0800bf1c       0x2c e:/environment/9 2019-q4-major/bin/../lib/gcc/arm-none-eabi/9.2.1/../../../../arm-none-eabi/lib/thumb/v7e-m+fp/hard\libg.a(lib_a-lseekr.o)
                0x0800bf1c                _lseek_r
 .text.__ascii_mbtowc
                0x0800bf48       0x2c e:/environment/9 2019-q4-major/bin/../lib/gcc/arm-none-eabi/9.2.1/../../../../arm-none-eabi/lib/thumb/v7e-m+fp/hard\libg.a(lib_a-mbtowc_r.o)
                0x0800bf48                __ascii_mbtowc
 .text.memmove  0x0800bf74       0xd8 e:/environment/9 2019-q4-major/bin/../lib/gcc/arm-none-eabi/9.2.1/../../../../arm-none-eabi/lib/thumb/v7e-m+fp/hard\libg.a(lib_a-memmove.o)
                0x0800bf74                memmove
 .text._read_r  0x0800c04c       0x2c e:/environment/9 2019-q4-major/bin/../lib/gcc/arm-none-eabi/9.2.1/../../../../arm-none-eabi/lib/thumb/v7e-m+fp/hard\libg.a(lib_a-readr.o)
                0x0800c04c                _read_r
 .text._realloc_r
                0x0800c078      0x3e0 e:/environment/9 2019-q4-major/bin/../lib/gcc/arm-none-eabi/9.2.1/../../../../arm-none-eabi/lib/thumb/v7e-m+fp/hard\libg.a(lib_a-reallocr.o)
                0x0800c078                _realloc_r
 .text.__swbuf_r
                0x0800c458       0xb0 e:/environment/9 2019-q4-major/bin/../lib/gcc/arm-none-eabi/9.2.1/../../../../arm-none-eabi/lib/thumb/v7e-m+fp/hard\libg.a(lib_a-wbuf.o)
                0x0800c458                __swbuf_r
 .text._wcrtomb_r
                0x0800c508       0x3c e:/environment/9 2019-q4-major/bin/../lib/gcc/arm-none-eabi/9.2.1/../../../../arm-none-eabi/lib/thumb/v7e-m+fp/hard\libg.a(lib_a-wcrtomb.o)
                0x0800c508                _wcrtomb_r
 .text.__ascii_wctomb
                0x0800c544       0x1c e:/environment/9 2019-q4-major/bin/../lib/gcc/arm-none-eabi/9.2.1/../../../../arm-none-eabi/lib/thumb/v7e-m+fp/hard\libg.a(lib_a-wctomb_r.o)
                0x0800c544                __ascii_wctomb
 *(.glue_7)
 .glue_7        0x0800c560        0x0 linker stubs
 *(.glue_7t)
 .glue_7t       0x0800c560        0x0 linker stubs
 *(.eh_frame)
 .eh_frame      0x0800c560        0x0 e:/environment/9 2019-q4-major/bin/../lib/gcc/arm-none-eabi/9.2.1/thumb/v7e-m+fp/hard/crtbegin.o
 *(.init)
 .init          0x0800c560        0x4 e:/environment/9 2019-q4-major/bin/../lib/gcc/arm-none-eabi/9.2.1/thumb/v7e-m+fp/hard/crti.o
                0x0800c560                _init
 .init          0x0800c564        0x8 e:/environment/9 2019-q4-major/bin/../lib/gcc/arm-none-eabi/9.2.1/thumb/v7e-m+fp/hard/crtn.o
 *(.fini)
 .fini          0x0800c56c        0x4 e:/environment/9 2019-q4-major/bin/../lib/gcc/arm-none-eabi/9.2.1/thumb/v7e-m+fp/hard/crti.o
                0x0800c56c                _fini
 .fini          0x0800c570        0x8 e:/environment/9 2019-q4-major/bin/../lib/gcc/arm-none-eabi/9.2.1/thumb/v7e-m+fp/hard/crtn.o
                0x0800c578                . = ALIGN (0x4)
                0x0800c578                _etext = .

.vfp11_veneer   0x0800c578        0x0
 .vfp11_veneer  0x0800c578        0x0 linker stubs

.v4_bx          0x0800c578        0x0
 .v4_bx         0x0800c578        0x0 linker stubs

.iplt           0x0800c578        0x0
 .iplt          0x0800c578        0x0 e:/environment/9 2019-q4-major/bin/../lib/gcc/arm-none-eabi/9.2.1/thumb/v7e-m+fp/hard/crtbegin.o

.rodata         0x0800c578      0x2c8
                0x0800c578                . = ALIGN (0x4)
 *(.rodata)
 *(.rodata*)
 .rodata.main.str1.4
                0x0800c578        0x8 CMakeFiles/h750_blink.elf.dir/Core/Src/main.c.obj
 .rodata.D1CorePrescTable
                0x0800c580       0x10 CMakeFiles/h750_blink.elf.dir/Core/Src/system_stm32h7xx.c.obj
                0x0800c580                D1CorePrescTable
 .rodata.UARTPrescTable
                0x0800c590       0x18 CMakeFiles/h750_blink.elf.dir/Drivers/STM32H7xx_HAL_Driver/Src/stm32h7xx_hal_uart.c.obj
                0x0800c590                UARTPrescTable
 .rodata.denominator.11038
                0x0800c5a8        0x8 CMakeFiles/h750_blink.elf.dir/Drivers/STM32H7xx_HAL_Driver/Src/stm32h7xx_hal_uart_ex.c.obj
 .rodata.numerator.11037
                0x0800c5b0        0x8 CMakeFiles/h750_blink.elf.dir/Drivers/STM32H7xx_HAL_Driver/Src/stm32h7xx_hal_uart_ex.c.obj
 .rodata._global_impure_ptr
                0x0800c5b8        0x4 e:/environment/9 2019-q4-major/bin/../lib/gcc/arm-none-eabi/9.2.1/../../../../arm-none-eabi/lib/thumb/v7e-m+fp/hard\libg.a(lib_a-impure.o)
                0x0800c5b8                _global_impure_ptr
 .rodata._vfprintf_r.str1.4
                0x0800c5bc       0x42 e:/environment/9 2019-q4-major/bin/../lib/gcc/arm-none-eabi/9.2.1/../../../../arm-none-eabi/lib/thumb/v7e-m+fp/hard\libg.a(lib_a-vfprintf.o)
 *fill*         0x0800c5fe        0x2 
 .rodata.blanks.8723
                0x0800c600       0x10 e:/environment/9 2019-q4-major/bin/../lib/gcc/arm-none-eabi/9.2.1/../../../../arm-none-eabi/lib/thumb/v7e-m+fp/hard\libg.a(lib_a-vfprintf.o)
 .rodata.zeroes.8724
                0x0800c610       0x10 e:/environment/9 2019-q4-major/bin/../lib/gcc/arm-none-eabi/9.2.1/../../../../arm-none-eabi/lib/thumb/v7e-m+fp/hard\libg.a(lib_a-vfprintf.o)
 .rodata._dtoa_r.str1.4
                0x0800c620        0xd e:/environment/9 2019-q4-major/bin/../lib/gcc/arm-none-eabi/9.2.1/../../../../arm-none-eabi/lib/thumb/v7e-m+fp/hard\libg.a(lib_a-dtoa.o)
                                 0x12 (size before relaxing)
 *fill*         0x0800c62d        0x3 
 .rodata.__mprec_bigtens
                0x0800c630       0x28 e:/environment/9 2019-q4-major/bin/../lib/gcc/arm-none-eabi/9.2.1/../../../../arm-none-eabi/lib/thumb/v7e-m+fp/hard\libg.a(lib_a-mprec.o)
                0x0800c630                __mprec_bigtens
 .rodata.__mprec_tens
                0x0800c658       0xc8 e:/environment/9 2019-q4-major/bin/../lib/gcc/arm-none-eabi/9.2.1/../../../../arm-none-eabi/lib/thumb/v7e-m+fp/hard\libg.a(lib_a-mprec.o)
                0x0800c658                __mprec_tens
 .rodata.p05.7478
                0x0800c720        0xc e:/environment/9 2019-q4-major/bin/../lib/gcc/arm-none-eabi/9.2.1/../../../../arm-none-eabi/lib/thumb/v7e-m+fp/hard\libg.a(lib_a-mprec.o)
 .rodata._setlocale_r.str1.4
                0x0800c72c        0xa e:/environment/9 2019-q4-major/bin/../lib/gcc/arm-none-eabi/9.2.1/../../../../arm-none-eabi/lib/thumb/v7e-m+fp/hard\libg.a(lib_a-locale.o)
                                  0xd (size before relaxing)
 *fill*         0x0800c736        0x2 
 .rodata.str1.4
                0x0800c738        0x2 e:/environment/9 2019-q4-major/bin/../lib/gcc/arm-none-eabi/9.2.1/../../../../arm-none-eabi/lib/thumb/v7e-m+fp/hard\libg.a(lib_a-locale.o)
 *fill*         0x0800c73a        0x2 
 .rodata._ctype_
                0x0800c73c      0x101 e:/environment/9 2019-q4-major/bin/../lib/gcc/arm-none-eabi/9.2.1/../../../../arm-none-eabi/lib/thumb/v7e-m+fp/hard\libg.a(lib_a-ctype_.o)
                0x0800c73c                _ctype_
                0x0800c840                . = ALIGN (0x4)
 *fill*         0x0800c83d        0x3 

.ARM.extab
 *(.ARM.extab* .gnu.linkonce.armextab.*)

.ARM            0x0800c840        0x8
                0x0800c840                __exidx_start = .
 *(.ARM.exidx*)
 .ARM.exidx     0x0800c840        0x8 e:/environment/9 2019-q4-major/bin/../lib/gcc/arm-none-eabi/9.2.1/thumb/v7e-m+fp/hard\libgcc.a(_udivmoddi4.o)
                0x0800c848                __exidx_end = .

.rel.dyn        0x0800c848        0x0
 .rel.iplt      0x0800c848        0x0 e:/environment/9 2019-q4-major/bin/../lib/gcc/arm-none-eabi/9.2.1/thumb/v7e-m+fp/hard/crtbegin.o

.preinit_array  0x0800c848        0x0
                0x0800c848                PROVIDE (__preinit_array_start = .)
 *(.preinit_array*)
                0x0800c848                PROVIDE (__preinit_array_end = .)

.init_array     0x0800c848        0x8
                0x0800c848                PROVIDE (__init_array_start = .)
 *(SORT_BY_NAME(.init_array.*))
 .init_array.00000
                0x0800c848        0x4 e:/environment/9 2019-q4-major/bin/../lib/gcc/arm-none-eabi/9.2.1/../../../../arm-none-eabi/lib/thumb/v7e-m+fp/hard\libg.a(lib_a-__call_atexit.o)
 *(.init_array*)
 .init_array    0x0800c84c        0x4 e:/environment/9 2019-q4-major/bin/../lib/gcc/arm-none-eabi/9.2.1/thumb/v7e-m+fp/hard/crtbegin.o
                0x0800c850                PROVIDE (__init_array_end = .)

.fini_array     0x0800c850        0x4
                0x0800c850                PROVIDE (__fini_array_start = .)
 *(SORT_BY_NAME(.fini_array.*))
 *(.fini_array*)
 .fini_array    0x0800c850        0x4 e:/environment/9 2019-q4-major/bin/../lib/gcc/arm-none-eabi/9.2.1/thumb/v7e-m+fp/hard/crtbegin.o
                0x0800c854                PROVIDE (__fini_array_end = .)
                0x0800c854                _sidata = LOADADDR (.data)

.data           0x24000000      0x9c0 load address 0x0800c854
                0x24000000                . = ALIGN (0x4)
                0x24000000                _sdata = .
 *(.data)
 *(.data*)
 .data.SystemCoreClock
                0x24000000        0x4 CMakeFiles/h750_blink.elf.dir/Core/Src/system_stm32h7xx.c.obj
                0x24000000                SystemCoreClock
 .data.SystemD2Clock
                0x24000004        0x4 CMakeFiles/h750_blink.elf.dir/Core/Src/system_stm32h7xx.c.obj
                0x24000004                SystemD2Clock
 .data.uwTickFreq
                0x24000008        0x1 CMakeFiles/h750_blink.elf.dir/Drivers/STM32H7xx_HAL_Driver/Src/stm32h7xx_hal.c.obj
                0x24000008                uwTickFreq
 *fill*         0x24000009        0x3 
 .data.uwTickPrio
                0x2400000c        0x4 CMakeFiles/h750_blink.elf.dir/Drivers/STM32H7xx_HAL_Driver/Src/stm32h7xx_hal.c.obj
                0x2400000c                uwTickPrio
 .data._impure_ptr
                0x24000010        0x4 e:/environment/9 2019-q4-major/bin/../lib/gcc/arm-none-eabi/9.2.1/../../../../arm-none-eabi/lib/thumb/v7e-m+fp/hard\libg.a(lib_a-impure.o)
                0x24000010                _impure_ptr
 *fill*         0x24000014        0x4 
 .data.impure_data
                0x24000018      0x428 e:/environment/9 2019-q4-major/bin/../lib/gcc/arm-none-eabi/9.2.1/../../../../arm-none-eabi/lib/thumb/v7e-m+fp/hard\libg.a(lib_a-impure.o)
 .data.__atexit_recursive_mutex
                0x24000440        0x4 e:/environment/9 2019-q4-major/bin/../lib/gcc/arm-none-eabi/9.2.1/../../../../arm-none-eabi/lib/thumb/v7e-m+fp/hard\libg.a(lib_a-__call_atexit.o)
                0x24000440                __atexit_recursive_mutex
 .data.__malloc_av_
                0x24000444      0x408 e:/environment/9 2019-q4-major/bin/../lib/gcc/arm-none-eabi/9.2.1/../../../../arm-none-eabi/lib/thumb/v7e-m+fp/hard\libg.a(lib_a-mallocr.o)
                0x24000444                __malloc_av_
 .data.__malloc_sbrk_base
                0x2400084c        0x4 e:/environment/9 2019-q4-major/bin/../lib/gcc/arm-none-eabi/9.2.1/../../../../arm-none-eabi/lib/thumb/v7e-m+fp/hard\libg.a(lib_a-mallocr.o)
                0x2400084c                __malloc_sbrk_base
 .data.__malloc_trim_threshold
                0x24000850        0x4 e:/environment/9 2019-q4-major/bin/../lib/gcc/arm-none-eabi/9.2.1/../../../../arm-none-eabi/lib/thumb/v7e-m+fp/hard\libg.a(lib_a-mallocr.o)
                0x24000850                __malloc_trim_threshold
 .data.__global_locale
                0x24000854      0x16c e:/environment/9 2019-q4-major/bin/../lib/gcc/arm-none-eabi/9.2.1/../../../../arm-none-eabi/lib/thumb/v7e-m+fp/hard\libg.a(lib_a-locale.o)
                0x24000854                __global_locale
 *(.RamFunc)
 *(.RamFunc*)
                0x240009c0                . = ALIGN (0x4)
                0x240009c0                _edata = .

.igot.plt       0x240009c0        0x0 load address 0x0800d214
 .igot.plt      0x240009c0        0x0 e:/environment/9 2019-q4-major/bin/../lib/gcc/arm-none-eabi/9.2.1/thumb/v7e-m+fp/hard/crtbegin.o
                0x240009c0                . = ALIGN (0x4)

.bss            0x240009c0      0x448 load address 0x0800d214
                0x240009c0                _sbss = .
                0x240009c0                __bss_start__ = _sbss
 *(.bss)
 .bss           0x240009c0       0x1c e:/environment/9 2019-q4-major/bin/../lib/gcc/arm-none-eabi/9.2.1/thumb/v7e-m+fp/hard/crtbegin.o
 *(.bss*)
 .bss.g_fac_us  0x240009dc        0x4 CMakeFiles/h750_blink.elf.dir/Core/Src/delay.c.obj
 .bss.P11.12771
                0x240009e0        0x8 CMakeFiles/h750_blink.elf.dir/Core/Src/kalman.c.obj
 .bss.kalman_adc_old1.12770
                0x240009e8        0x8 CMakeFiles/h750_blink.elf.dir/Core/Src/kalman.c.obj
 .bss.POINT_COLOR
                0x240009f0        0x2 CMakeFiles/h750_blink.elf.dir/Core/Src/lcd.c.obj
                0x240009f0                POINT_COLOR
 *fill*         0x240009f2        0x2 
 .bss.lcddev    0x240009f4        0xe CMakeFiles/h750_blink.elf.dir/Core/Src/lcd.c.obj
                0x240009f4                lcddev
 *fill*         0x24000a02        0x2 
 .bss.DataBuff  0x24000a04       0xc8 CMakeFiles/h750_blink.elf.dir/Core/Src/main.c.obj
                0x24000a04                DataBuff
 .bss.IMU_RxBuffer
                0x24000acc        0x4 CMakeFiles/h750_blink.elf.dir/Core/Src/main.c.obj
                0x24000acc                IMU_RxBuffer
 .bss.IMU_data  0x24000ad0        0x4 CMakeFiles/h750_blink.elf.dir/Core/Src/main.c.obj
                0x24000ad0                IMU_data
 .bss.QRCODE    0x24000ad4        0x6 CMakeFiles/h750_blink.elf.dir/Core/Src/main.c.obj
                0x24000ad4                QRCODE
 .bss.RxLine    0x24000ada        0x2 CMakeFiles/h750_blink.elf.dir/Core/Src/main.c.obj
                0x24000ada                RxLine
 .bss.USART1_RXbuff
                0x24000adc       0x14 CMakeFiles/h750_blink.elf.dir/Core/Src/main.c.obj
                0x24000adc                USART1_RXbuff
 .bss.X         0x24000af0        0x2 CMakeFiles/h750_blink.elf.dir/Core/Src/main.c.obj
                0x24000af0                X
 .bss.Y         0x24000af2        0x2 CMakeFiles/h750_blink.elf.dir/Core/Src/main.c.obj
                0x24000af2                Y
 .bss.code      0x24000af4        0x3 CMakeFiles/h750_blink.elf.dir/Core/Src/main.c.obj
                0x24000af4                code
 .bss.color     0x24000af7        0x1 CMakeFiles/h750_blink.elf.dir/Core/Src/main.c.obj
                0x24000af7                color
 .bss.error_k230_x
                0x24000af8        0x2 CMakeFiles/h750_blink.elf.dir/Core/Src/main.c.obj
                0x24000af8                error_k230_x
 *fill*         0x24000afa        0x2 
 .bss.k230_RxBuffer
                0x24000afc        0x1 CMakeFiles/h750_blink.elf.dir/Core/Src/main.c.obj
                0x24000afc                k230_RxBuffer
 .bss.motionflag
                0x24000afd        0x1 CMakeFiles/h750_blink.elf.dir/Core/Src/main.c.obj
                0x24000afd                motionflag
 .bss.r         0x24000afe        0x2 CMakeFiles/h750_blink.elf.dir/Core/Src/main.c.obj
                0x24000afe                r
 .bss.gHuart    0x24000b00        0x4 CMakeFiles/h750_blink.elf.dir/Core/Src/retarget.c.obj
                0x24000b00                gHuart
 .bss.temp1     0x24000b04        0x4 CMakeFiles/h750_blink.elf.dir/Core/Src/step_motor.c.obj
                0x24000b04                temp1
 .bss.__sbrk_heap_end
                0x24000b08        0x4 CMakeFiles/h750_blink.elf.dir/Core/Src/sysmem.c.obj
 .bss.htim2     0x24000b0c       0x4c CMakeFiles/h750_blink.elf.dir/Core/Src/tim.c.obj
                0x24000b0c                htim2
 .bss.huart1    0x24000b58       0x94 CMakeFiles/h750_blink.elf.dir/Core/Src/usart.c.obj
                0x24000b58                huart1
 .bss.huart3    0x24000bec       0x94 CMakeFiles/h750_blink.elf.dir/Core/Src/usart.c.obj
                0x24000bec                huart3
 .bss.huart4    0x24000c80       0x94 CMakeFiles/h750_blink.elf.dir/Core/Src/usart.c.obj
                0x24000c80                huart4
 .bss.huart5    0x24000d14       0x94 CMakeFiles/h750_blink.elf.dir/Core/Src/usart.c.obj
                0x24000d14                huart5
 .bss.uwTick    0x24000da8        0x4 CMakeFiles/h750_blink.elf.dir/Drivers/STM32H7xx_HAL_Driver/Src/stm32h7xx_hal.c.obj
                0x24000da8                uwTick
 .bss.__malloc_current_mallinfo
                0x24000dac       0x28 e:/environment/9 2019-q4-major/bin/../lib/gcc/arm-none-eabi/9.2.1/../../../../arm-none-eabi/lib/thumb/v7e-m+fp/hard\libg.a(lib_a-mallocr.o)
                0x24000dac                __malloc_current_mallinfo
 .bss.__malloc_max_sbrked_mem
                0x24000dd4        0x4 e:/environment/9 2019-q4-major/bin/../lib/gcc/arm-none-eabi/9.2.1/../../../../arm-none-eabi/lib/thumb/v7e-m+fp/hard\libg.a(lib_a-mallocr.o)
                0x24000dd4                __malloc_max_sbrked_mem
 .bss.__malloc_max_total_mem
                0x24000dd8        0x4 e:/environment/9 2019-q4-major/bin/../lib/gcc/arm-none-eabi/9.2.1/../../../../arm-none-eabi/lib/thumb/v7e-m+fp/hard\libg.a(lib_a-mallocr.o)
                0x24000dd8                __malloc_max_total_mem
 .bss.__malloc_top_pad
                0x24000ddc        0x4 e:/environment/9 2019-q4-major/bin/../lib/gcc/arm-none-eabi/9.2.1/../../../../arm-none-eabi/lib/thumb/v7e-m+fp/hard\libg.a(lib_a-mallocr.o)
                0x24000ddc                __malloc_top_pad
 *(COMMON)
 COMMON         0x24000de0       0x21 e:/environment/9 2019-q4-major/bin/../lib/gcc/arm-none-eabi/9.2.1/../../../../arm-none-eabi/lib/thumb/v7e-m+fp/hard\libg.a(lib_a-lock.o)
                0x24000de0                __lock___atexit_recursive_mutex
                0x24000de4                __lock___arc4random_mutex
                0x24000de8                __lock___env_recursive_mutex
                0x24000dec                __lock___sinit_recursive_mutex
                0x24000df0                __lock___malloc_recursive_mutex
                0x24000df4                __lock___at_quick_exit_mutex
                0x24000df8                __lock___dd_hash_mutex
                0x24000dfc                __lock___tz_mutex
                0x24000e00                __lock___sfp_recursive_mutex
 *fill*         0x24000e01        0x3 
 COMMON         0x24000e04        0x4 e:/environment/9 2019-q4-major/bin/../lib/gcc/arm-none-eabi/9.2.1/../../../../arm-none-eabi/lib/thumb/v7e-m+fp/hard\libg.a(lib_a-reent.o)
                0x24000e04                errno
                0x24000e08                . = ALIGN (0x4)
                0x24000e08                _ebss = .
                0x24000e08                __bss_end__ = _ebss

._user_heap_stack
                0x24000e08      0x600 load address 0x0800d214
                0x24000e08                . = ALIGN (0x8)
                [!provide]                PROVIDE (end = .)
                0x24000e08                PROVIDE (_end = .)
                0x24001008                . = (. + _Min_Heap_Size)
 *fill*         0x24000e08      0x200 
                0x24001408                . = (. + _Min_Stack_Size)
 *fill*         0x24001008      0x400 
                0x24001408                . = ALIGN (0x8)

/DISCARD/
 libc.a(*)
 libm.a(*)
 libgcc.a(*)

.ARM.attributes
                0x00000000       0x30
 *(.ARM.attributes)
 .ARM.attributes
                0x00000000       0x1e e:/environment/9 2019-q4-major/bin/../lib/gcc/arm-none-eabi/9.2.1/thumb/v7e-m+fp/hard/crti.o
 .ARM.attributes
                0x0000001e       0x34 e:/environment/9 2019-q4-major/bin/../lib/gcc/arm-none-eabi/9.2.1/thumb/v7e-m+fp/hard/crtbegin.o
 .ARM.attributes
                0x00000052       0x34 CMakeFiles/h750_blink.elf.dir/Core/Src/delay.c.obj
 .ARM.attributes
                0x00000086       0x34 CMakeFiles/h750_blink.elf.dir/Core/Src/gpio.c.obj
 .ARM.attributes
                0x000000ba       0x34 CMakeFiles/h750_blink.elf.dir/Core/Src/gui.c.obj
 .ARM.attributes
                0x000000ee       0x34 CMakeFiles/h750_blink.elf.dir/Core/Src/kalman.c.obj
 .ARM.attributes
                0x00000122       0x34 CMakeFiles/h750_blink.elf.dir/Core/Src/lcd.c.obj
 .ARM.attributes
                0x00000156       0x34 CMakeFiles/h750_blink.elf.dir/Core/Src/main.c.obj
 .ARM.attributes
                0x0000018a       0x34 CMakeFiles/h750_blink.elf.dir/Core/Src/retarget.c.obj
 .ARM.attributes
                0x000001be       0x34 CMakeFiles/h750_blink.elf.dir/Core/Src/ruanjianspi.c.obj
 .ARM.attributes
                0x000001f2       0x34 CMakeFiles/h750_blink.elf.dir/Core/Src/step_motor.c.obj
 .ARM.attributes
                0x00000226       0x34 CMakeFiles/h750_blink.elf.dir/Core/Src/stm32h7xx_hal_msp.c.obj
 .ARM.attributes
                0x0000025a       0x34 CMakeFiles/h750_blink.elf.dir/Core/Src/stm32h7xx_it.c.obj
 .ARM.attributes
                0x0000028e       0x34 CMakeFiles/h750_blink.elf.dir/Core/Src/sysmem.c.obj
 .ARM.attributes
                0x000002c2       0x34 CMakeFiles/h750_blink.elf.dir/Core/Src/system_stm32h7xx.c.obj
 .ARM.attributes
                0x000002f6       0x34 CMakeFiles/h750_blink.elf.dir/Core/Src/tim.c.obj
 .ARM.attributes
                0x0000032a       0x34 CMakeFiles/h750_blink.elf.dir/Core/Src/usart.c.obj
 .ARM.attributes
                0x0000035e       0x21 CMakeFiles/h750_blink.elf.dir/Core/Startup/startup_stm32h750vbtx.s.obj
 .ARM.attributes
                0x0000037f       0x34 CMakeFiles/h750_blink.elf.dir/Drivers/STM32H7xx_HAL_Driver/Src/stm32h7xx_hal.c.obj
 .ARM.attributes
                0x000003b3       0x34 CMakeFiles/h750_blink.elf.dir/Drivers/STM32H7xx_HAL_Driver/Src/stm32h7xx_hal_cortex.c.obj
 .ARM.attributes
                0x000003e7       0x34 CMakeFiles/h750_blink.elf.dir/Drivers/STM32H7xx_HAL_Driver/Src/stm32h7xx_hal_dma.c.obj
 .ARM.attributes
                0x0000041b       0x34 CMakeFiles/h750_blink.elf.dir/Drivers/STM32H7xx_HAL_Driver/Src/stm32h7xx_hal_gpio.c.obj
 .ARM.attributes
                0x0000044f       0x34 CMakeFiles/h750_blink.elf.dir/Drivers/STM32H7xx_HAL_Driver/Src/stm32h7xx_hal_pwr_ex.c.obj
 .ARM.attributes
                0x00000483       0x34 CMakeFiles/h750_blink.elf.dir/Drivers/STM32H7xx_HAL_Driver/Src/stm32h7xx_hal_rcc.c.obj
 .ARM.attributes
                0x000004b7       0x34 CMakeFiles/h750_blink.elf.dir/Drivers/STM32H7xx_HAL_Driver/Src/stm32h7xx_hal_rcc_ex.c.obj
 .ARM.attributes
                0x000004eb       0x34 CMakeFiles/h750_blink.elf.dir/Drivers/STM32H7xx_HAL_Driver/Src/stm32h7xx_hal_tim.c.obj
 .ARM.attributes
                0x0000051f       0x34 CMakeFiles/h750_blink.elf.dir/Drivers/STM32H7xx_HAL_Driver/Src/stm32h7xx_hal_tim_ex.c.obj
 .ARM.attributes
                0x00000553       0x34 CMakeFiles/h750_blink.elf.dir/Drivers/STM32H7xx_HAL_Driver/Src/stm32h7xx_hal_uart.c.obj
 .ARM.attributes
                0x00000587       0x34 CMakeFiles/h750_blink.elf.dir/Drivers/STM32H7xx_HAL_Driver/Src/stm32h7xx_hal_uart_ex.c.obj
 .ARM.attributes
                0x000005bb       0x1e e:/environment/9 2019-q4-major/bin/../lib/gcc/arm-none-eabi/9.2.1/thumb/v7e-m+fp/hard\libgcc.a(_arm_addsubdf3.o)
 .ARM.attributes
                0x000005d9       0x1e e:/environment/9 2019-q4-major/bin/../lib/gcc/arm-none-eabi/9.2.1/thumb/v7e-m+fp/hard\libgcc.a(_arm_muldivdf3.o)
 .ARM.attributes
                0x000005f7       0x1e e:/environment/9 2019-q4-major/bin/../lib/gcc/arm-none-eabi/9.2.1/thumb/v7e-m+fp/hard\libgcc.a(_arm_cmpdf2.o)
 .ARM.attributes
                0x00000615       0x1e e:/environment/9 2019-q4-major/bin/../lib/gcc/arm-none-eabi/9.2.1/thumb/v7e-m+fp/hard\libgcc.a(_arm_fixdfsi.o)
 .ARM.attributes
                0x00000633       0x1e e:/environment/9 2019-q4-major/bin/../lib/gcc/arm-none-eabi/9.2.1/thumb/v7e-m+fp/hard\libgcc.a(_aeabi_uldivmod.o)
 .ARM.attributes
                0x00000651       0x34 e:/environment/9 2019-q4-major/bin/../lib/gcc/arm-none-eabi/9.2.1/thumb/v7e-m+fp/hard\libgcc.a(_udivmoddi4.o)
 .ARM.attributes
                0x00000685       0x1e e:/environment/9 2019-q4-major/bin/../lib/gcc/arm-none-eabi/9.2.1/thumb/v7e-m+fp/hard\libgcc.a(_dvmd_tls.o)
 .ARM.attributes
                0x000006a3       0x34 e:/environment/9 2019-q4-major/bin/../lib/gcc/arm-none-eabi/9.2.1/../../../../arm-none-eabi/lib/thumb/v7e-m+fp/hard\libg.a(lib_a-errno.o)
 .ARM.attributes
                0x000006d7       0x32 e:/environment/9 2019-q4-major/bin/../lib/gcc/arm-none-eabi/9.2.1/../../../../arm-none-eabi/lib/thumb/v7e-m+fp/hard\libg.a(lib_a-impure.o)
 .ARM.attributes
                0x00000709       0x34 e:/environment/9 2019-q4-major/bin/../lib/gcc/arm-none-eabi/9.2.1/../../../../arm-none-eabi/lib/thumb/v7e-m+fp/hard\libg.a(lib_a-init.o)
 .ARM.attributes
                0x0000073d       0x34 e:/environment/9 2019-q4-major/bin/../lib/gcc/arm-none-eabi/9.2.1/../../../../arm-none-eabi/lib/thumb/v7e-m+fp/hard\libg.a(lib_a-memset.o)
 .ARM.attributes
                0x00000771       0x34 e:/environment/9 2019-q4-major/bin/../lib/gcc/arm-none-eabi/9.2.1/../../../../arm-none-eabi/lib/thumb/v7e-m+fp/hard\libg.a(lib_a-printf.o)
 .ARM.attributes
                0x000007a5       0x34 e:/environment/9 2019-q4-major/bin/../lib/gcc/arm-none-eabi/9.2.1/../../../../arm-none-eabi/lib/thumb/v7e-m+fp/hard\libg.a(lib_a-setvbuf.o)
 .ARM.attributes
                0x000007d9       0x1c e:/environment/9 2019-q4-major/bin/../lib/gcc/arm-none-eabi/9.2.1/../../../../arm-none-eabi/lib/thumb/v7e-m+fp/hard\libg.a(lib_a-strlen.o)
 .ARM.attributes
                0x000007f5       0x34 e:/environment/9 2019-q4-major/bin/../lib/gcc/arm-none-eabi/9.2.1/../../../../arm-none-eabi/lib/thumb/v7e-m+fp/hard\libg.a(lib_a-vfprintf.o)
 .ARM.attributes
                0x00000829       0x34 e:/environment/9 2019-q4-major/bin/../lib/gcc/arm-none-eabi/9.2.1/../../../../arm-none-eabi/lib/thumb/v7e-m+fp/hard\libg.a(lib_a-wsetup.o)
 .ARM.attributes
                0x0000085d       0x34 e:/environment/9 2019-q4-major/bin/../lib/gcc/arm-none-eabi/9.2.1/../../../../arm-none-eabi/lib/thumb/v7e-m+fp/hard\libg.a(lib_a-__call_atexit.o)
 .ARM.attributes
                0x00000891       0x34 e:/environment/9 2019-q4-major/bin/../lib/gcc/arm-none-eabi/9.2.1/../../../../arm-none-eabi/lib/thumb/v7e-m+fp/hard\libg.a(lib_a-atexit.o)
 .ARM.attributes
                0x000008c5       0x34 e:/environment/9 2019-q4-major/bin/../lib/gcc/arm-none-eabi/9.2.1/../../../../arm-none-eabi/lib/thumb/v7e-m+fp/hard\libg.a(lib_a-dtoa.o)
 .ARM.attributes
                0x000008f9       0x34 e:/environment/9 2019-q4-major/bin/../lib/gcc/arm-none-eabi/9.2.1/../../../../arm-none-eabi/lib/thumb/v7e-m+fp/hard\libg.a(lib_a-fflush.o)
 .ARM.attributes
                0x0000092d       0x34 e:/environment/9 2019-q4-major/bin/../lib/gcc/arm-none-eabi/9.2.1/../../../../arm-none-eabi/lib/thumb/v7e-m+fp/hard\libg.a(lib_a-findfp.o)
 .ARM.attributes
                0x00000961       0x34 e:/environment/9 2019-q4-major/bin/../lib/gcc/arm-none-eabi/9.2.1/../../../../arm-none-eabi/lib/thumb/v7e-m+fp/hard\libg.a(lib_a-fini.o)
 .ARM.attributes
                0x00000995       0x34 e:/environment/9 2019-q4-major/bin/../lib/gcc/arm-none-eabi/9.2.1/../../../../arm-none-eabi/lib/thumb/v7e-m+fp/hard\libg.a(lib_a-freer.o)
 .ARM.attributes
                0x000009c9       0x34 e:/environment/9 2019-q4-major/bin/../lib/gcc/arm-none-eabi/9.2.1/../../../../arm-none-eabi/lib/thumb/v7e-m+fp/hard\libg.a(lib_a-fwalk.o)
 .ARM.attributes
                0x000009fd       0x34 e:/environment/9 2019-q4-major/bin/../lib/gcc/arm-none-eabi/9.2.1/../../../../arm-none-eabi/lib/thumb/v7e-m+fp/hard\libg.a(lib_a-localeconv.o)
 .ARM.attributes
                0x00000a31       0x34 e:/environment/9 2019-q4-major/bin/../lib/gcc/arm-none-eabi/9.2.1/../../../../arm-none-eabi/lib/thumb/v7e-m+fp/hard\libg.a(lib_a-lock.o)
 .ARM.attributes
                0x00000a65       0x34 e:/environment/9 2019-q4-major/bin/../lib/gcc/arm-none-eabi/9.2.1/../../../../arm-none-eabi/lib/thumb/v7e-m+fp/hard\libg.a(lib_a-makebuf.o)
 .ARM.attributes
                0x00000a99       0x34 e:/environment/9 2019-q4-major/bin/../lib/gcc/arm-none-eabi/9.2.1/../../../../arm-none-eabi/lib/thumb/v7e-m+fp/hard\libg.a(lib_a-malloc.o)
 .ARM.attributes
                0x00000acd       0x34 e:/environment/9 2019-q4-major/bin/../lib/gcc/arm-none-eabi/9.2.1/../../../../arm-none-eabi/lib/thumb/v7e-m+fp/hard\libg.a(lib_a-mallocr.o)
 .ARM.attributes
                0x00000b01       0x1c e:/environment/9 2019-q4-major/bin/../lib/gcc/arm-none-eabi/9.2.1/../../../../arm-none-eabi/lib/thumb/v7e-m+fp/hard\libg.a(lib_a-memchr.o)
 .ARM.attributes
                0x00000b1d       0x1c e:/environment/9 2019-q4-major/bin/../lib/gcc/arm-none-eabi/9.2.1/../../../../arm-none-eabi/lib/thumb/v7e-m+fp/hard\libg.a(lib_a-memcpy.o)
 .ARM.attributes
                0x00000b39       0x34 e:/environment/9 2019-q4-major/bin/../lib/gcc/arm-none-eabi/9.2.1/../../../../arm-none-eabi/lib/thumb/v7e-m+fp/hard\libg.a(lib_a-mlock.o)
 .ARM.attributes
                0x00000b6d       0x34 e:/environment/9 2019-q4-major/bin/../lib/gcc/arm-none-eabi/9.2.1/../../../../arm-none-eabi/lib/thumb/v7e-m+fp/hard\libg.a(lib_a-mprec.o)
 .ARM.attributes
                0x00000ba1       0x34 e:/environment/9 2019-q4-major/bin/../lib/gcc/arm-none-eabi/9.2.1/../../../../arm-none-eabi/lib/thumb/v7e-m+fp/hard\libg.a(lib_a-s_frexp.o)
 .ARM.attributes
                0x00000bd5       0x34 e:/environment/9 2019-q4-major/bin/../lib/gcc/arm-none-eabi/9.2.1/../../../../arm-none-eabi/lib/thumb/v7e-m+fp/hard\libg.a(lib_a-sbrkr.o)
 .ARM.attributes
                0x00000c09       0x34 e:/environment/9 2019-q4-major/bin/../lib/gcc/arm-none-eabi/9.2.1/../../../../arm-none-eabi/lib/thumb/v7e-m+fp/hard\libg.a(lib_a-stdio.o)
 .ARM.attributes
                0x00000c3d       0x34 e:/environment/9 2019-q4-major/bin/../lib/gcc/arm-none-eabi/9.2.1/../../../../arm-none-eabi/lib/thumb/v7e-m+fp/hard\libg.a(lib_a-strncpy.o)
 .ARM.attributes
                0x00000c71       0x34 e:/environment/9 2019-q4-major/bin/../lib/gcc/arm-none-eabi/9.2.1/../../../../arm-none-eabi/lib/thumb/v7e-m+fp/hard\libg.a(lib_a-vfiprintf.o)
 .ARM.attributes
                0x00000ca5       0x34 e:/environment/9 2019-q4-major/bin/../lib/gcc/arm-none-eabi/9.2.1/../../../../arm-none-eabi/lib/thumb/v7e-m+fp/hard\libg.a(lib_a-writer.o)
 .ARM.attributes
                0x00000cd9       0x34 e:/environment/9 2019-q4-major/bin/../lib/gcc/arm-none-eabi/9.2.1/../../../../arm-none-eabi/lib/thumb/v7e-m+fp/hard\libg.a(lib_a-__atexit.o)
 .ARM.attributes
                0x00000d0d       0x34 e:/environment/9 2019-q4-major/bin/../lib/gcc/arm-none-eabi/9.2.1/../../../../arm-none-eabi/lib/thumb/v7e-m+fp/hard\libg.a(lib_a-callocr.o)
 .ARM.attributes
                0x00000d41       0x34 e:/environment/9 2019-q4-major/bin/../lib/gcc/arm-none-eabi/9.2.1/../../../../arm-none-eabi/lib/thumb/v7e-m+fp/hard\libg.a(lib_a-closer.o)
 .ARM.attributes
                0x00000d75       0x34 e:/environment/9 2019-q4-major/bin/../lib/gcc/arm-none-eabi/9.2.1/../../../../arm-none-eabi/lib/thumb/v7e-m+fp/hard\libg.a(lib_a-fclose.o)
 .ARM.attributes
                0x00000da9       0x34 e:/environment/9 2019-q4-major/bin/../lib/gcc/arm-none-eabi/9.2.1/../../../../arm-none-eabi/lib/thumb/v7e-m+fp/hard\libg.a(lib_a-fputwc.o)
 .ARM.attributes
                0x00000ddd       0x34 e:/environment/9 2019-q4-major/bin/../lib/gcc/arm-none-eabi/9.2.1/../../../../arm-none-eabi/lib/thumb/v7e-m+fp/hard\libg.a(lib_a-fstatr.o)
 .ARM.attributes
                0x00000e11       0x34 e:/environment/9 2019-q4-major/bin/../lib/gcc/arm-none-eabi/9.2.1/../../../../arm-none-eabi/lib/thumb/v7e-m+fp/hard\libg.a(lib_a-fvwrite.o)
 .ARM.attributes
                0x00000e45       0x34 e:/environment/9 2019-q4-major/bin/../lib/gcc/arm-none-eabi/9.2.1/../../../../arm-none-eabi/lib/thumb/v7e-m+fp/hard\libg.a(lib_a-isattyr.o)
 .ARM.attributes
                0x00000e79       0x34 e:/environment/9 2019-q4-major/bin/../lib/gcc/arm-none-eabi/9.2.1/../../../../arm-none-eabi/lib/thumb/v7e-m+fp/hard\libg.a(lib_a-locale.o)
 .ARM.attributes
                0x00000ead       0x34 e:/environment/9 2019-q4-major/bin/../lib/gcc/arm-none-eabi/9.2.1/../../../../arm-none-eabi/lib/thumb/v7e-m+fp/hard\libg.a(lib_a-lseekr.o)
 .ARM.attributes
                0x00000ee1       0x34 e:/environment/9 2019-q4-major/bin/../lib/gcc/arm-none-eabi/9.2.1/../../../../arm-none-eabi/lib/thumb/v7e-m+fp/hard\libg.a(lib_a-mbtowc_r.o)
 .ARM.attributes
                0x00000f15       0x34 e:/environment/9 2019-q4-major/bin/../lib/gcc/arm-none-eabi/9.2.1/../../../../arm-none-eabi/lib/thumb/v7e-m+fp/hard\libg.a(lib_a-memmove.o)
 .ARM.attributes
                0x00000f49       0x34 e:/environment/9 2019-q4-major/bin/../lib/gcc/arm-none-eabi/9.2.1/../../../../arm-none-eabi/lib/thumb/v7e-m+fp/hard\libg.a(lib_a-readr.o)
 .ARM.attributes
                0x00000f7d       0x34 e:/environment/9 2019-q4-major/bin/../lib/gcc/arm-none-eabi/9.2.1/../../../../arm-none-eabi/lib/thumb/v7e-m+fp/hard\libg.a(lib_a-reallocr.o)
 .ARM.attributes
                0x00000fb1       0x34 e:/environment/9 2019-q4-major/bin/../lib/gcc/arm-none-eabi/9.2.1/../../../../arm-none-eabi/lib/thumb/v7e-m+fp/hard\libg.a(lib_a-reent.o)
 .ARM.attributes
                0x00000fe5       0x34 e:/environment/9 2019-q4-major/bin/../lib/gcc/arm-none-eabi/9.2.1/../../../../arm-none-eabi/lib/thumb/v7e-m+fp/hard\libg.a(lib_a-wbuf.o)
 .ARM.attributes
                0x00001019       0x34 e:/environment/9 2019-q4-major/bin/../lib/gcc/arm-none-eabi/9.2.1/../../../../arm-none-eabi/lib/thumb/v7e-m+fp/hard\libg.a(lib_a-wcrtomb.o)
 .ARM.attributes
                0x0000104d       0x34 e:/environment/9 2019-q4-major/bin/../lib/gcc/arm-none-eabi/9.2.1/../../../../arm-none-eabi/lib/thumb/v7e-m+fp/hard\libg.a(lib_a-wctomb_r.o)
 .ARM.attributes
                0x00001081       0x32 e:/environment/9 2019-q4-major/bin/../lib/gcc/arm-none-eabi/9.2.1/../../../../arm-none-eabi/lib/thumb/v7e-m+fp/hard\libg.a(lib_a-ctype_.o)
 .ARM.attributes
                0x000010b3       0x1e e:/environment/9 2019-q4-major/bin/../lib/gcc/arm-none-eabi/9.2.1/thumb/v7e-m+fp/hard\libgcc.a(_arm_unorddf2.o)
 .ARM.attributes
                0x000010d1       0x1e e:/environment/9 2019-q4-major/bin/../lib/gcc/arm-none-eabi/9.2.1/thumb/v7e-m+fp/hard/crtn.o
OUTPUT(h750_blink.elf elf32-littlearm)

.debug_info     0x00000000    0x36953
 .debug_info    0x00000000      0xde2 CMakeFiles/h750_blink.elf.dir/Core/Src/delay.c.obj
 .debug_info    0x00000de2     0x1374 CMakeFiles/h750_blink.elf.dir/Core/Src/gpio.c.obj
 .debug_info    0x00002156     0x2442 CMakeFiles/h750_blink.elf.dir/Core/Src/gui.c.obj
 .debug_info    0x00004598      0xdf3 CMakeFiles/h750_blink.elf.dir/Core/Src/kalman.c.obj
 .debug_info    0x0000538b     0x189a CMakeFiles/h750_blink.elf.dir/Core/Src/lcd.c.obj
 .debug_info    0x00006c25     0x3ac6 CMakeFiles/h750_blink.elf.dir/Core/Src/main.c.obj
 .debug_info    0x0000a6eb     0x1760 CMakeFiles/h750_blink.elf.dir/Core/Src/retarget.c.obj
 .debug_info    0x0000be4b      0xd3f CMakeFiles/h750_blink.elf.dir/Core/Src/ruanjianspi.c.obj
 .debug_info    0x0000cb8a     0x4309 CMakeFiles/h750_blink.elf.dir/Core/Src/step_motor.c.obj
 .debug_info    0x00010e93     0x1056 CMakeFiles/h750_blink.elf.dir/Core/Src/stm32h7xx_hal_msp.c.obj
 .debug_info    0x00011ee9     0x1431 CMakeFiles/h750_blink.elf.dir/Core/Src/stm32h7xx_it.c.obj
 .debug_info    0x0001331a      0xa3a CMakeFiles/h750_blink.elf.dir/Core/Src/sysmem.c.obj
 .debug_info    0x00013d54     0x17bc CMakeFiles/h750_blink.elf.dir/Core/Src/system_stm32h7xx.c.obj
 .debug_info    0x00015510     0x1af7 CMakeFiles/h750_blink.elf.dir/Core/Src/tim.c.obj
 .debug_info    0x00017007     0x2593 CMakeFiles/h750_blink.elf.dir/Core/Src/usart.c.obj
 .debug_info    0x0001959a       0x22 CMakeFiles/h750_blink.elf.dir/Core/Startup/startup_stm32h750vbtx.s.obj
 .debug_info    0x000195bc     0x20d8 CMakeFiles/h750_blink.elf.dir/Drivers/STM32H7xx_HAL_Driver/Src/stm32h7xx_hal.c.obj
 .debug_info    0x0001b694     0x1ef0 CMakeFiles/h750_blink.elf.dir/Drivers/STM32H7xx_HAL_Driver/Src/stm32h7xx_hal_cortex.c.obj
 .debug_info    0x0001d584     0x1a7b CMakeFiles/h750_blink.elf.dir/Drivers/STM32H7xx_HAL_Driver/Src/stm32h7xx_hal_dma.c.obj
 .debug_info    0x0001efff     0x1830 CMakeFiles/h750_blink.elf.dir/Drivers/STM32H7xx_HAL_Driver/Src/stm32h7xx_hal_gpio.c.obj
 .debug_info    0x0002082f     0x1cf8 CMakeFiles/h750_blink.elf.dir/Drivers/STM32H7xx_HAL_Driver/Src/stm32h7xx_hal_pwr_ex.c.obj
 .debug_info    0x00022527     0x1c97 CMakeFiles/h750_blink.elf.dir/Drivers/STM32H7xx_HAL_Driver/Src/stm32h7xx_hal_rcc.c.obj
 .debug_info    0x000241be     0x2556 CMakeFiles/h750_blink.elf.dir/Drivers/STM32H7xx_HAL_Driver/Src/stm32h7xx_hal_rcc_ex.c.obj
 .debug_info    0x00026714     0x4abf CMakeFiles/h750_blink.elf.dir/Drivers/STM32H7xx_HAL_Driver/Src/stm32h7xx_hal_tim.c.obj
 .debug_info    0x0002b1d3     0x2916 CMakeFiles/h750_blink.elf.dir/Drivers/STM32H7xx_HAL_Driver/Src/stm32h7xx_hal_tim_ex.c.obj
 .debug_info    0x0002dae9     0x7190 CMakeFiles/h750_blink.elf.dir/Drivers/STM32H7xx_HAL_Driver/Src/stm32h7xx_hal_uart.c.obj
 .debug_info    0x00034c79     0x1cda CMakeFiles/h750_blink.elf.dir/Drivers/STM32H7xx_HAL_Driver/Src/stm32h7xx_hal_uart_ex.c.obj

.debug_abbrev   0x00000000     0x525d
 .debug_abbrev  0x00000000      0x2bd CMakeFiles/h750_blink.elf.dir/Core/Src/delay.c.obj